../Core/Src/Control_IC.c:130:6:Control_IC_begin	4	static
../Core/Src/Control_IC.c:144:6:shift_out	24	static
../Core/Src/Control_IC.c:158:6:Write_data	24	static
../Core/Src/Control_IC.c:172:6:Latch_IC_begin	8	static
../Core/Src/Control_IC.c:192:6:Control_Vcc_pin	16	static
../Core/Src/Control_IC.c:206:6:compute_outputLatchIC	24	static
../Core/Src/Control_IC.c:243:6:WritePin_ICTest	32	static
../Core/Src/Control_IC.c:258:6:WritePin_float_ICTest	32	static
../Core/Src/Control_IC.c:266:6:WritePin_Ron	16	static
../Core/Src/Control_IC.c:275:6:WritePin_CurrentLeakage	16	static
../Core/Src/Control_IC.c:281:6:TurnOn_short_circuit	16	static
../Core/Src/Control_IC.c:289:6:TurnOff_short_circuit	16	static
../Core/Src/Control_IC.c:297:6:ReadPin_IC_test	32	static
../Core/Src/Control_IC.c:331:6:Read_ADC_IC_test	40	static
../Core/Src/Control_IC.c:362:9:convert_character_input	16	static
../Core/Src/Control_IC.c:383:9:convert_data_compare	16	static
../Core/Src/Control_IC.c:398:6:convert_data_test	40	static
