../Core/Src/Control_IC.c:127:6:Control_IC_begin	4	static
../Core/Src/Control_IC.c:141:6:shift_out	24	static
../Core/Src/Control_IC.c:155:6:Write_data	24	static
../Core/Src/Control_IC.c:169:6:Latch_IC_begin	8	static
../Core/Src/Control_IC.c:189:6:Control_Vcc_pin	16	static
../Core/Src/Control_IC.c:203:6:compute_outputLatchIC	24	static
../Core/Src/Control_IC.c:242:6:WritePin_ICTest	32	static
../Core/Src/Control_IC.c:257:6:WritePin_float_ICTest	32	static
../Core/Src/Control_IC.c:265:6:WritePin_Ron	16	static
../Core/Src/Control_IC.c:274:6:WritePin_CurrentLeakage	16	static
../Core/Src/Control_IC.c:280:6:ReadPin_IC_test	32	static
../Core/Src/Control_IC.c:304:6:Read_ADC_IC_test	40	static
../Core/Src/Control_IC.c:335:6:Control_ADC_pin	16	static
../Core/Src/Control_IC.c:339:6:Control_Input_IC_Test	24	static
../Core/Src/Control_IC.c:353:6:Control_Output_IC_Test	32	static
