../Core/Src/Control_IC.c:130:6:Control_IC_begin	4	static
../Core/Src/Control_IC.c:151:6:Latch_IC_begin	8	static
../Core/Src/Control_IC.c:171:6:reset_TXS	8	static
../Core/Src/Control_IC.c:177:6:Control_Vcc_pin	16	static
../Core/Src/Control_IC.c:191:6:compute_outputLatchIC	24	static
../Core/Src/Control_IC.c:226:6:shift_out	24	static
../Core/Src/Control_IC.c:241:6:Write_data	24	static
../Core/Src/Control_IC.c:252:6:WritePin_ICTest	32	static
../Core/Src/Control_IC.c:267:6:WritePin_float_ICTest	32	static
../Core/Src/Control_IC.c:275:6:WritePin_Ron	16	static
../Core/Src/Control_IC.c:284:6:WritePin_CurrentLeakage	16	static
../Core/Src/Control_IC.c:290:6:TurnOn_short_circuit	16	static
../Core/Src/Control_IC.c:298:6:TurnOff_short_circuit	16	static
../Core/Src/Control_IC.c:306:6:ReadPin_IC_test	48	static
../Core/Src/Control_IC.c:346:6:Read_ADC_IC_test	40	static
../Core/Src/Control_IC.c:379:9:convert_data_compare	16	static
../Core/Src/Control_IC.c:394:9:convert_character_input	16	static
../Core/Src/Control_IC.c:420:6:convert_data_test	40	static
../Core/Src/Control_IC.c:447:6:has_clock_transition	24	static
../Core/Src/Control_IC.c:456:6:convert_data_test_first_state	40	static
../Core/Src/Control_IC.c:504:6:convert_data_test_second_state	40	static
