../Core/Src/Control_IC.c:130:6:Control_IC_begin	4	static
../Core/Src/Control_IC.c:144:6:shift_out	24	static
../Core/Src/Control_IC.c:158:6:Write_data	24	static
../Core/Src/Control_IC.c:172:6:Latch_IC_begin	8	static
../Core/Src/Control_IC.c:192:6:Control_Vcc_pin	16	static
../Core/Src/Control_IC.c:206:6:compute_outputLatchIC	24	static
../Core/Src/Control_IC.c:245:6:WritePin_ICTest	32	static
../Core/Src/Control_IC.c:260:6:WritePin_float_ICTest	32	static
../Core/Src/Control_IC.c:268:6:WritePin_Ron	16	static
../Core/Src/Control_IC.c:277:6:WritePin_CurrentLeakage	16	static
../Core/Src/Control_IC.c:283:6:ReadPin_IC_test	32	static
../Core/Src/Control_IC.c:307:6:Read_ADC_IC_test	40	static
../Core/Src/Control_IC.c:338:6:Control_ADC_pin	16	static
../Core/Src/Control_IC.c:342:6:Control_Input_IC_Test	24	static
../Core/Src/Control_IC.c:356:6:Control_Output_IC_Test	32	static
../Core/Src/Control_IC.c:383:9:convert_character_input	16	static
../Core/Src/Control_IC.c:404:6:convert_data_test	40	static
