../Drivers/CMSIS/Include/core_cm4.h:2064:26:ITM_SendChar	16	static,ignoring_inline_asm
../Core/Src/main.c:135:5:main	1168	static
../Core/Src/main.c:483:6:SystemClock_Config	88	static
../Core/Src/main.c:530:13:MX_CAN1_Init	48	static
../Core/Src/main.c:604:13:MX_I2C1_Init	8	static
../Core/Src/main.c:638:13:MX_TIM1_Init	32	static
../Core/Src/main.c:684:13:MX_USART1_UART_Init	8	static
../Core/Src/main.c:717:13:MX_USART2_UART_Init	8	static
../Core/Src/main.c:750:13:MX_GPIO_Init	56	static
../Core/Src/main.c:851:6:HAL_UARTEx_RxEventCallback	16	static
../Core/Src/main.c:865:6:HAL_CAN_RxFifo0MsgPendingCallback	520	static
../Core/Src/main.c:898:5:_write	32	static
../Core/Src/main.c:908:6:delay_us	16	static
../Core/Src/main.c:915:5:isotp_user_send_can	24	static
../Core/Src/main.c:930:10:isotp_user_get_ms	8	static
../Core/Src/main.c:934:6:isotp_user_debug	4	static
../Core/Src/main.c:945:6:Error_Handler	4	static,ignoring_inline_asm
