../app/Screen.c:67:6:Screen_begin	16	static
../app/Screen.c:103:6:Screen_RX_data	16	static
../app/Screen.c:107:6:Screen_RX_Callback	24	static
../app/Screen.c:124:6:Navigation_setting_page	16	static
../app/Screen.c:129:6:Navigation_home_page	24	static
../app/Screen.c:140:6:Navigation_return	16	static
../app/Screen.c:150:6:Navigation_setting_program	16	static
../app/Screen.c:161:6:Navigation_setting_time	16	static
../app/Screen.c:167:6:Navigation_setting_wifi	24	static
../app/Screen.c:175:6:Navigation_modify_program	24	static
../app/Screen.c:184:6:Navigation_detail_mainpage	16	static
../app/Screen.c:193:6:Navigation_graph_mainpage	16	static
../app/Screen.c:200:6:Navigation_Change_MainPage	24	static
../app/Screen.c:218:6:Navigation_Change_CaseTest	64	static
../app/Screen.c:242:6:Navigation_Change_CasePulse	16	static
../app/Screen.c:256:6:Navigation_Finish_Review	568	static
../app/Screen.c:314:6:Navigation_Information	16	static
../app/Screen.c:320:6:Navigation_Logging	16	static
../app/Screen.c:326:6:Navigation_Next_PrevPage	16	static
../app/Screen.c:330:6:ON_OFF_Button	544	static
../app/Screen.c:378:6:select_running_program	24	static
../app/Screen.c:385:6:select_modify_program	40	static
../app/Screen.c:409:6:Navigation_num_keyboard	16	static
../app/Screen.c:424:6:Navigation_full_keyboard	16	static
../app/Screen.c:438:6:Save_Information	304	static
../app/Screen.c:528:6:Enter_password	64	dynamic
../app/Screen.c:570:6:Enter_num_keyboard	32	static
../app/Screen.c:608:6:Keyboard	16	static
../app/Screen.c:649:9:Index_VP	32	static
../app/Screen.c:668:6:Screen_init_handler_table	16	static
../app/Screen.c:721:6:Screen_excute_RX_function	24	static
../app/Screen.c:740:15:Screen_CheckInput_Keyboard	80	dynamic
../app/Screen.c:770:13:Screen_GetIcon_Pin	160	static
../app/Screen.c:796:13:Screen_GetIcon_Result	160	static
../app/Screen.c:816:13:Screen_Init_Variable	80	static
../app/Screen.c:908:13:Screen_ShowData_Mainpage	80	static
../app/Screen.c:948:13:Screen_SetInfo_Pin	32	static
../app/Screen.c:966:13:get_data_testing_ic	328	static
../app/Screen.c:1048:13:show_text_short_circuit	328	dynamic
../app/Screen.c:1081:13:show_text_function_test	392	dynamic
../app/Screen.c:1130:13:get_text_result	32	static
../app/Screen.c:1161:13:compelte_testing	408	static
../app/Screen.c:1202:13:off_testing	40	static
../app/Screen.c:1244:13:show_pulse	1152	dynamic
../app/Screen.c:1331:6:show_main_page	600	static
../app/Screen.c:1412:6:get_data_testing_finish	304	static
../app/Screen.c:1445:6:warning_page	112	static
