../app/Screen.c:78:6:Screen_begin	16	static
../app/Screen.c:115:6:Screen_RX_data	16	static
../app/Screen.c:119:6:Screen_RX_Callback	24	static
../app/Screen.c:136:6:Navigation_setting_page	16	static
../app/Screen.c:145:6:Navigation_home_page	16	static
../app/Screen.c:156:6:Navigation_return	40	static
../app/Screen.c:177:6:Navigation_setting_program	16	static
../app/Screen.c:190:6:Navigation_setting_time	16	static
../app/Screen.c:209:6:Navigation_setting_wifi	24	static
../app/Screen.c:218:6:Navigation_modify_program	24	static
../app/Screen.c:230:6:Navigation_detail_mainpage	16	static
../app/Screen.c:239:6:Navigation_graph_mainpage	16	static
../app/Screen.c:246:6:Navigation_Change_MainPage	24	static
../app/Screen.c:264:6:Navigation_Change_CaseTest	64	static
../app/Screen.c:293:6:Navigation_Change_CasePulse	16	static
../app/Screen.c:307:6:Navigation_Finish_Review	576	static
../app/Screen.c:384:6:Navigation_Information	16	static
../app/Screen.c:390:6:Navigation_Logging	32	static
../app/Screen.c:403:6:Navigation_Change_DataLog	32	static
../app/Screen.c:429:6:Navigation_Shutdown	16	static
../app/Screen.c:441:6:Navigation_Next_PrevPage	16	static
../app/Screen.c:445:6:ON_OFF_Button	544	static
../app/Screen.c:506:6:select_running_program	24	static
../app/Screen.c:513:6:select_modify_program	40	static
../app/Screen.c:537:6:Navigation_num_keyboard	32	static
../app/Screen.c:556:6:Navigation_full_keyboard	16	static
../app/Screen.c:571:6:Save_Information	304	static
../app/Screen.c:668:6:Enter_password	64	dynamic
../app/Screen.c:710:6:Enter_num_keyboard	32	static
../app/Screen.c:781:6:Enter_setting_time	48	static
../app/Screen.c:798:6:Enter_setting_wifi	312	static
../app/Screen.c:834:6:Keyboard	16	static
../app/Screen.c:878:9:Index_VP	32	static
../app/Screen.c:897:6:Screen_init_handler_table	16	static
../app/Screen.c:954:6:Screen_excute_RX_function	24	static
../app/Screen.c:973:15:Screen_CheckInput_Keyboard	88	dynamic
../app/Screen.c:1007:13:Screen_GetIcon_Pin	160	static
../app/Screen.c:1033:13:Screen_GetIcon_Result	160	static
../app/Screen.c:1051:13:Screen_Init_Variable	512	static
../app/Screen.c:1218:13:Screen_ShowData_Mainpage	80	static
../app/Screen.c:1259:13:Screen_SetInfo_Pin	32	static
../app/Screen.c:1277:13:get_data_testing_ic	336	static
../app/Screen.c:1388:13:show_text_short_circuit	328	dynamic
../app/Screen.c:1421:13:show_text_function_test	392	dynamic
../app/Screen.c:1470:13:get_text_result	32	static
../app/Screen.c:1501:13:compelte_testing	608	static
../app/Screen.c:1546:13:off_testing	16	static
../app/Screen.c:1575:13:show_pulse	368	dynamic
../app/Screen.c:1690:6:show_main_page	600	static
../app/Screen.c:1777:6:get_data_testing_finish	304	static
../app/Screen.c:1810:6:warning_page	112	static
../app/Screen.c:1819:6:get_input_keyboard	16	static
../app/Screen.c:1844:6:updata_data_program_from_app	128	dynamic
../app/Screen.c:1926:6:shutdown	8	static
