../app/Screen.c:60:6:Screen_begin	16	static
../app/Screen.c:149:6:Screen_RX_data	16	static
../app/Screen.c:153:6:Screen_RX_Callback	24	static
../app/Screen.c:170:6:Navigation_setting_page	16	static
../app/Screen.c:175:6:Navigation_home_page	24	static
../app/Screen.c:185:6:Navigation_setting_program	16	static
../app/Screen.c:196:6:Navigation_setting_time	16	static
../app/Screen.c:202:6:Navigation_setting_wifi	24	static
../app/Screen.c:210:6:Navigation_modify_program	24	static
../app/Screen.c:219:6:Navigation_Change_MainPage	24	static
../app/Screen.c:255:6:Navigation_Change_CaseTest	64	static
../app/Screen.c:277:6:Navigation_Next_PrevPage	16	static
../app/Screen.c:281:6:ON_OFF_Button	224	static
../app/Screen.c:297:6:select_running_program	24	static
../app/Screen.c:304:6:select_modify_program	40	static
../app/Screen.c:325:6:Navigation_num_keyboard	16	static
../app/Screen.c:344:6:Navigation_full_keyboard	16	static
../app/Screen.c:358:6:Save_Information	16	static
../app/Screen.c:362:6:Enter_password	56	dynamic
../app/Screen.c:377:6:Enter_num_keyboard	24	static
../app/Screen.c:402:6:Keyboard	16	static
../app/Screen.c:443:9:Index_VP	32	static
../app/Screen.c:462:6:Screen_init_handler_table	16	static
../app/Screen.c:508:6:Screen_excute_RX_function	24	static
../app/Screen.c:529:15:Screen_CheckInput_Keyboard	80	dynamic
../app/Screen.c:559:6:Screen_GetIcon_Pin	160	static
../app/Screen.c:585:6:Screen_SetIcon_Pin	16	static
../app/Screen.c:589:6:Screen_GetIcon_Result	160	static
../app/Screen.c:615:6:Screen_Init_Variable	24	static
../app/Screen.c:672:6:Screen_ShowData_Mainpage	48	static
../app/Screen.c:712:6:Screen_SetInfo_Pin	32	static
../app/Screen.c:724:13:get_data_testing_ic	328	static
../app/Screen.c:805:6:show_main_page	24	static
../app/Screen.c:834:6:get_data_testing_finish	40	static
../app/Screen.c:867:6:show_text_short_circuit	176	dynamic
