../app/Screen.c:54:6:Screen_begin	136	static
../app/Screen.c:144:6:Screen_RX_data	16	static
../app/Screen.c:148:6:Screen_RX_Callback	24	static
../app/Screen.c:165:6:Navigation_setting_page	16	static
../app/Screen.c:169:6:Navigation_home_page	24	static
../app/Screen.c:178:6:Navigation_setting_program	16	static
../app/Screen.c:184:6:Navigation_setting_time	16	static
../app/Screen.c:190:6:Navigation_modify_program	16	static
../app/Screen.c:196:6:Navigation_Change_MainPage	32	static
../app/Screen.c:229:6:Navigation_Change_CaseTest	64	static
../app/Screen.c:251:6:Navigation_Next_PrevPage	16	static
../app/Screen.c:255:6:ON_OFF_Button	16	static
../app/Screen.c:265:6:Select_program_button	24	static
../app/Screen.c:272:6:Navigation_num_keyboard	56	static
../app/Screen.c:291:6:Navigation_full_keyboard	16	static
../app/Screen.c:305:6:Save_Information	16	static
../app/Screen.c:309:6:Keyboard	16	static
../app/Screen.c:348:9:Index_VP	32	static
../app/Screen.c:367:6:Screen_init_handler_table	16	static
../app/Screen.c:406:6:Screen_excute_RX_function	24	static
../app/Screen.c:427:15:Screen_CheckInput_Keyboard	80	dynamic
../app/Screen.c:457:6:Screen_GetIcon_Pin	160	static
../app/Screen.c:483:6:Screen_SetIcon_Pin	16	static
../app/Screen.c:487:6:Screen_GetIcon_Result	160	static
../app/Screen.c:511:6:Screen_Init_Variable	24	static
../app/Screen.c:560:6:Screen_ShowData_Mainpage	48	static
../app/Screen.c:589:6:Screen_SetInfo_Pin	32	static
