../app/Screen.c:55:6:Screen_begin	136	static
../app/Screen.c:141:6:Screen_RX_data	16	static
../app/Screen.c:145:6:Screen_RX_Callback	24	static
../app/Screen.c:162:6:Navigation_setting_page	16	static
../app/Screen.c:166:6:Navigation_home_page	24	static
../app/Screen.c:175:6:Navigation_setting_program	16	static
../app/Screen.c:186:6:Navigation_setting_time	16	static
../app/Screen.c:192:6:Navigation_setting_wifi	24	static
../app/Screen.c:200:6:Navigation_modify_program	24	static
../app/Screen.c:209:6:Navigation_Change_MainPage	32	static
../app/Screen.c:243:6:Navigation_Change_CaseTest	64	static
../app/Screen.c:265:6:Navigation_Next_PrevPage	16	static
../app/Screen.c:269:6:ON_OFF_Button	16	static
../app/Screen.c:280:6:select_running_program	24	static
../app/Screen.c:287:6:select_modify_program	40	static
../app/Screen.c:308:6:Navigation_num_keyboard	16	static
../app/Screen.c:327:6:Navigation_full_keyboard	16	static
../app/Screen.c:341:6:Save_Information	16	static
../app/Screen.c:345:6:Enter_password	56	dynamic
../app/Screen.c:360:6:Enter_num_keyboard	24	static
../app/Screen.c:385:6:Keyboard	16	static
../app/Screen.c:426:9:Index_VP	32	static
../app/Screen.c:445:6:Screen_init_handler_table	16	static
../app/Screen.c:491:6:Screen_excute_RX_function	24	static
../app/Screen.c:512:15:Screen_CheckInput_Keyboard	80	dynamic
../app/Screen.c:542:6:Screen_GetIcon_Pin	160	static
../app/Screen.c:568:6:Screen_SetIcon_Pin	16	static
../app/Screen.c:572:6:Screen_GetIcon_Result	160	static
../app/Screen.c:596:6:Screen_Init_Variable	24	static
../app/Screen.c:653:6:Screen_ShowData_Mainpage	48	static
../app/Screen.c:687:6:Screen_SetInfo_Pin	32	static
