../Core/Src/fatfs_sd.c:34:13:SPI_TxByte	16	static
../Core/Src/fatfs_sd.c:22:13:SELECT	0	static
../Core/Src/fatfs_sd.c:28:13:DESELECT	0	static
../Core/Src/fatfs_sd.c:41:16:SPI_RxByte	24	static
../Core/Src/fatfs_sd.c:78:13:SD_PowerOn	24	static
../Core/Src/fatfs_sd.c:60:16:SD_ReadyWait	8	static
../Core/Src/fatfs_sd.c:166:13:SD_TxDataBlock	16	static
../Core/Src/fatfs_sd.c:217:13:SD_SendCmd	16	static
../Core/Src/fatfs_sd.c:134:13:SD_RxDataBlock	16	static
../Core/Src/fatfs_sd.c:263:9:SD_disk_initialize	32	static
../Core/Src/fatfs_sd.c:366:9:SD_disk_status	0	static
../Core/Src/fatfs_sd.c:375:9:SD_disk_read	16	static
../Core/Src/fatfs_sd.c:419:9:SD_disk_write	24	static
../Core/Src/fatfs_sd.c:474:9:SD_disk_ioctl	32	static
