../Core/Src/main.c:339:6:SystemClock_Config	80	static,ignoring_inline_asm
../Core/Src/main.c:150:5:main	120	static,ignoring_inline_asm
../Core/Src/main.c:604:6:HAL_UARTEx_RxEventCallback	8	static
../Core/Src/main.c:618:6:HAL_I2C_MemTxCpltCallback	0	static
../Core/Src/main.c:629:6:HAL_CAN_RxFifo1MsgPendingCallback	520	static
../Core/Src/main.c:643:5:_write	12	static,ignoring_inline_asm
../Core/Src/main.c:651:5:isotp_user_send_can	8	static
../Core/Src/main.c:664:10:isotp_user_get_ms	0	static
../Core/Src/main.c:668:6:isotp_user_debug	0	static
../Core/Src/main.c:678:6:Error_Handler	0	static,ignoring_inline_asm
