../Core/Src/main.c:322:6:SystemClock_Config	80	static,ignoring_inline_asm
../Core/Src/main.c:150:5:main	264	static,ignoring_inline_asm
../Core/Src/main.c:587:6:HAL_UARTEx_RxEventCallback	8	static
../Core/Src/main.c:601:6:HAL_I2C_MemTxCpltCallback	0	static
../Core/Src/main.c:612:6:HAL_CAN_RxFifo1MsgPendingCallback	224	static
../Core/Src/main.c:625:5:_write	12	static,ignoring_inline_asm
../Core/Src/main.c:633:5:isotp_user_send_can	8	static
../Core/Src/main.c:646:10:isotp_user_get_ms	0	static
../Core/Src/main.c:650:6:isotp_user_debug	0	static
../Core/Src/main.c:660:6:Error_Handler	0	static,ignoring_inline_asm
