../Drivers/CMSIS/Include/core_cm4.h:2064:26:ITM_SendChar	16	static,ignoring_inline_asm
../Core/Src/main.c:157:5:main	16	static
../Core/Src/main.c:362:6:SystemClock_Config	120	static
../Core/Src/main.c:411:13:MX_CAN_Init	8	static
../Core/Src/main.c:448:13:MX_I2C1_Init	8	static
../Core/Src/main.c:496:13:MX_SPI1_Init	8	static
../Core/Src/main.c:536:13:MX_USART1_UART_Init	8	static
../Core/Src/main.c:571:13:MX_USART2_UART_Init	8	static
../Core/Src/main.c:606:13:MX_GPIO_Init	40	static
../Core/Src/main.c:644:6:HAL_UARTEx_RxEventCallback	32	static
../Core/Src/main.c:667:6:HAL_I2C_MemTxCpltCallback	16	static
../Core/Src/main.c:678:6:HAL_CAN_RxFifo1MsgPendingCallback	520	static
../Core/Src/main.c:725:6:HAL_CAN_ErrorCallback	24	static
../Core/Src/main.c:729:5:_write	32	static
../Core/Src/main.c:737:5:isotp_user_send_can	24	static
../Core/Src/main.c:750:10:isotp_user_get_ms	8	static
../Core/Src/main.c:754:6:isotp_user_debug	4	static
../Core/Src/main.c:764:6:Error_Handler	4	static,ignoring_inline_asm
