../Core/Src/main.c:80:5:main	8	static
../Core/Src/main.c:166:6:SystemClock_Config	88	static
../Core/Src/main.c:213:13:MX_CAN1_Init	48	static
../Core/Src/main.c:276:13:MX_USART1_UART_Init	8	static
../Core/Src/main.c:309:13:MX_GPIO_Init	40	static
../Core/Src/main.c:338:6:HAL_CAN_RxFifo1MsgPendingCallback	16	static
../Core/Src/main.c:343:6:shift_out	24	static
../Core/Src/main.c:356:6:Write_data	16	static
../Core/Src/main.c:364:6:Write_Input_IC_TEST	16	static
../Core/Src/main.c:384:6:Error_Handler	4	static,ignoring_inline_asm
