Archive member included to satisfy reference by file (symbol)

C:/ST/STM32CubeIDE_1.16.0/STM32CubeIDE/plugins/com.st.stm32cube.ide.mcu.externaltools.gnu-tools-for-stm32.13.3.rel1.win32_1.0.0.202411081344/tools/bin/../lib/gcc/arm-none-eabi/13.3.1/../../../../arm-none-eabi/lib/thumb/v7-m/nofp\libc_nano.a(libc_a-assert.o)
                              ./lib/ISO_TP/isotp.o (__assert_func)
C:/ST/STM32CubeIDE_1.16.0/STM32CubeIDE/plugins/com.st.stm32cube.ide.mcu.externaltools.gnu-tools-for-stm32.13.3.rel1.win32_1.0.0.202411081344/tools/bin/../lib/gcc/arm-none-eabi/13.3.1/../../../../arm-none-eabi/lib/thumb/v7-m/nofp\libc_nano.a(libc_a-atof.o)
                              ./app/Screen.o (atof)
C:/ST/STM32CubeIDE_1.16.0/STM32CubeIDE/plugins/com.st.stm32cube.ide.mcu.externaltools.gnu-tools-for-stm32.13.3.rel1.win32_1.0.0.202411081344/tools/bin/../lib/gcc/arm-none-eabi/13.3.1/../../../../arm-none-eabi/lib/thumb/v7-m/nofp\libc_nano.a(libc_a-atoi.o)
                              ./app/Screen.o (atoi)
C:/ST/STM32CubeIDE_1.16.0/STM32CubeIDE/plugins/com.st.stm32cube.ide.mcu.externaltools.gnu-tools-for-stm32.13.3.rel1.win32_1.0.0.202411081344/tools/bin/../lib/gcc/arm-none-eabi/13.3.1/../../../../arm-none-eabi/lib/thumb/v7-m/nofp\libc_nano.a(libc_a-exit.o)
                              C:/ST/STM32CubeIDE_1.16.0/STM32CubeIDE/plugins/com.st.stm32cube.ide.mcu.externaltools.gnu-tools-for-stm32.13.3.rel1.win32_1.0.0.202411081344/tools/bin/../lib/gcc/arm-none-eabi/13.3.1/../../../../arm-none-eabi/lib/thumb/v7-m/nofp/crt0.o (exit)
C:/ST/STM32CubeIDE_1.16.0/STM32CubeIDE/plugins/com.st.stm32cube.ide.mcu.externaltools.gnu-tools-for-stm32.13.3.rel1.win32_1.0.0.202411081344/tools/bin/../lib/gcc/arm-none-eabi/13.3.1/../../../../arm-none-eabi/lib/thumb/v7-m/nofp\libc_nano.a(libc_a-malloc.o)
                              ./app/Screen.o (malloc)
C:/ST/STM32CubeIDE_1.16.0/STM32CubeIDE/plugins/com.st.stm32cube.ide.mcu.externaltools.gnu-tools-for-stm32.13.3.rel1.win32_1.0.0.202411081344/tools/bin/../lib/gcc/arm-none-eabi/13.3.1/../../../../arm-none-eabi/lib/thumb/v7-m/nofp\libc_nano.a(libc_a-mallocr.o)
                              C:/ST/STM32CubeIDE_1.16.0/STM32CubeIDE/plugins/com.st.stm32cube.ide.mcu.externaltools.gnu-tools-for-stm32.13.3.rel1.win32_1.0.0.202411081344/tools/bin/../lib/gcc/arm-none-eabi/13.3.1/../../../../arm-none-eabi/lib/thumb/v7-m/nofp\libc_nano.a(libc_a-malloc.o) (_malloc_r)
C:/ST/STM32CubeIDE_1.16.0/STM32CubeIDE/plugins/com.st.stm32cube.ide.mcu.externaltools.gnu-tools-for-stm32.13.3.rel1.win32_1.0.0.202411081344/tools/bin/../lib/gcc/arm-none-eabi/13.3.1/../../../../arm-none-eabi/lib/thumb/v7-m/nofp\libc_nano.a(libc_a-mlock.o)
                              C:/ST/STM32CubeIDE_1.16.0/STM32CubeIDE/plugins/com.st.stm32cube.ide.mcu.externaltools.gnu-tools-for-stm32.13.3.rel1.win32_1.0.0.202411081344/tools/bin/../lib/gcc/arm-none-eabi/13.3.1/../../../../arm-none-eabi/lib/thumb/v7-m/nofp\libc_nano.a(libc_a-mallocr.o) (__malloc_lock)
C:/ST/STM32CubeIDE_1.16.0/STM32CubeIDE/plugins/com.st.stm32cube.ide.mcu.externaltools.gnu-tools-for-stm32.13.3.rel1.win32_1.0.0.202411081344/tools/bin/../lib/gcc/arm-none-eabi/13.3.1/../../../../arm-none-eabi/lib/thumb/v7-m/nofp\libc_nano.a(libc_a-strtod.o)
                              C:/ST/STM32CubeIDE_1.16.0/STM32CubeIDE/plugins/com.st.stm32cube.ide.mcu.externaltools.gnu-tools-for-stm32.13.3.rel1.win32_1.0.0.202411081344/tools/bin/../lib/gcc/arm-none-eabi/13.3.1/../../../../arm-none-eabi/lib/thumb/v7-m/nofp\libc_nano.a(libc_a-atof.o) (strtod)
C:/ST/STM32CubeIDE_1.16.0/STM32CubeIDE/plugins/com.st.stm32cube.ide.mcu.externaltools.gnu-tools-for-stm32.13.3.rel1.win32_1.0.0.202411081344/tools/bin/../lib/gcc/arm-none-eabi/13.3.1/../../../../arm-none-eabi/lib/thumb/v7-m/nofp\libc_nano.a(libc_a-strtol.o)
                              C:/ST/STM32CubeIDE_1.16.0/STM32CubeIDE/plugins/com.st.stm32cube.ide.mcu.externaltools.gnu-tools-for-stm32.13.3.rel1.win32_1.0.0.202411081344/tools/bin/../lib/gcc/arm-none-eabi/13.3.1/../../../../arm-none-eabi/lib/thumb/v7-m/nofp\libc_nano.a(libc_a-atoi.o) (_strtol_r)
C:/ST/STM32CubeIDE_1.16.0/STM32CubeIDE/plugins/com.st.stm32cube.ide.mcu.externaltools.gnu-tools-for-stm32.13.3.rel1.win32_1.0.0.202411081344/tools/bin/../lib/gcc/arm-none-eabi/13.3.1/../../../../arm-none-eabi/lib/thumb/v7-m/nofp\libc_nano.a(libc_a-ctype_.o)
                              C:/ST/STM32CubeIDE_1.16.0/STM32CubeIDE/plugins/com.st.stm32cube.ide.mcu.externaltools.gnu-tools-for-stm32.13.3.rel1.win32_1.0.0.202411081344/tools/bin/../lib/gcc/arm-none-eabi/13.3.1/../../../../arm-none-eabi/lib/thumb/v7-m/nofp\libc_nano.a(libc_a-strtol.o) (_ctype_)
C:/ST/STM32CubeIDE_1.16.0/STM32CubeIDE/plugins/com.st.stm32cube.ide.mcu.externaltools.gnu-tools-for-stm32.13.3.rel1.win32_1.0.0.202411081344/tools/bin/../lib/gcc/arm-none-eabi/13.3.1/../../../../arm-none-eabi/lib/thumb/v7-m/nofp\libc_nano.a(libc_a-nano-vfprintf_float.o)
                              (_printf_float)
[...]
Memory Configuration

Name             Origin             Length             Attributes
RAM              0x20000000         0x00005000         xrw
FLASH            0x08000000         0x00020000         xr
*default*        0x00000000         0xffffffff

Linker script and memory map

LOAD C:/ST/STM32CubeIDE_1.16.0/STM32CubeIDE/plugins/com.st.stm32cube.ide.mcu.externaltools.gnu-tools-for-stm32.13.3.rel1.win32_1.0.0.202411081344/tools/bin/../lib/gcc/arm-none-eabi/13.3.1/thumb/v7-m/nofp/crti.o
LOAD C:/ST/STM32CubeIDE_1.16.0/STM32CubeIDE/plugins/com.st.stm32cube.ide.mcu.externaltools.gnu-tools-for-stm32.13.3.rel1.win32_1.0.0.202411081344/tools/bin/../lib/gcc/arm-none-eabi/13.3.1/thumb/v7-m/nofp/crtbegin.o
LOAD C:/ST/STM32CubeIDE_1.16.0/STM32CubeIDE/plugins/com.st.stm32cube.ide.mcu.externaltools.gnu-tools-for-stm32.13.3.rel1.win32_1.0.0.202411081344/tools/bin/../lib/gcc/arm-none-eabi/13.3.1/../../../../arm-none-eabi/lib/thumb/v7-m/nofp/crt0.o
LOAD ./Core/Src/fatfs_sd.o
LOAD ./Core/Src/main.o
LOAD ./Core/Src/stm32f1xx_hal_msp.o
LOAD ./Core/Src/stm32f1xx_it.o
LOAD ./Core/Src/syscalls.o
LOAD ./Core/Src/sysmem.o
LOAD ./Core/Src/system_stm32f1xx.o
LOAD ./Core/Startup/startup_stm32f103cbtx.o
LOAD ./Drivers/STM32F1xx_HAL_Driver/Src/stm32f1xx_hal.o
LOAD ./Drivers/STM32F1xx_HAL_Driver/Src/stm32f1xx_hal_can.o
LOAD ./Drivers/STM32F1xx_HAL_Driver/Src/stm32f1xx_hal_cortex.o
LOAD ./Drivers/STM32F1xx_HAL_Driver/Src/stm32f1xx_hal_dma.o
LOAD ./Drivers/STM32F1xx_HAL_Driver/Src/stm32f1xx_hal_exti.o
LOAD ./Drivers/STM32F1xx_HAL_Driver/Src/stm32f1xx_hal_flash.o
LOAD ./Drivers/STM32F1xx_HAL_Driver/Src/stm32f1xx_hal_flash_ex.o
LOAD ./Drivers/STM32F1xx_HAL_Driver/Src/stm32f1xx_hal_gpio.o
LOAD ./Drivers/STM32F1xx_HAL_Driver/Src/stm32f1xx_hal_gpio_ex.o
LOAD ./Drivers/STM32F1xx_HAL_Driver/Src/stm32f1xx_hal_i2c.o
LOAD ./Drivers/STM32F1xx_HAL_Driver/Src/stm32f1xx_hal_pwr.o
LOAD ./Drivers/STM32F1xx_HAL_Driver/Src/stm32f1xx_hal_rcc.o
LOAD ./Drivers/STM32F1xx_HAL_Driver/Src/stm32f1xx_hal_rcc_ex.o
LOAD ./Drivers/STM32F1xx_HAL_Driver/Src/stm32f1xx_hal_spi.o
LOAD ./Drivers/STM32F1xx_HAL_Driver/Src/stm32f1xx_hal_uart.o
LOAD ./FATFS/App/fatfs.o
LOAD ./FATFS/Target/user_diskio.o
LOAD ./Middlewares/Third_Party/FatFs/src/diskio.o
LOAD ./Middlewares/Third_Party/FatFs/src/ff.o
LOAD ./Middlewares/Third_Party/FatFs/src/ff_gen_drv.o
LOAD ./Middlewares/Third_Party/FatFs/src/option/syscall.o
LOAD ./app/Screen.o
LOAD ./app/app_bsp.o
LOAD ./app/app_can_bus.o
LOAD ./app/app_eeprom.o
LOAD ./app/app_main.o
LOAD ./app/app_post_test.o
LOAD ./app/app_screen.o
LOAD ./app/app_uart_esp32.o
LOAD ./app/test_os.o
LOAD ./lib/AT24Cxx.o
LOAD ./lib/Common.o
LOAD ./lib/DS3231.o
LOAD ./lib/DWIN_HMI.o
LOAD ./lib/ISO_TP/isotp.o
LOAD ./os/bsp.o
LOAD ./os/os.o
LOAD ./os/os_event.o
LOAD ./os/port/os_port.o
START GROUP
LOAD C:/ST/STM32CubeIDE_1.16.0/STM32CubeIDE/plugins/com.st.stm32cube.ide.mcu.externaltools.gnu-tools-for-stm32.13.3.rel1.win32_1.0.0.202411081344/tools/bin/../lib/gcc/arm-none-eabi/13.3.1/../../../../arm-none-eabi/lib/thumb/v7-m/nofp\libc_nano.a
LOAD C:/ST/STM32CubeIDE_1.16.0/STM32CubeIDE/plugins/com.st.stm32cube.ide.mcu.externaltools.gnu-tools-for-stm32.13.3.rel1.win32_1.0.0.202411081344/tools/bin/../lib/gcc/arm-none-eabi/13.3.1/../../../../arm-none-eabi/lib/thumb/v7-m/nofp\libm.a
END GROUP
START GROUP
LOAD C:/ST/STM32CubeIDE_1.16.0/STM32CubeIDE/plugins/com.st.stm32cube.ide.mcu.externaltools.gnu-tools-for-stm32.13.3.rel1.win32_1.0.0.202411081344/tools/bin/../lib/gcc/arm-none-eabi/13.3.1/thumb/v7-m/nofp\libgcc.a
LOAD C:/ST/STM32CubeIDE_1.16.0/STM32CubeIDE/plugins/com.st.stm32cube.ide.mcu.externaltools.gnu-tools-for-stm32.13.3.rel1.win32_1.0.0.202411081344/tools/bin/../lib/gcc/arm-none-eabi/13.3.1/../../../../arm-none-eabi/lib/thumb/v7-m/nofp\libc_nano.a
END GROUP
START GROUP
LOAD C:/ST/STM32CubeIDE_1.16.0/STM32CubeIDE/plugins/com.st.stm32cube.ide.mcu.externaltools.gnu-tools-for-stm32.13.3.rel1.win32_1.0.0.202411081344/tools/bin/../lib/gcc/arm-none-eabi/13.3.1/thumb/v7-m/nofp\libgcc.a
LOAD C:/ST/STM32CubeIDE_1.16.0/STM32CubeIDE/plugins/com.st.stm32cube.ide.mcu.externaltools.gnu-tools-for-stm32.13.3.rel1.win32_1.0.0.202411081344/tools/bin/../lib/gcc/arm-none-eabi/13.3.1/../../../../arm-none-eabi/lib/thumb/v7-m/nofp\libc_nano.a
LOAD C:/ST/STM32CubeIDE_1.16.0/STM32CubeIDE/plugins/com.st.stm32cube.ide.mcu.externaltools.gnu-tools-for-stm32.13.3.rel1.win32_1.0.0.202411081344/tools/bin/../lib/gcc/arm-none-eabi/13.3.1/../../../../arm-none-eabi/lib/thumb/v7-m/nofp\libnosys.a
END GROUP
START GROUP
LOAD C:/ST/STM32CubeIDE_1.16.0/STM32CubeIDE/plugins/com.st.stm32cube.ide.mcu.externaltools.gnu-tools-for-stm32.13.3.rel1.win32_1.0.0.202411081344/tools/bin/../lib/gcc/arm-none-eabi/13.3.1/thumb/v7-m/nofp\libgcc.a
LOAD C:/ST/STM32CubeIDE_1.16.0/STM32CubeIDE/plugins/com.st.stm32cube.ide.mcu.externaltools.gnu-tools-for-stm32.13.3.rel1.win32_1.0.0.202411081344/tools/bin/../lib/gcc/arm-none-eabi/13.3.1/../../../../arm-none-eabi/lib/thumb/v7-m/nofp\libc_nano.a
LOAD C:/ST/STM32CubeIDE_1.16.0/STM32CubeIDE/plugins/com.st.stm32cube.ide.mcu.externaltools.gnu-tools-for-stm32.13.3.rel1.win32_1.0.0.202411081344/tools/bin/../lib/gcc/arm-none-eabi/13.3.1/../../../../arm-none-eabi/lib/thumb/v7-m/nofp\libnosys.a
END GROUP
LOAD C:/ST/STM32CubeIDE_1.16.0/STM32CubeIDE/plugins/com.st.stm32cube.ide.mcu.externaltools.gnu-tools-for-stm32.13.3.rel1.win32_1.0.0.202411081344/tools/bin/../lib/gcc/arm-none-eabi/13.3.1/thumb/v7-m/nofp/crtend.o
LOAD C:/ST/STM32CubeIDE_1.16.0/STM32CubeIDE/plugins/com.st.stm32cube.ide.mcu.externaltools.gnu-tools-for-stm32.13.3.rel1.win32_1.0.0.202411081344/tools/bin/../lib/gcc/arm-none-eabi/13.3.1/thumb/v7-m/nofp/crtn.o
                0x20005000                        _estack = (ORIGIN (RAM) + LENGTH (RAM))
                0x00000200                        _Min_Heap_Size = 0x200
                0x00000400                        _Min_Stack_Size = 0x400

.isr_vector     0x08000000      0x10c
                0x08000000                        . = ALIGN (0x4)
 *(.isr_vector)
 .isr_vector    0x08000000      0x10c ./Core/Startup/startup_stm32f103cbtx.o
                0x08000000                g_pfnVectors
                0x0800010c                        . = ALIGN (0x4)

.text           0x08000110    0x109d8
                0x08000110                        . = ALIGN (0x4)
 *(.text)
 .text          0x08000110       0x40 C:/ST/STM32CubeIDE_1.16.0/STM32CubeIDE/plugins/com.st.stm32cube.ide.mcu.externaltools.gnu-tools-for-stm32.13.3.rel1.win32_1.0.0.202411081344/tools/bin/../lib/gcc/arm-none-eabi/13.3.1/thumb/v7-m/nofp/crtbegin.o
 .text          0x08000150       0x14 C:/ST/STM32CubeIDE_1.16.0/STM32CubeIDE/plugins/com.st.stm32cube.ide.mcu.externaltools.gnu-tools-for-stm32.13.3.rel1.win32_1.0.0.202411081344/tools/bin/../lib/gcc/arm-none-eabi/13.3.1/../../../../arm-none-eabi/lib/thumb/v7-m/nofp\libc_nano.a(libc_a-strcmp.o)
                0x08000150                strcmp
 .text          0x08000164       0x10 C:/ST/STM32CubeIDE_1.16.0/STM32CubeIDE/plugins/com.st.stm32cube.ide.mcu.externaltools.gnu-tools-for-stm32.13.3.rel1.win32_1.0.0.202411081344/tools/bin/../lib/gcc/arm-none-eabi/13.3.1/../../../../arm-none-eabi/lib/thumb/v7-m/nofp\libc_nano.a(libc_a-strlen.o)
                0x08000164                strlen
 .text          0x08000174      0x378 C:/ST/STM32CubeIDE_1.16.0/STM32CubeIDE/plugins/com.st.stm32cube.ide.mcu.externaltools.gnu-tools-for-stm32.13.3.rel1.win32_1.0.0.202411081344/tools/bin/../lib/gcc/arm-none-eabi/13.3.1/thumb/v7-m/nofp\libgcc.a(_arm_addsubdf3.o)
                0x08000174                __aeabi_drsub
                0x0800017c                __aeabi_dsub
                0x0800017c                __subdf3
                0x08000180                __aeabi_dadd
                0x08000180                __adddf3
                0x080003f8                __floatunsidf
                0x080003f8                __aeabi_ui2d
                0x08000418                __floatsidf
                0x08000418                __aeabi_i2d
                0x0800043c                __aeabi_f2d
                0x0800043c                __extendsfdf2
                0x08000480                __floatundidf
                0x08000480                __aeabi_ul2d
                0x08000490                __floatdidf
                0x08000490                __aeabi_l2d
 .text          0x080004ec      0x424 C:/ST/STM32CubeIDE_1.16.0/STM32CubeIDE/plugins/com.st.stm32cube.ide.mcu.externaltools.gnu-tools-for-stm32.13.3.rel1.win32_1.0.0.202411081344/tools/bin/../lib/gcc/arm-none-eabi/13.3.1/thumb/v7-m/nofp\libgcc.a(_arm_muldivdf3.o)
                0x080004ec                __aeabi_dmul
                0x080004ec                __muldf3
                0x08000740                __divdf3
                0x08000740                __aeabi_ddiv
 .text          0x08000910      0x110 C:/ST/STM32CubeIDE_1.16.0/STM32CubeIDE/plugins/com.st.stm32cube.ide.mcu.externaltools.gnu-tools-for-stm32.13.3.rel1.win32_1.0.0.202411081344/tools/bin/../lib/gcc/arm-none-eabi/13.3.1/thumb/v7-m/nofp\libgcc.a(_arm_cmpdf2.o)
                0x08000910                __gtdf2
                0x08000910                __gedf2
                0x08000918                __ltdf2
                0x08000918                __ledf2
                0x08000920                __nedf2
                0x08000920                __eqdf2
                0x08000920                __cmpdf2
                0x0800099c                __aeabi_cdrcmple
                0x080009ac                __aeabi_cdcmpeq
                0x080009ac                __aeabi_cdcmple
                0x080009bc                __aeabi_dcmpeq
                0x080009d0                __aeabi_dcmplt
                0x080009e4                __aeabi_dcmple
                0x080009f8                __aeabi_dcmpge
                0x08000a0c                __aeabi_dcmpgt
 .text          0x08000a20       0x2c C:/ST/STM32CubeIDE_1.16.0/STM32CubeIDE/plugins/com.st.stm32cube.ide.mcu.externaltools.gnu-tools-for-stm32.13.3.rel1.win32_1.0.0.202411081344/tools/bin/../lib/gcc/arm-none-eabi/13.3.1/thumb/v7-m/nofp\libgcc.a(_arm_unorddf2.o)
                0x08000a20                __unorddf2
                0x08000a20                __aeabi_dcmpun
 .text          0x08000a4c       0x50 C:/ST/STM32CubeIDE_1.16.0/STM32CubeIDE/plugins/com.st.stm32cube.ide.mcu.externaltools.gnu-tools-for-stm32.13.3.rel1.win32_1.0.0.202411081344/tools/bin/../lib/gcc/arm-none-eabi/13.3.1/thumb/v7-m/nofp\libgcc.a(_arm_fixdfsi.o)
                0x08000a4c                __aeabi_d2iz
                0x08000a4c                __fixdfsi
 .text          0x08000a9c       0x40 C:/ST/STM32CubeIDE_1.16.0/STM32CubeIDE/plugins/com.st.stm32cube.ide.mcu.externaltools.gnu-tools-for-stm32.13.3.rel1.win32_1.0.0.202411081344/tools/bin/../lib/gcc/arm-none-eabi/13.3.1/thumb/v7-m/nofp\libgcc.a(_arm_fixunsdfsi.o)
                0x08000a9c                __aeabi_d2uiz
                0x08000a9c                __fixunsdfsi
 .text          0x08000adc       0xa0 C:/ST/STM32CubeIDE_1.16.0/STM32CubeIDE/plugins/com.st.stm32cube.ide.mcu.externaltools.gnu-tools-for-stm32.13.3.rel1.win32_1.0.0.202411081344/tools/bin/../lib/gcc/arm-none-eabi/13.3.1/thumb/v7-m/nofp\libgcc.a(_arm_truncdfsf2.o)
                0x08000adc                __truncdfsf2
                0x08000adc                __aeabi_d2f
 .text          0x08000b7c       0xec C:/ST/STM32CubeIDE_1.16.0/STM32CubeIDE/plugins/com.st.stm32cube.ide.mcu.externaltools.gnu-tools-for-stm32.13.3.rel1.win32_1.0.0.202411081344/tools/bin/../lib/gcc/arm-none-eabi/13.3.1/thumb/v7-m/nofp\libgcc.a(_arm_cmpsf2.o)
                0x08000b7c                __gesf2
                0x08000b7c                __gtsf2
                0x08000b84                __lesf2
                0x08000b84                __ltsf2
                0x08000b8c                __nesf2
                0x08000b8c                __eqsf2
                0x08000b8c                __cmpsf2
                0x08000bec                __aeabi_cfrcmple
                0x08000bf4                __aeabi_cfcmpeq
                0x08000bf4                __aeabi_cfcmple
                0x08000c04                __aeabi_fcmpeq
                0x08000c18                __aeabi_fcmplt
                0x08000c2c                __aeabi_fcmple
                0x08000c40                __aeabi_fcmpge
                0x08000c54                __aeabi_fcmpgt
 .text          0x08000c68       0x30 C:/ST/STM32CubeIDE_1.16.0/STM32CubeIDE/plugins/com.st.stm32cube.ide.mcu.externaltools.gnu-tools-for-stm32.13.3.rel1.win32_1.0.0.202411081344/tools/bin/../lib/gcc/arm-none-eabi/13.3.1/thumb/v7-m/nofp\libgcc.a(_fixdfdi.o)
                0x08000c68                __fixdfdi
                0x08000c68                __aeabi_d2lz
 .text          0x08000c98       0x3c C:/ST/STM32CubeIDE_1.16.0/STM32CubeIDE/plugins/com.st.stm32cube.ide.mcu.externaltools.gnu-tools-for-stm32.13.3.rel1.win32_1.0.0.202411081344/tools/bin/../lib/gcc/arm-none-eabi/13.3.1/thumb/v7-m/nofp\libgcc.a(_fixunsdfdi.o)
                0x08000c98                __fixunsdfdi
                0x08000c98                __aeabi_d2ulz
 *(.text*)
 .text.SELECT   0x08000cd4       0x18 ./Core/Src/fatfs_sd.o
 .text.DESELECT
                0x08000cec       0x18 ./Core/Src/fatfs_sd.o
 .text.SPI_TxByte
                0x08000d04       0x34 ./Core/Src/fatfs_sd.o
 .text.SPI_RxByte
                0x08000d38       0x3c ./Core/Src/fatfs_sd.o
 .text.SPI_RxBytePtr
                0x08000d74       0x1c ./Core/Src/fatfs_sd.o
 .text.SD_ReadyWait
                0x08000d90       0x38 ./Core/Src/fatfs_sd.o
 .text.SD_PowerOn
                0x08000dc8       0x98 ./Core/Src/fatfs_sd.o
 .text.SD_PowerOff
                0x08000e60       0x18 ./Core/Src/fatfs_sd.o
 .text.SD_CheckPower
                0x08000e78       0x14 ./Core/Src/fatfs_sd.o
 .text.SD_RxDataBlock
                0x08000e8c       0x6c ./Core/Src/fatfs_sd.o
 .text.SD_TxDataBlock
                0x08000ef8       0xa8 ./Core/Src/fatfs_sd.o
 .text.SD_SendCmd
                0x08000fa0       0xa4 ./Core/Src/fatfs_sd.o
 .text.SD_disk_initialize
                0x08001044      0x1d4 ./Core/Src/fatfs_sd.o
                0x08001044                SD_disk_initialize
 .text.SD_disk_status
                0x08001218       0x28 ./Core/Src/fatfs_sd.o
                0x08001218                SD_disk_status
 .text.SD_disk_read
                0x08001240       0xd4 ./Core/Src/fatfs_sd.o
                0x08001240                SD_disk_read
 .text.SD_disk_write
                0x08001314      0x108 ./Core/Src/fatfs_sd.o
                0x08001314                SD_disk_write
 .text.SD_disk_ioctl
                0x0800141c      0x260 ./Core/Src/fatfs_sd.o
                0x0800141c                SD_disk_ioctl
 .text.ITM_SendChar
                0x0800167c       0x4c ./Core/Src/main.o
 .text.main     0x080016c8      0x178 ./Core/Src/main.o
                0x080016c8                main
 .text.SystemClock_Config
                0x08001840       0x80 ./Core/Src/main.o
                0x08001840                SystemClock_Config
 .text.MX_CAN_Init
                0x080018c0       0xa4 ./Core/Src/main.o
 .text.MX_I2C1_Init
                0x08001964       0x5c ./Core/Src/main.o
 .text.MX_SPI1_Init
                0x080019c0       0x6c ./Core/Src/main.o
 .text.MX_USART1_UART_Init
                0x08001a2c       0x54 ./Core/Src/main.o
 .text.MX_USART2_UART_Init
                0x08001a80       0x54 ./Core/Src/main.o
 .text.MX_GPIO_Init
                0x08001ad4       0xa4 ./Core/Src/main.o
 .text.HAL_UARTEx_RxEventCallback
                0x08001b78       0x44 ./Core/Src/main.o
                0x08001b78                HAL_UARTEx_RxEventCallback
 .text.HAL_I2C_MemTxCpltCallback
                0x08001bbc       0x38 ./Core/Src/main.o
                0x08001bbc                HAL_I2C_MemTxCpltCallback
 .text.HAL_CAN_RxFifo1MsgPendingCallback
                0x08001bf4       0x94 ./Core/Src/main.o
                0x08001bf4                HAL_CAN_RxFifo1MsgPendingCallback
 .text._write   0x08001c88       0x38 ./Core/Src/main.o
                0x08001c88                _write
 .text.isotp_user_send_can
                0x08001cc0       0x54 ./Core/Src/main.o
                0x08001cc0                isotp_user_send_can
 .text.isotp_user_get_ms
                0x08001d14        0xe ./Core/Src/main.o
                0x08001d14                isotp_user_get_ms
 .text.isotp_user_debug
                0x08001d22       0x10 ./Core/Src/main.o
                0x08001d22                isotp_user_debug
 .text.Error_Handler
                0x08001d32        0xc ./Core/Src/main.o
                0x08001d32                Error_Handler
 *fill*         0x08001d3e        0x2 
 .text.HAL_MspInit
                0x08001d40       0x64 ./Core/Src/stm32f1xx_hal_msp.o
                0x08001d40                HAL_MspInit
 .text.HAL_CAN_MspInit
                0x08001da4       0xb8 ./Core/Src/stm32f1xx_hal_msp.o
                0x08001da4                HAL_CAN_MspInit
 .text.HAL_I2C_MspInit
                0x08001e5c       0x8c ./Core/Src/stm32f1xx_hal_msp.o
                0x08001e5c                HAL_I2C_MspInit
 .text.HAL_SPI_MspInit
                0x08001ee8       0x94 ./Core/Src/stm32f1xx_hal_msp.o
                0x08001ee8                HAL_SPI_MspInit
 .text.HAL_UART_MspInit
                0x08001f7c      0x128 ./Core/Src/stm32f1xx_hal_msp.o
                0x08001f7c                HAL_UART_MspInit
 .text.NMI_Handler
                0x080020a4        0x8 ./Core/Src/stm32f1xx_it.o
                0x080020a4                NMI_Handler
 .text.HardFault_Handler
                0x080020ac        0x8 ./Core/Src/stm32f1xx_it.o
                0x080020ac                HardFault_Handler
 .text.MemManage_Handler
                0x080020b4        0x8 ./Core/Src/stm32f1xx_it.o
                0x080020b4                MemManage_Handler
 .text.BusFault_Handler
                0x080020bc        0x8 ./Core/Src/stm32f1xx_it.o
                0x080020bc                BusFault_Handler
 .text.UsageFault_Handler
                0x080020c4        0x8 ./Core/Src/stm32f1xx_it.o
                0x080020c4                UsageFault_Handler
 .text.SVC_Handler
                0x080020cc        0xc ./Core/Src/stm32f1xx_it.o
                0x080020cc                SVC_Handler
 .text.DebugMon_Handler
                0x080020d8        0xc ./Core/Src/stm32f1xx_it.o
                0x080020d8                DebugMon_Handler
 .text.PendSV_Handler
                0x080020e4        0xc ./Core/Src/stm32f1xx_it.o
                0x080020e4                PendSV_Handler
 .text.SysTick_Handler
                0x080020f0       0x34 ./Core/Src/stm32f1xx_it.o
                0x080020f0                SysTick_Handler
 .text.USB_HP_CAN1_TX_IRQHandler
                0x08002124       0x14 ./Core/Src/stm32f1xx_it.o
                0x08002124                USB_HP_CAN1_TX_IRQHandler
 .text.CAN1_RX1_IRQHandler
                0x08002138       0x14 ./Core/Src/stm32f1xx_it.o
                0x08002138                CAN1_RX1_IRQHandler
 .text.I2C1_EV_IRQHandler
                0x0800214c       0x14 ./Core/Src/stm32f1xx_it.o
                0x0800214c                I2C1_EV_IRQHandler
 .text.USART1_IRQHandler
                0x08002160       0x14 ./Core/Src/stm32f1xx_it.o
                0x08002160                USART1_IRQHandler
 .text.USART2_IRQHandler
                0x08002174       0x14 ./Core/Src/stm32f1xx_it.o
                0x08002174                USART2_IRQHandler
 .text._getpid  0x08002188        0xe ./Core/Src/syscalls.o
                0x08002188                _getpid
 .text._kill    0x08002196       0x20 ./Core/Src/syscalls.o
                0x08002196                _kill
 .text._exit    0x080021b6       0x16 ./Core/Src/syscalls.o
                0x080021b6                _exit
 .text._read    0x080021cc       0x3a ./Core/Src/syscalls.o
                0x080021cc                _read
 .text._close   0x08002206       0x16 ./Core/Src/syscalls.o
                0x08002206                _close
 .text._fstat   0x0800221c       0x1e ./Core/Src/syscalls.o
                0x0800221c                _fstat
 .text._isatty  0x0800223a       0x14 ./Core/Src/syscalls.o
                0x0800223a                _isatty
 .text._lseek   0x0800224e       0x18 ./Core/Src/syscalls.o
                0x0800224e                _lseek
 *fill*         0x08002266        0x2 
 .text._sbrk    0x08002268       0x6c ./Core/Src/sysmem.o
                0x08002268                _sbrk
 .text.SystemInit
                0x080022d4        0xc ./Core/Src/system_stm32f1xx.o
                0x080022d4                SystemInit
 .text.Reset_Handler
                0x080022e0       0x48 ./Core/Startup/startup_stm32f103cbtx.o
                0x080022e0                Reset_Handler
 .text.Default_Handler
                0x08002328        0x2 ./Core/Startup/startup_stm32f103cbtx.o
                0x08002328                RTC_Alarm_IRQHandler
                0x08002328                EXTI2_IRQHandler
                0x08002328                TIM1_CC_IRQHandler
                0x08002328                PVD_IRQHandler
                0x08002328                EXTI3_IRQHandler
                0x08002328                EXTI0_IRQHandler
                0x08002328                I2C2_EV_IRQHandler
                0x08002328                ADC1_2_IRQHandler
                0x08002328                SPI1_IRQHandler
                0x08002328                TAMPER_IRQHandler
                0x08002328                DMA1_Channel4_IRQHandler
                0x08002328                USART3_IRQHandler
                0x08002328                DMA1_Channel7_IRQHandler
                0x08002328                TIM4_IRQHandler
                0x08002328                DMA1_Channel6_IRQHandler
                0x08002328                TIM3_IRQHandler
                0x08002328                RCC_IRQHandler
                0x08002328                TIM1_TRG_COM_IRQHandler
                0x08002328                DMA1_Channel1_IRQHandler
                0x08002328                Default_Handler
                0x08002328                EXTI15_10_IRQHandler
                0x08002328                EXTI9_5_IRQHandler
                0x08002328                SPI2_IRQHandler
                0x08002328                DMA1_Channel5_IRQHandler
                0x08002328                EXTI4_IRQHandler
                0x08002328                USB_LP_CAN1_RX0_IRQHandler
                0x08002328                DMA1_Channel3_IRQHandler
                0x08002328                TIM1_UP_IRQHandler
                0x08002328                WWDG_IRQHandler
                0x08002328                TIM2_IRQHandler
                0x08002328                TIM1_BRK_IRQHandler
                0x08002328                EXTI1_IRQHandler
                0x08002328                I2C2_ER_IRQHandler
                0x08002328                DMA1_Channel2_IRQHandler
                0x08002328                CAN1_SCE_IRQHandler
                0x08002328                FLASH_IRQHandler
                0x08002328                USBWakeUp_IRQHandler
 *fill*         0x0800232a        0x2 
 .text.HAL_Init
                0x0800232c       0x2c ./Drivers/STM32F1xx_HAL_Driver/Src/stm32f1xx_hal.o
                0x0800232c                HAL_Init
 .text.HAL_InitTick
                0x08002358       0x60 ./Drivers/STM32F1xx_HAL_Driver/Src/stm32f1xx_hal.o
                0x08002358                HAL_InitTick
 .text.HAL_IncTick
                0x080023b8       0x24 ./Drivers/STM32F1xx_HAL_Driver/Src/stm32f1xx_hal.o
                0x080023b8                HAL_IncTick
 .text.HAL_GetTick
                0x080023dc       0x14 ./Drivers/STM32F1xx_HAL_Driver/Src/stm32f1xx_hal.o
                0x080023dc                HAL_GetTick
 .text.HAL_Delay
                0x080023f0       0x48 ./Drivers/STM32F1xx_HAL_Driver/Src/stm32f1xx_hal.o
                0x080023f0                HAL_Delay
 .text.HAL_CAN_Init
                0x08002438      0x1f6 ./Drivers/STM32F1xx_HAL_Driver/Src/stm32f1xx_hal_can.o
                0x08002438                HAL_CAN_Init
 .text.HAL_CAN_ConfigFilter
                0x0800262e      0x192 ./Drivers/STM32F1xx_HAL_Driver/Src/stm32f1xx_hal_can.o
                0x0800262e                HAL_CAN_ConfigFilter
 .text.HAL_CAN_Start
                0x080027c0       0x88 ./Drivers/STM32F1xx_HAL_Driver/Src/stm32f1xx_hal_can.o
                0x080027c0                HAL_CAN_Start
 .text.HAL_CAN_AddTxMessage
                0x08002848      0x19e ./Drivers/STM32F1xx_HAL_Driver/Src/stm32f1xx_hal_can.o
                0x08002848                HAL_CAN_AddTxMessage
 .text.HAL_CAN_IsTxMessagePending
                0x080029e6       0x46 ./Drivers/STM32F1xx_HAL_Driver/Src/stm32f1xx_hal_can.o
                0x080029e6                HAL_CAN_IsTxMessagePending
 .text.HAL_CAN_GetRxMessage
                0x08002a2c      0x242 ./Drivers/STM32F1xx_HAL_Driver/Src/stm32f1xx_hal_can.o
                0x08002a2c                HAL_CAN_GetRxMessage
 .text.HAL_CAN_ActivateNotification
                0x08002c6e       0x4a ./Drivers/STM32F1xx_HAL_Driver/Src/stm32f1xx_hal_can.o
                0x08002c6e                HAL_CAN_ActivateNotification
 .text.HAL_CAN_IRQHandler
                0x08002cb8      0x36e ./Drivers/STM32F1xx_HAL_Driver/Src/stm32f1xx_hal_can.o
                0x08002cb8                HAL_CAN_IRQHandler
 .text.HAL_CAN_TxMailbox0CompleteCallback
                0x08003026       0x12 ./Drivers/STM32F1xx_HAL_Driver/Src/stm32f1xx_hal_can.o
                0x08003026                HAL_CAN_TxMailbox0CompleteCallback
 .text.HAL_CAN_TxMailbox1CompleteCallback
                0x08003038       0x12 ./Drivers/STM32F1xx_HAL_Driver/Src/stm32f1xx_hal_can.o
                0x08003038                HAL_CAN_TxMailbox1CompleteCallback
 .text.HAL_CAN_TxMailbox2CompleteCallback
                0x0800304a       0x12 ./Drivers/STM32F1xx_HAL_Driver/Src/stm32f1xx_hal_can.o
                0x0800304a                HAL_CAN_TxMailbox2CompleteCallback
 .text.HAL_CAN_TxMailbox0AbortCallback
                0x0800305c       0x12 ./Drivers/STM32F1xx_HAL_Driver/Src/stm32f1xx_hal_can.o
                0x0800305c                HAL_CAN_TxMailbox0AbortCallback
 .text.HAL_CAN_TxMailbox1AbortCallback
                0x0800306e       0x12 ./Drivers/STM32F1xx_HAL_Driver/Src/stm32f1xx_hal_can.o
                0x0800306e                HAL_CAN_TxMailbox1AbortCallback
 .text.HAL_CAN_TxMailbox2AbortCallback
                0x08003080       0x12 ./Drivers/STM32F1xx_HAL_Driver/Src/stm32f1xx_hal_can.o
                0x08003080                HAL_CAN_TxMailbox2AbortCallback
 .text.HAL_CAN_RxFifo0MsgPendingCallback
                0x08003092       0x12 ./Drivers/STM32F1xx_HAL_Driver/Src/stm32f1xx_hal_can.o
                0x08003092                HAL_CAN_RxFifo0MsgPendingCallback
 .text.HAL_CAN_RxFifo0FullCallback
                0x080030a4       0x12 ./Drivers/STM32F1xx_HAL_Driver/Src/stm32f1xx_hal_can.o
                0x080030a4                HAL_CAN_RxFifo0FullCallback
 .text.HAL_CAN_RxFifo1FullCallback
                0x080030b6       0x12 ./Drivers/STM32F1xx_HAL_Driver/Src/stm32f1xx_hal_can.o
                0x080030b6                HAL_CAN_RxFifo1FullCallback
 .text.HAL_CAN_SleepCallback
                0x080030c8       0x12 ./Drivers/STM32F1xx_HAL_Driver/Src/stm32f1xx_hal_can.o
                0x080030c8                HAL_CAN_SleepCallback
 .text.HAL_CAN_WakeUpFromRxMsgCallback
                0x080030da       0x12 ./Drivers/STM32F1xx_HAL_Driver/Src/stm32f1xx_hal_can.o
                0x080030da                HAL_CAN_WakeUpFromRxMsgCallback
 .text.HAL_CAN_ErrorCallback
                0x080030ec       0x12 ./Drivers/STM32F1xx_HAL_Driver/Src/stm32f1xx_hal_can.o
                0x080030ec                HAL_CAN_ErrorCallback
 *fill*         0x080030fe        0x2 
 .text.__NVIC_SetPriorityGrouping
                0x08003100       0x48 ./Drivers/STM32F1xx_HAL_Driver/Src/stm32f1xx_hal_cortex.o
 .text.__NVIC_GetPriorityGrouping
                0x08003148       0x1c ./Drivers/STM32F1xx_HAL_Driver/Src/stm32f1xx_hal_cortex.o
 .text.__NVIC_EnableIRQ
                0x08003164       0x38 ./Drivers/STM32F1xx_HAL_Driver/Src/stm32f1xx_hal_cortex.o
 .text.__NVIC_SetPendingIRQ
                0x0800319c       0x3c ./Drivers/STM32F1xx_HAL_Driver/Src/stm32f1xx_hal_cortex.o
 .text.__NVIC_SetPriority
                0x080031d8       0x54 ./Drivers/STM32F1xx_HAL_Driver/Src/stm32f1xx_hal_cortex.o
 .text.NVIC_EncodePriority
                0x0800322c       0x64 ./Drivers/STM32F1xx_HAL_Driver/Src/stm32f1xx_hal_cortex.o
 .text.SysTick_Config
                0x08003290       0x44 ./Drivers/STM32F1xx_HAL_Driver/Src/stm32f1xx_hal_cortex.o
 .text.HAL_NVIC_SetPriorityGrouping
                0x080032d4       0x16 ./Drivers/STM32F1xx_HAL_Driver/Src/stm32f1xx_hal_cortex.o
                0x080032d4                HAL_NVIC_SetPriorityGrouping
 .text.HAL_NVIC_SetPriority
                0x080032ea       0x38 ./Drivers/STM32F1xx_HAL_Driver/Src/stm32f1xx_hal_cortex.o
                0x080032ea                HAL_NVIC_SetPriority
 .text.HAL_NVIC_EnableIRQ
                0x08003322       0x1c ./Drivers/STM32F1xx_HAL_Driver/Src/stm32f1xx_hal_cortex.o
                0x08003322                HAL_NVIC_EnableIRQ
 .text.HAL_SYSTICK_Config
                0x0800333e       0x18 ./Drivers/STM32F1xx_HAL_Driver/Src/stm32f1xx_hal_cortex.o
                0x0800333e                HAL_SYSTICK_Config
 .text.HAL_NVIC_SetPendingIRQ
                0x08003356       0x1c ./Drivers/STM32F1xx_HAL_Driver/Src/stm32f1xx_hal_cortex.o
                0x08003356                HAL_NVIC_SetPendingIRQ
 .text.HAL_DMA_Abort
                0x08003372       0x76 ./Drivers/STM32F1xx_HAL_Driver/Src/stm32f1xx_hal_dma.o
                0x08003372                HAL_DMA_Abort
 .text.HAL_DMA_Abort_IT
                0x080033e8       0xf0 ./Drivers/STM32F1xx_HAL_Driver/Src/stm32f1xx_hal_dma.o
                0x080033e8                HAL_DMA_Abort_IT
 .text.HAL_DMA_GetState
                0x080034d8       0x1a ./Drivers/STM32F1xx_HAL_Driver/Src/stm32f1xx_hal_dma.o
                0x080034d8                HAL_DMA_GetState
 *fill*         0x080034f2        0x2 
 .text.HAL_GPIO_Init
                0x080034f4      0x308 ./Drivers/STM32F1xx_HAL_Driver/Src/stm32f1xx_hal_gpio.o
                0x080034f4                HAL_GPIO_Init
 .text.HAL_GPIO_WritePin
                0x080037fc       0x30 ./Drivers/STM32F1xx_HAL_Driver/Src/stm32f1xx_hal_gpio.o
                0x080037fc                HAL_GPIO_WritePin
 .text.HAL_I2C_Init
                0x0800382c      0x288 ./Drivers/STM32F1xx_HAL_Driver/Src/stm32f1xx_hal_i2c.o
                0x0800382c                HAL_I2C_Init
 .text.I2C_Flush_DR
                0x08003ab4       0x28 ./Drivers/STM32F1xx_HAL_Driver/Src/stm32f1xx_hal_i2c.o
 .text.HAL_I2C_Mem_Write
                0x08003adc      0x1f4 ./Drivers/STM32F1xx_HAL_Driver/Src/stm32f1xx_hal_i2c.o
                0x08003adc                HAL_I2C_Mem_Write
 .text.HAL_I2C_Mem_Read
                0x08003cd0      0x4e8 ./Drivers/STM32F1xx_HAL_Driver/Src/stm32f1xx_hal_i2c.o
                0x08003cd0                HAL_I2C_Mem_Read
 .text.HAL_I2C_Mem_Write_IT
                0x080041b8      0x158 ./Drivers/STM32F1xx_HAL_Driver/Src/stm32f1xx_hal_i2c.o
                0x080041b8                HAL_I2C_Mem_Write_IT
 .text.HAL_I2C_IsDeviceReady
                0x08004310      0x25c ./Drivers/STM32F1xx_HAL_Driver/Src/stm32f1xx_hal_i2c.o
                0x08004310                HAL_I2C_IsDeviceReady
 .text.HAL_I2C_EV_IRQHandler
                0x0800456c      0x2e2 ./Drivers/STM32F1xx_HAL_Driver/Src/stm32f1xx_hal_i2c.o
                0x0800456c                HAL_I2C_EV_IRQHandler
 .text.HAL_I2C_MasterTxCpltCallback
                0x0800484e       0x12 ./Drivers/STM32F1xx_HAL_Driver/Src/stm32f1xx_hal_i2c.o
                0x0800484e                HAL_I2C_MasterTxCpltCallback
 .text.HAL_I2C_MasterRxCpltCallback
                0x08004860       0x12 ./Drivers/STM32F1xx_HAL_Driver/Src/stm32f1xx_hal_i2c.o
                0x08004860                HAL_I2C_MasterRxCpltCallback
 .text.HAL_I2C_SlaveTxCpltCallback
                0x08004872       0x12 ./Drivers/STM32F1xx_HAL_Driver/Src/stm32f1xx_hal_i2c.o
                0x08004872                HAL_I2C_SlaveTxCpltCallback
 .text.HAL_I2C_SlaveRxCpltCallback
                0x08004884       0x12 ./Drivers/STM32F1xx_HAL_Driver/Src/stm32f1xx_hal_i2c.o
                0x08004884                HAL_I2C_SlaveRxCpltCallback
 .text.HAL_I2C_AddrCallback
                0x08004896       0x1a ./Drivers/STM32F1xx_HAL_Driver/Src/stm32f1xx_hal_i2c.o
                0x08004896                HAL_I2C_AddrCallback
 .text.HAL_I2C_ListenCpltCallback
                0x080048b0       0x12 ./Drivers/STM32F1xx_HAL_Driver/Src/stm32f1xx_hal_i2c.o
                0x080048b0                HAL_I2C_ListenCpltCallback
 .text.HAL_I2C_MemRxCpltCallback
                0x080048c2       0x12 ./Drivers/STM32F1xx_HAL_Driver/Src/stm32f1xx_hal_i2c.o
                0x080048c2                HAL_I2C_MemRxCpltCallback
 .text.HAL_I2C_ErrorCallback
                0x080048d4       0x12 ./Drivers/STM32F1xx_HAL_Driver/Src/stm32f1xx_hal_i2c.o
                0x080048d4                HAL_I2C_ErrorCallback
 .text.HAL_I2C_AbortCpltCallback
                0x080048e6       0x12 ./Drivers/STM32F1xx_HAL_Driver/Src/stm32f1xx_hal_i2c.o
                0x080048e6                HAL_I2C_AbortCpltCallback
 .text.I2C_MasterTransmit_TXE
                0x080048f8      0x138 ./Drivers/STM32F1xx_HAL_Driver/Src/stm32f1xx_hal_i2c.o
 .text.I2C_MasterTransmit_BTF
                0x08004a30       0xec ./Drivers/STM32F1xx_HAL_Driver/Src/stm32f1xx_hal_i2c.o
 .text.I2C_MemoryTransmit_TXE_BTF
                0x08004b1c      0x130 ./Drivers/STM32F1xx_HAL_Driver/Src/stm32f1xx_hal_i2c.o
 .text.I2C_MasterReceive_RXNE
                0x08004c4c      0x190 ./Drivers/STM32F1xx_HAL_Driver/Src/stm32f1xx_hal_i2c.o
 .text.I2C_MasterReceive_BTF
                0x08004ddc      0x1e2 ./Drivers/STM32F1xx_HAL_Driver/Src/stm32f1xx_hal_i2c.o
 .text.I2C_Master_SB
                0x08004fbe      0x10a ./Drivers/STM32F1xx_HAL_Driver/Src/stm32f1xx_hal_i2c.o
 .text.I2C_Master_ADD10
                0x080050c8       0x52 ./Drivers/STM32F1xx_HAL_Driver/Src/stm32f1xx_hal_i2c.o
 .text.I2C_Master_ADDR
                0x0800511a      0x336 ./Drivers/STM32F1xx_HAL_Driver/Src/stm32f1xx_hal_i2c.o
 .text.I2C_SlaveTransmit_TXE
                0x08005450       0x7a ./Drivers/STM32F1xx_HAL_Driver/Src/stm32f1xx_hal_i2c.o
 .text.I2C_SlaveTransmit_BTF
                0x080054ca       0x40 ./Drivers/STM32F1xx_HAL_Driver/Src/stm32f1xx_hal_i2c.o
 .text.I2C_SlaveReceive_RXNE
                0x0800550a       0x7c ./Drivers/STM32F1xx_HAL_Driver/Src/stm32f1xx_hal_i2c.o
 .text.I2C_SlaveReceive_BTF
                0x08005586       0x42 ./Drivers/STM32F1xx_HAL_Driver/Src/stm32f1xx_hal_i2c.o
 .text.I2C_Slave_ADDR
                0x080055c8       0x94 ./Drivers/STM32F1xx_HAL_Driver/Src/stm32f1xx_hal_i2c.o
 .text.I2C_Slave_STOPF
                0x0800565c      0x260 ./Drivers/STM32F1xx_HAL_Driver/Src/stm32f1xx_hal_i2c.o
 .text.I2C_ITError
                0x080058bc      0x264 ./Drivers/STM32F1xx_HAL_Driver/Src/stm32f1xx_hal_i2c.o
 .text.I2C_RequestMemoryWrite
                0x08005b20      0x12c ./Drivers/STM32F1xx_HAL_Driver/Src/stm32f1xx_hal_i2c.o
 .text.I2C_RequestMemoryRead
                0x08005c4c      0x1d0 ./Drivers/STM32F1xx_HAL_Driver/Src/stm32f1xx_hal_i2c.o
 .text.I2C_DMAAbort
                0x08005e1c      0x150 ./Drivers/STM32F1xx_HAL_Driver/Src/stm32f1xx_hal_i2c.o
 .text.I2C_WaitOnFlagUntilTimeout
                0x08005f6c       0xf4 ./Drivers/STM32F1xx_HAL_Driver/Src/stm32f1xx_hal_i2c.o
 .text.I2C_WaitOnMasterAddressFlagUntilTimeout
                0x08006060      0x140 ./Drivers/STM32F1xx_HAL_Driver/Src/stm32f1xx_hal_i2c.o
 .text.I2C_WaitOnTXEFlagUntilTimeout
                0x080061a0       0x90 ./Drivers/STM32F1xx_HAL_Driver/Src/stm32f1xx_hal_i2c.o
 .text.I2C_WaitOnBTFFlagUntilTimeout
                0x08006230       0x90 ./Drivers/STM32F1xx_HAL_Driver/Src/stm32f1xx_hal_i2c.o
 .text.I2C_WaitOnSTOPRequestThroughIT
                0x080062c0       0x64 ./Drivers/STM32F1xx_HAL_Driver/Src/stm32f1xx_hal_i2c.o
 .text.I2C_WaitOnRXNEFlagUntilTimeout
                0x08006324       0xba ./Drivers/STM32F1xx_HAL_Driver/Src/stm32f1xx_hal_i2c.o
 .text.I2C_IsAcknowledgeFailed
                0x080063de       0x5c ./Drivers/STM32F1xx_HAL_Driver/Src/stm32f1xx_hal_i2c.o
 .text.I2C_ConvertOtherXferOptions
                0x0800643a       0x34 ./Drivers/STM32F1xx_HAL_Driver/Src/stm32f1xx_hal_i2c.o
 *fill*         0x0800646e        0x2 
 .text.HAL_RCC_OscConfig
                0x08006470      0x504 ./Drivers/STM32F1xx_HAL_Driver/Src/stm32f1xx_hal_rcc.o
                0x08006470                HAL_RCC_OscConfig
 .text.HAL_RCC_ClockConfig
                0x08006974      0x1d4 ./Drivers/STM32F1xx_HAL_Driver/Src/stm32f1xx_hal_rcc.o
                0x08006974                HAL_RCC_ClockConfig
 .text.HAL_RCC_GetSysClockFreq
                0x08006b48       0xa8 ./Drivers/STM32F1xx_HAL_Driver/Src/stm32f1xx_hal_rcc.o
                0x08006b48                HAL_RCC_GetSysClockFreq
 .text.HAL_RCC_GetHCLKFreq
                0x08006bf0       0x14 ./Drivers/STM32F1xx_HAL_Driver/Src/stm32f1xx_hal_rcc.o
                0x08006bf0                HAL_RCC_GetHCLKFreq
 .text.HAL_RCC_GetPCLK1Freq
                0x08006c04       0x28 ./Drivers/STM32F1xx_HAL_Driver/Src/stm32f1xx_hal_rcc.o
                0x08006c04                HAL_RCC_GetPCLK1Freq
 .text.HAL_RCC_GetPCLK2Freq
                0x08006c2c       0x28 ./Drivers/STM32F1xx_HAL_Driver/Src/stm32f1xx_hal_rcc.o
                0x08006c2c                HAL_RCC_GetPCLK2Freq
 .text.RCC_Delay
                0x08006c54       0x3c ./Drivers/STM32F1xx_HAL_Driver/Src/stm32f1xx_hal_rcc.o
 .text.HAL_SPI_Init
                0x08006c90      0x108 ./Drivers/STM32F1xx_HAL_Driver/Src/stm32f1xx_hal_spi.o
                0x08006c90                HAL_SPI_Init
 .text.HAL_SPI_Transmit
                0x08006d98      0x288 ./Drivers/STM32F1xx_HAL_Driver/Src/stm32f1xx_hal_spi.o
                0x08006d98                HAL_SPI_Transmit
 .text.HAL_SPI_TransmitReceive
                0x08007020      0x352 ./Drivers/STM32F1xx_HAL_Driver/Src/stm32f1xx_hal_spi.o
                0x08007020                HAL_SPI_TransmitReceive
 .text.HAL_SPI_GetState
                0x08007372       0x1a ./Drivers/STM32F1xx_HAL_Driver/Src/stm32f1xx_hal_spi.o
                0x08007372                HAL_SPI_GetState
 .text.SPI_WaitFlagStateUntilTimeout
                0x0800738c      0x110 ./Drivers/STM32F1xx_HAL_Driver/Src/stm32f1xx_hal_spi.o
 .text.SPI_EndRxTxTransaction
                0x0800749c       0x62 ./Drivers/STM32F1xx_HAL_Driver/Src/stm32f1xx_hal_spi.o
 .text.HAL_UART_Init
                0x080074fe       0xa0 ./Drivers/STM32F1xx_HAL_Driver/Src/stm32f1xx_hal_uart.o
                0x080074fe                HAL_UART_Init
 .text.HAL_UART_Transmit
                0x0800759e      0x116 ./Drivers/STM32F1xx_HAL_Driver/Src/stm32f1xx_hal_uart.o
                0x0800759e                HAL_UART_Transmit
 .text.HAL_UARTEx_ReceiveToIdle_IT
                0x080076b4       0xba ./Drivers/STM32F1xx_HAL_Driver/Src/stm32f1xx_hal_uart.o
                0x080076b4                HAL_UARTEx_ReceiveToIdle_IT
 *fill*         0x0800776e        0x2 
 .text.HAL_UART_IRQHandler
                0x08007770      0x524 ./Drivers/STM32F1xx_HAL_Driver/Src/stm32f1xx_hal_uart.o
                0x08007770                HAL_UART_IRQHandler
 .text.HAL_UART_TxCpltCallback
                0x08007c94       0x12 ./Drivers/STM32F1xx_HAL_Driver/Src/stm32f1xx_hal_uart.o
                0x08007c94                HAL_UART_TxCpltCallback
 .text.HAL_UART_RxCpltCallback
                0x08007ca6       0x12 ./Drivers/STM32F1xx_HAL_Driver/Src/stm32f1xx_hal_uart.o
                0x08007ca6                HAL_UART_RxCpltCallback
 .text.HAL_UART_ErrorCallback
                0x08007cb8       0x12 ./Drivers/STM32F1xx_HAL_Driver/Src/stm32f1xx_hal_uart.o
                0x08007cb8                HAL_UART_ErrorCallback
 .text.UART_WaitOnFlagUntilTimeout
                0x08007cca       0xb2 ./Drivers/STM32F1xx_HAL_Driver/Src/stm32f1xx_hal_uart.o
 .text.UART_Start_Receive_IT
                0x08007d7c       0x72 ./Drivers/STM32F1xx_HAL_Driver/Src/stm32f1xx_hal_uart.o
                0x08007d7c                UART_Start_Receive_IT
 .text.UART_EndRxTransfer
                0x08007dee       0xc4 ./Drivers/STM32F1xx_HAL_Driver/Src/stm32f1xx_hal_uart.o
 .text.UART_DMAAbortOnError
                0x08007eb2       0x28 ./Drivers/STM32F1xx_HAL_Driver/Src/stm32f1xx_hal_uart.o
 .text.UART_Transmit_IT
                0x08007eda       0x9e ./Drivers/STM32F1xx_HAL_Driver/Src/stm32f1xx_hal_uart.o
 .text.UART_EndTransmit_IT
                0x08007f78       0x30 ./Drivers/STM32F1xx_HAL_Driver/Src/stm32f1xx_hal_uart.o
 .text.UART_Receive_IT
                0x08007fa8      0x17c ./Drivers/STM32F1xx_HAL_Driver/Src/stm32f1xx_hal_uart.o
 .text.UART_SetConfig
                0x08008124      0x11c ./Drivers/STM32F1xx_HAL_Driver/Src/stm32f1xx_hal_uart.o
 .text.MX_FATFS_Init
                0x08008240       0x24 ./FATFS/App/fatfs.o
                0x08008240                MX_FATFS_Init
 .text.USER_initialize
                0x08008264       0x1e ./FATFS/Target/user_diskio.o
                0x08008264                USER_initialize
 .text.USER_status
                0x08008282       0x1e ./FATFS/Target/user_diskio.o
                0x08008282                USER_status
 .text.USER_read
                0x080082a0       0x28 ./FATFS/Target/user_diskio.o
                0x080082a0                USER_read
 .text.USER_write
                0x080082c8       0x28 ./FATFS/Target/user_diskio.o
                0x080082c8                USER_write
 .text.USER_ioctl
                0x080082f0       0x28 ./FATFS/Target/user_diskio.o
                0x080082f0                USER_ioctl
 .text.FATFS_LinkDriverEx
                0x08008318       0x94 ./Middlewares/Third_Party/FatFs/src/ff_gen_drv.o
                0x08008318                FATFS_LinkDriverEx
 .text.FATFS_LinkDriver
                0x080083ac       0x1e ./Middlewares/Third_Party/FatFs/src/ff_gen_drv.o
                0x080083ac                FATFS_LinkDriver
 *fill*         0x080083ca        0x2 
 .text.Screen_begin
                0x080083cc       0x74 ./app/Screen.o
                0x080083cc                Screen_begin
 .text.Screen_RX_data
                0x08008440       0x1c ./app/Screen.o
                0x08008440                Screen_RX_data
 .text.Screen_RX_Callback
                0x0800845c       0x64 ./app/Screen.o
                0x0800845c                Screen_RX_Callback
 .text.Navigation_setting_page
                0x080084c0       0x22 ./app/Screen.o
                0x080084c0                Navigation_setting_page
 .text.Navigation_home_page
                0x080084e2       0x54 ./app/Screen.o
                0x080084e2                Navigation_home_page
 *fill*         0x08008536        0x2 
 .text.Navigation_setting_program
                0x08008538       0x34 ./app/Screen.o
                0x08008538                Navigation_setting_program
 .text.Navigation_setting_time
                0x0800856c       0x1a ./app/Screen.o
                0x0800856c                Navigation_setting_time
 .text.Navigation_setting_wifi
                0x08008586       0x5e ./app/Screen.o
                0x08008586                Navigation_setting_wifi
 .text.Navigation_modify_program
                0x080085e4       0xec ./app/Screen.o
                0x080085e4                Navigation_modify_program
 .text.Navigation_Change_MainPage
                0x080086d0       0xa4 ./app/Screen.o
                0x080086d0                Navigation_Change_MainPage
 .text.Navigation_Change_CaseTest
                0x08008774      0x1b4 ./app/Screen.o
                0x08008774                Navigation_Change_CaseTest
 .text.ON_OFF_Button
                0x08008928       0xfc ./app/Screen.o
                0x08008928                ON_OFF_Button
 .text.select_running_program
                0x08008a24       0x22 ./app/Screen.o
                0x08008a24                select_running_program
 *fill*         0x08008a46        0x2 
 .text.select_modify_program
                0x08008a48       0xfc ./app/Screen.o
                0x08008a48                select_modify_program
 .text.Navigation_num_keyboard
                0x08008b44       0x4a ./app/Screen.o
                0x08008b44                Navigation_num_keyboard
 .text.Navigation_full_keyboard
                0x08008b8e       0x4a ./app/Screen.o
                0x08008b8e                Navigation_full_keyboard
 .text.Save_Information
                0x08008bd8       0x14 ./app/Screen.o
                0x08008bd8                Save_Information
 .text.Enter_password
                0x08008bec       0xb8 ./app/Screen.o
                0x08008bec                Enter_password
 .text.Enter_num_keyboard
                0x08008ca4       0xa8 ./app/Screen.o
                0x08008ca4                Enter_num_keyboard
 .text.Keyboard
                0x08008d4c      0x14c ./app/Screen.o
                0x08008d4c                Keyboard
 .text.Index_VP
                0x08008e98       0x78 ./app/Screen.o
                0x08008e98                Index_VP
 .text.Screen_init_handler_table
                0x08008f10      0x100 ./app/Screen.o
                0x08008f10                Screen_init_handler_table
 .text.Screen_excute_RX_function
                0x08009010       0x7e ./app/Screen.o
                0x08009010                Screen_excute_RX_function
 *fill*         0x0800908e        0x2 
 .text.Screen_CheckInput_Keyboard
                0x08009090      0x140 ./app/Screen.o
                0x08009090                Screen_CheckInput_Keyboard
 .text.Screen_Init_Variable
                0x080091d0      0x238 ./app/Screen.o
                0x080091d0                Screen_Init_Variable
 .text.Screen_ShowData_Mainpage
                0x08009408      0x1cc ./app/Screen.o
                0x08009408                Screen_ShowData_Mainpage
 .text.get_data_testing_ic
                0x080095d4      0x38c ./app/Screen.o
 .text.show_main_page
                0x08009960      0x160 ./app/Screen.o
                0x08009960                show_main_page
 .text.get_data_testing_finish
                0x08009ac0      0x188 ./app/Screen.o
                0x08009ac0                get_data_testing_finish
 .text.show_text_short_circuit
                0x08009c48      0x234 ./app/Screen.o
                0x08009c48                show_text_short_circuit
 .text.eeprom_task_init
                0x08009e7c       0xe0 ./app/app_eeprom.o
                0x08009e7c                eeprom_task_init
 .text.eeprom_ctor
                0x08009f5c       0x44 ./app/app_eeprom.o
                0x08009f5c                eeprom_ctor
 .text.eeprom_init
                0x08009fa0       0xa0 ./app/app_eeprom.o
 .text.eeprom_dispatch
                0x0800a040      0x304 ./app/app_eeprom.o
 .text.write_buffer_with_task
                0x0800a344       0x7c ./app/app_eeprom.o
 .text.write_data_test_ic
                0x0800a3c0      0x124 ./app/app_eeprom.o
                0x0800a3c0                write_data_test_ic
 .text.I2C1_ER_IRQHandler
                0x0800a4e4        0xc ./app/app_main.o
                0x0800a4e4                I2C1_ER_IRQHandler
 .text.RTC_IRQHandler
                0x0800a4f0        0xe ./app/app_main.o
                0x0800a4f0                RTC_IRQHandler
 *fill*         0x0800a4fe        0x2 
 .text.BSP_init
                0x0800a500       0x5c ./app/app_main.o
                0x0800a500                BSP_init
 .text.TestOS_Work
                0x0800a55c       0x2c ./app/app_main.o
                0x0800a55c                TestOS_Work
 .text.Post_task_init
                0x0800a588       0x40 ./app/app_post_test.o
                0x0800a588                Post_task_init
 .text.PostApp_ctor
                0x0800a5c8       0x38 ./app/app_post_test.o
                0x0800a5c8                PostApp_ctor
 .text.PostApp_init
                0x0800a600       0x22 ./app/app_post_test.o
                0x0800a600                PostApp_init
 *fill*         0x0800a622        0x2 
 .text.PostApp_dispatch
                0x0800a624       0x50 ./app/app_post_test.o
                0x0800a624                PostApp_dispatch
 .text.screen_task_init
                0x0800a674       0x14 ./app/app_screen.o
                0x0800a674                screen_task_init
 .text.screen_ctor
                0x0800a688       0x28 ./app/app_screen.o
                0x0800a688                screen_ctor
 .text.screen_init
                0x0800a6b0       0x14 ./app/app_screen.o
 .text.screen_dispatch
                0x0800a6c4       0x48 ./app/app_screen.o
 .text.BlinkyTest_app_init
                0x0800a70c       0xb0 ./app/test_os.o
                0x0800a70c                BlinkyTest_app_init
 .text.BlinkyTest_ctor
                0x0800a7bc       0x70 ./app/test_os.o
                0x0800a7bc                BlinkyTest_ctor
 .text.BlinkyTest_init
                0x0800a82c       0x7a ./app/test_os.o
                0x0800a82c                BlinkyTest_init
 *fill*         0x0800a8a6        0x2 
 .text.BlinkyTest_Dispatch
                0x0800a8a8      0x274 ./app/test_os.o
                0x0800a8a8                BlinkyTest_Dispatch
 .text.AT24Cxx_Init
                0x0800ab1c       0x44 ./lib/AT24Cxx.o
                0x0800ab1c                AT24Cxx_Init
 .text.AT24Cxx_write_buffer
                0x0800ab60       0x50 ./lib/AT24Cxx.o
                0x0800ab60                AT24Cxx_write_buffer
 .text.AT24Cxx_write_buffer_bloking
                0x0800abb0      0x200 ./lib/AT24Cxx.o
                0x0800abb0                AT24Cxx_write_buffer_bloking
 .text.AT24Cxx_read_buffer
                0x0800adb0       0x54 ./lib/AT24Cxx.o
                0x0800adb0                AT24Cxx_read_buffer
 .text.DS3231_Init
                0x0800ae04       0x46 ./lib/DS3231.o
                0x0800ae04                DS3231_Init
 .text.DS3231_Read_time
                0x0800ae4a       0xba ./lib/DS3231.o
                0x0800ae4a                DS3231_Read_time
 .text.bcdToDec
                0x0800af04       0x2e ./lib/DS3231.o
 .text.DWIN_SetPage
                0x0800af32       0x4e ./lib/DWIN_HMI.o
                0x0800af32                DWIN_SetPage
 .text.DWIN_SetText
                0x0800af80       0xde ./lib/DWIN_HMI.o
                0x0800af80                DWIN_SetText
 *fill*         0x0800b05e        0x2 
 .text.DWIN_ClearText
                0x0800b060       0x24 ./lib/DWIN_HMI.o
                0x0800b060                DWIN_ClearText
 .text.DWIN_SetVariable_Icon
                0x0800b084       0x5a ./lib/DWIN_HMI.o
                0x0800b084                DWIN_SetVariable_Icon
 .text.DWIN_SetArray_Icon
                0x0800b0de       0xf8 ./lib/DWIN_HMI.o
                0x0800b0de                DWIN_SetArray_Icon
 .text.DWIN_SetCallback
                0x0800b1d6       0x1a ./lib/DWIN_HMI.o
                0x0800b1d6                DWIN_SetCallback
 .text.DWIN_Listen
                0x0800b1f0       0x82 ./lib/DWIN_HMI.o
                0x0800b1f0                DWIN_Listen
 .text.isotp_ms_to_st_min
                0x0800b272       0x26 ./lib/ISO_TP/isotp.o
 .text.isotp_st_min_to_ms
                0x0800b298       0x3a ./lib/ISO_TP/isotp.o
 .text.isotp_send_flow_control
                0x0800b2d2       0x70 ./lib/ISO_TP/isotp.o
 *fill*         0x0800b342        0x2 
 .text.isotp_send_single_frame
                0x0800b344       0x94 ./lib/ISO_TP/isotp.o
 .text.isotp_send_first_frame
                0x0800b3d8       0x94 ./lib/ISO_TP/isotp.o
 .text.isotp_send_consecutive_frame
                0x0800b46c       0xd4 ./lib/ISO_TP/isotp.o
 .text.isotp_receive_single_frame
                0x0800b540       0x70 ./lib/ISO_TP/isotp.o
 .text.isotp_receive_first_frame
                0x0800b5b0       0x9c ./lib/ISO_TP/isotp.o
 .text.isotp_receive_consecutive_frame
                0x0800b64c       0xa8 ./lib/ISO_TP/isotp.o
 .text.isotp_receive_flow_control_frame
                0x0800b6f4       0x30 ./lib/ISO_TP/isotp.o
 .text.isotp_send
                0x0800b724       0x26 ./lib/ISO_TP/isotp.o
                0x0800b724                isotp_send
 *fill*         0x0800b74a        0x2 
 .text.isotp_send_with_id
                0x0800b74c       0xf4 ./lib/ISO_TP/isotp.o
                0x0800b74c                isotp_send_with_id
 .text.isotp_on_can_message
                0x0800b840      0x2a4 ./lib/ISO_TP/isotp.o
                0x0800b840                isotp_on_can_message
 .text.isotp_receive
                0x0800bae4       0x58 ./lib/ISO_TP/isotp.o
                0x0800bae4                isotp_receive
 .text.isotp_init_link
                0x0800bb3c       0x4e ./lib/ISO_TP/isotp.o
                0x0800bb3c                isotp_init_link
 .text.isotp_poll
                0x0800bb8a      0x102 ./lib/ISO_TP/isotp.o
                0x0800bb8a                isotp_poll
 .text.OS_task_init
                0x0800bc8c       0x22 ./os/os.o
                0x0800bc8c                OS_task_init
 .text.OS_task_create
                0x0800bcae       0x64 ./os/os.o
                0x0800bcae                OS_task_create
 *fill*         0x0800bd12        0x2 
 .text.OS_task_post
                0x0800bd14       0xdc ./os/os.o
                0x0800bd14                OS_task_post
 .text.OS_task_post_event
                0x0800bdf0       0x3a ./os/os.o
                0x0800bdf0                OS_task_post_event
 *fill*         0x0800be2a        0x2 
 .text.OS_TimeEvt_init
                0x0800be2c       0x4c ./os/os.o
                0x0800be2c                OS_TimeEvt_init
 .text.OS_TimeEvt_Set
                0x0800be78       0x2e ./os/os.o
                0x0800be78                OS_TimeEvt_Set
 .text.OS_TimeEvt_Stop
                0x0800bea6       0x26 ./os/os.o
                0x0800bea6                OS_TimeEvt_Stop
 .text.OS_TimeEvt_tick
                0x0800becc       0x78 ./os/os.o
                0x0800becc                OS_TimeEvt_tick
 .text.OS_task_activate
                0x0800bf44       0xd4 ./os/os.o
                0x0800bf44                OS_task_activate
 .text.OS_priority_IRQ
                0x0800c018       0x34 ./os/os.o
                0x0800c018                OS_priority_IRQ
 .text.OS_prio_setIRQ
                0x0800c04c       0x38 ./os/os.o
                0x0800c04c                OS_prio_setIRQ
 .text.OS_Test_setIRQ
                0x0800c084       0x1c ./os/os.o
                0x0800c084                OS_Test_setIRQ
 .text.dynamic_event_pool_init
                0x0800c0a0       0x44 ./os/os_event.o
                0x0800c0a0                dynamic_event_pool_init
 .text.free_dynamic_event
                0x0800c0e4       0x58 ./os/os_event.o
                0x0800c0e4                free_dynamic_event
 .text.get_dynamic_event
                0x0800c13c       0x54 ./os/os_event.o
                0x0800c13c                get_dynamic_event
 .text.set_data_dynamic_event
                0x0800c190       0x44 ./os/os_event.o
                0x0800c190                set_data_dynamic_event
 .text.set_sig_dynamic_event
                0x0800c1d4       0x1e ./os/os_event.o
                0x0800c1d4                set_sig_dynamic_event
 .text.get_data_dynamic_event
                0x0800c1f2       0x16 ./os/os_event.o
                0x0800c1f2                get_data_dynamic_event
 .text.__assert_func
                0x0800c208       0x3c C:/ST/STM32CubeIDE_1.16.0/STM32CubeIDE/plugins/com.st.stm32cube.ide.mcu.externaltools.gnu-tools-for-stm32.13.3.rel1.win32_1.0.0.202411081344/tools/bin/../lib/gcc/arm-none-eabi/13.3.1/../../../../arm-none-eabi/lib/thumb/v7-m/nofp\libc_nano.a(libc_a-assert.o)
                0x0800c208                __assert_func
 .text.atof     0x0800c244        0x6 C:/ST/STM32CubeIDE_1.16.0/STM32CubeIDE/plugins/com.st.stm32cube.ide.mcu.externaltools.gnu-tools-for-stm32.13.3.rel1.win32_1.0.0.202411081344/tools/bin/../lib/gcc/arm-none-eabi/13.3.1/../../../../arm-none-eabi/lib/thumb/v7-m/nofp\libc_nano.a(libc_a-atof.o)
                0x0800c244                atof
 .text.atoi     0x0800c24a        0x8 C:/ST/STM32CubeIDE_1.16.0/STM32CubeIDE/plugins/com.st.stm32cube.ide.mcu.externaltools.gnu-tools-for-stm32.13.3.rel1.win32_1.0.0.202411081344/tools/bin/../lib/gcc/arm-none-eabi/13.3.1/../../../../arm-none-eabi/lib/thumb/v7-m/nofp\libc_nano.a(libc_a-atoi.o)
                0x0800c24a                atoi
 *fill*         0x0800c252        0x2 
 .text.malloc   0x0800c254       0x10 C:/ST/STM32CubeIDE_1.16.0/STM32CubeIDE/plugins/com.st.stm32cube.ide.mcu.externaltools.gnu-tools-for-stm32.13.3.rel1.win32_1.0.0.202411081344/tools/bin/../lib/gcc/arm-none-eabi/13.3.1/../../../../arm-none-eabi/lib/thumb/v7-m/nofp\libc_nano.a(libc_a-malloc.o)
                0x0800c254                malloc
 .text.free     0x0800c264       0x10 C:/ST/STM32CubeIDE_1.16.0/STM32CubeIDE/plugins/com.st.stm32cube.ide.mcu.externaltools.gnu-tools-for-stm32.13.3.rel1.win32_1.0.0.202411081344/tools/bin/../lib/gcc/arm-none-eabi/13.3.1/../../../../arm-none-eabi/lib/thumb/v7-m/nofp\libc_nano.a(libc_a-malloc.o)
                0x0800c264                free
 .text.sbrk_aligned
                0x0800c274       0x44 C:/ST/STM32CubeIDE_1.16.0/STM32CubeIDE/plugins/com.st.stm32cube.ide.mcu.externaltools.gnu-tools-for-stm32.13.3.rel1.win32_1.0.0.202411081344/tools/bin/../lib/gcc/arm-none-eabi/13.3.1/../../../../arm-none-eabi/lib/thumb/v7-m/nofp\libc_nano.a(libc_a-mallocr.o)
 .text._malloc_r
                0x0800c2b8      0x100 C:/ST/STM32CubeIDE_1.16.0/STM32CubeIDE/plugins/com.st.stm32cube.ide.mcu.externaltools.gnu-tools-for-stm32.13.3.rel1.win32_1.0.0.202411081344/tools/bin/../lib/gcc/arm-none-eabi/13.3.1/../../../../arm-none-eabi/lib/thumb/v7-m/nofp\libc_nano.a(libc_a-mallocr.o)
                0x0800c2b8                _malloc_r
 .text.__malloc_lock
                0x0800c3b8        0xc C:/ST/STM32CubeIDE_1.16.0/STM32CubeIDE/plugins/com.st.stm32cube.ide.mcu.externaltools.gnu-tools-for-stm32.13.3.rel1.win32_1.0.0.202411081344/tools/bin/../lib/gcc/arm-none-eabi/13.3.1/../../../../arm-none-eabi/lib/thumb/v7-m/nofp\libc_nano.a(libc_a-mlock.o)
                0x0800c3b8                __malloc_lock
 .text.__malloc_unlock
                0x0800c3c4        0xc C:/ST/STM32CubeIDE_1.16.0/STM32CubeIDE/plugins/com.st.stm32cube.ide.mcu.externaltools.gnu-tools-for-stm32.13.3.rel1.win32_1.0.0.202411081344/tools/bin/../lib/gcc/arm-none-eabi/13.3.1/../../../../arm-none-eabi/lib/thumb/v7-m/nofp\libc_nano.a(libc_a-mlock.o)
                0x0800c3c4                __malloc_unlock
 .text.sulp     0x0800c3d0       0x42 C:/ST/STM32CubeIDE_1.16.0/STM32CubeIDE/plugins/com.st.stm32cube.ide.mcu.externaltools.gnu-tools-for-stm32.13.3.rel1.win32_1.0.0.202411081344/tools/bin/../lib/gcc/arm-none-eabi/13.3.1/../../../../arm-none-eabi/lib/thumb/v7-m/nofp\libc_nano.a(libc_a-strtod.o)
 *fill*         0x0800c412        0x6 
 .text._strtod_l
                0x0800c418      0xbb0 C:/ST/STM32CubeIDE_1.16.0/STM32CubeIDE/plugins/com.st.stm32cube.ide.mcu.externaltools.gnu-tools-for-stm32.13.3.rel1.win32_1.0.0.202411081344/tools/bin/../lib/gcc/arm-none-eabi/13.3.1/../../../../arm-none-eabi/lib/thumb/v7-m/nofp\libc_nano.a(libc_a-strtod.o)
                0x0800c418                _strtod_l
 .text._strtod_r
                0x0800cfc8        0xc C:/ST/STM32CubeIDE_1.16.0/STM32CubeIDE/plugins/com.st.stm32cube.ide.mcu.externaltools.gnu-tools-for-stm32.13.3.rel1.win32_1.0.0.202411081344/tools/bin/../lib/gcc/arm-none-eabi/13.3.1/../../../../arm-none-eabi/lib/thumb/v7-m/nofp\libc_nano.a(libc_a-strtod.o)
                0x0800cfc8                _strtod_r
 .text.strtod   0x0800cfd4       0x18 C:/ST/STM32CubeIDE_1.16.0/STM32CubeIDE/plugins/com.st.stm32cube.ide.mcu.externaltools.gnu-tools-for-stm32.13.3.rel1.win32_1.0.0.202411081344/tools/bin/../lib/gcc/arm-none-eabi/13.3.1/../../../../arm-none-eabi/lib/thumb/v7-m/nofp\libc_nano.a(libc_a-strtod.o)
                0x0800cfd4                strtod
 .text._strtol_l.isra.0
                0x0800cfec       0xf4 C:/ST/STM32CubeIDE_1.16.0/STM32CubeIDE/plugins/com.st.stm32cube.ide.mcu.externaltools.gnu-tools-for-stm32.13.3.rel1.win32_1.0.0.202411081344/tools/bin/../lib/gcc/arm-none-eabi/13.3.1/../../../../arm-none-eabi/lib/thumb/v7-m/nofp\libc_nano.a(libc_a-strtol.o)
 .text._strtol_r
                0x0800d0e0        0x4 C:/ST/STM32CubeIDE_1.16.0/STM32CubeIDE/plugins/com.st.stm32cube.ide.mcu.externaltools.gnu-tools-for-stm32.13.3.rel1.win32_1.0.0.202411081344/tools/bin/../lib/gcc/arm-none-eabi/13.3.1/../../../../arm-none-eabi/lib/thumb/v7-m/nofp\libc_nano.a(libc_a-strtol.o)
                0x0800d0e0                _strtol_r
 .text.strtol   0x0800d0e4       0x14 C:/ST/STM32CubeIDE_1.16.0/STM32CubeIDE/plugins/com.st.stm32cube.ide.mcu.externaltools.gnu-tools-for-stm32.13.3.rel1.win32_1.0.0.202411081344/tools/bin/../lib/gcc/arm-none-eabi/13.3.1/../../../../arm-none-eabi/lib/thumb/v7-m/nofp\libc_nano.a(libc_a-strtol.o)
                0x0800d0e4                strtol
 .text.__cvt    0x0800d0f8       0xc8 C:/ST/STM32CubeIDE_1.16.0/STM32CubeIDE/plugins/com.st.stm32cube.ide.mcu.externaltools.gnu-tools-for-stm32.13.3.rel1.win32_1.0.0.202411081344/tools/bin/../lib/gcc/arm-none-eabi/13.3.1/../../../../arm-none-eabi/lib/thumb/v7-m/nofp\libc_nano.a(libc_a-nano-vfprintf_float.o)
                0x0800d0f8                __cvt
 .text.__exponent
                0x0800d1c0       0x74 C:/ST/STM32CubeIDE_1.16.0/STM32CubeIDE/plugins/com.st.stm32cube.ide.mcu.externaltools.gnu-tools-for-stm32.13.3.rel1.win32_1.0.0.202411081344/tools/bin/../lib/gcc/arm-none-eabi/13.3.1/../../../../arm-none-eabi/lib/thumb/v7-m/nofp\libc_nano.a(libc_a-nano-vfprintf_float.o)
                0x0800d1c0                __exponent
 .text._printf_float
                0x0800d234      0x458 C:/ST/STM32CubeIDE_1.16.0/STM32CubeIDE/plugins/com.st.stm32cube.ide.mcu.externaltools.gnu-tools-for-stm32.13.3.rel1.win32_1.0.0.202411081344/tools/bin/../lib/gcc/arm-none-eabi/13.3.1/../../../../arm-none-eabi/lib/thumb/v7-m/nofp\libc_nano.a(libc_a-nano-vfprintf_float.o)
                0x0800d234                _printf_float
 .text._printf_common
                0x0800d68c       0xe4 C:/ST/STM32CubeIDE_1.16.0/STM32CubeIDE/plugins/com.st.stm32cube.ide.mcu.externaltools.gnu-tools-for-stm32.13.3.rel1.win32_1.0.0.202411081344/tools/bin/../lib/gcc/arm-none-eabi/13.3.1/../../../../arm-none-eabi/lib/thumb/v7-m/nofp\libc_nano.a(libc_a-nano-vfprintf_i.o)
                0x0800d68c                _printf_common
 .text._printf_i
                0x0800d770      0x23c C:/ST/STM32CubeIDE_1.16.0/STM32CubeIDE/plugins/com.st.stm32cube.ide.mcu.externaltools.gnu-tools-for-stm32.13.3.rel1.win32_1.0.0.202411081344/tools/bin/../lib/gcc/arm-none-eabi/13.3.1/../../../../arm-none-eabi/lib/thumb/v7-m/nofp\libc_nano.a(libc_a-nano-vfprintf_i.o)
                0x0800d770                _printf_i
 .text._scanf_float
                0x0800d9ac      0x414 C:/ST/STM32CubeIDE_1.16.0/STM32CubeIDE/plugins/com.st.stm32cube.ide.mcu.externaltools.gnu-tools-for-stm32.13.3.rel1.win32_1.0.0.202411081344/tools/bin/../lib/gcc/arm-none-eabi/13.3.1/../../../../arm-none-eabi/lib/thumb/v7-m/nofp\libc_nano.a(libc_a-nano-vfscanf_float.o)
                0x0800d9ac                _scanf_float
 .text.std      0x0800ddc0       0x6c C:/ST/STM32CubeIDE_1.16.0/STM32CubeIDE/plugins/com.st.stm32cube.ide.mcu.externaltools.gnu-tools-for-stm32.13.3.rel1.win32_1.0.0.202411081344/tools/bin/../lib/gcc/arm-none-eabi/13.3.1/../../../../arm-none-eabi/lib/thumb/v7-m/nofp\libc_nano.a(libc_a-findfp.o)
 .text.stdio_exit_handler
                0x0800de2c       0x18 C:/ST/STM32CubeIDE_1.16.0/STM32CubeIDE/plugins/com.st.stm32cube.ide.mcu.externaltools.gnu-tools-for-stm32.13.3.rel1.win32_1.0.0.202411081344/tools/bin/../lib/gcc/arm-none-eabi/13.3.1/../../../../arm-none-eabi/lib/thumb/v7-m/nofp\libc_nano.a(libc_a-findfp.o)
 .text.cleanup_stdio
                0x0800de44       0x40 C:/ST/STM32CubeIDE_1.16.0/STM32CubeIDE/plugins/com.st.stm32cube.ide.mcu.externaltools.gnu-tools-for-stm32.13.3.rel1.win32_1.0.0.202411081344/tools/bin/../lib/gcc/arm-none-eabi/13.3.1/../../../../arm-none-eabi/lib/thumb/v7-m/nofp\libc_nano.a(libc_a-findfp.o)
 .text.global_stdio_init.part.0
                0x0800de84       0x3c C:/ST/STM32CubeIDE_1.16.0/STM32CubeIDE/plugins/com.st.stm32cube.ide.mcu.externaltools.gnu-tools-for-stm32.13.3.rel1.win32_1.0.0.202411081344/tools/bin/../lib/gcc/arm-none-eabi/13.3.1/../../../../arm-none-eabi/lib/thumb/v7-m/nofp\libc_nano.a(libc_a-findfp.o)
 .text.__sfp_lock_acquire
                0x0800dec0        0xc C:/ST/STM32CubeIDE_1.16.0/STM32CubeIDE/plugins/com.st.stm32cube.ide.mcu.externaltools.gnu-tools-for-stm32.13.3.rel1.win32_1.0.0.202411081344/tools/bin/../lib/gcc/arm-none-eabi/13.3.1/../../../../arm-none-eabi/lib/thumb/v7-m/nofp\libc_nano.a(libc_a-findfp.o)
                0x0800dec0                __sfp_lock_acquire
 .text.__sfp_lock_release
                0x0800decc        0xc C:/ST/STM32CubeIDE_1.16.0/STM32CubeIDE/plugins/com.st.stm32cube.ide.mcu.externaltools.gnu-tools-for-stm32.13.3.rel1.win32_1.0.0.202411081344/tools/bin/../lib/gcc/arm-none-eabi/13.3.1/../../../../arm-none-eabi/lib/thumb/v7-m/nofp\libc_nano.a(libc_a-findfp.o)
                0x0800decc                __sfp_lock_release
 .text.__sinit  0x0800ded8       0x30 C:/ST/STM32CubeIDE_1.16.0/STM32CubeIDE/plugins/com.st.stm32cube.ide.mcu.externaltools.gnu-tools-for-stm32.13.3.rel1.win32_1.0.0.202411081344/tools/bin/../lib/gcc/arm-none-eabi/13.3.1/../../../../arm-none-eabi/lib/thumb/v7-m/nofp\libc_nano.a(libc_a-findfp.o)
                0x0800ded8                __sinit
 .text.fprintf  0x0800df08       0x24 C:/ST/STM32CubeIDE_1.16.0/STM32CubeIDE/plugins/com.st.stm32cube.ide.mcu.externaltools.gnu-tools-for-stm32.13.3.rel1.win32_1.0.0.202411081344/tools/bin/../lib/gcc/arm-none-eabi/13.3.1/../../../../arm-none-eabi/lib/thumb/v7-m/nofp\libc_nano.a(libc_a-fprintf.o)
                0x0800df08                fiprintf
                0x0800df08                fprintf
 .text._fwalk_sglue
                0x0800df2c       0x3c C:/ST/STM32CubeIDE_1.16.0/STM32CubeIDE/plugins/com.st.stm32cube.ide.mcu.externaltools.gnu-tools-for-stm32.13.3.rel1.win32_1.0.0.202411081344/tools/bin/../lib/gcc/arm-none-eabi/13.3.1/../../../../arm-none-eabi/lib/thumb/v7-m/nofp\libc_nano.a(libc_a-fwalk.o)
                0x0800df2c                _fwalk_sglue
 .text.printf   0x0800df68       0x24 C:/ST/STM32CubeIDE_1.16.0/STM32CubeIDE/plugins/com.st.stm32cube.ide.mcu.externaltools.gnu-tools-for-stm32.13.3.rel1.win32_1.0.0.202411081344/tools/bin/../lib/gcc/arm-none-eabi/13.3.1/../../../../arm-none-eabi/lib/thumb/v7-m/nofp\libc_nano.a(libc_a-printf.o)
                0x0800df68                iprintf
                0x0800df68                printf
 .text._puts_r  0x0800df8c       0xaa C:/ST/STM32CubeIDE_1.16.0/STM32CubeIDE/plugins/com.st.stm32cube.ide.mcu.externaltools.gnu-tools-for-stm32.13.3.rel1.win32_1.0.0.202411081344/tools/bin/../lib/gcc/arm-none-eabi/13.3.1/../../../../arm-none-eabi/lib/thumb/v7-m/nofp\libc_nano.a(libc_a-puts.o)
                0x0800df8c                _puts_r
 *fill*         0x0800e036        0x2 
 .text.puts     0x0800e038       0x10 C:/ST/STM32CubeIDE_1.16.0/STM32CubeIDE/plugins/com.st.stm32cube.ide.mcu.externaltools.gnu-tools-for-stm32.13.3.rel1.win32_1.0.0.202411081344/tools/bin/../lib/gcc/arm-none-eabi/13.3.1/../../../../arm-none-eabi/lib/thumb/v7-m/nofp\libc_nano.a(libc_a-puts.o)
                0x0800e038                puts
 .text.snprintf
                0x0800e048       0x6c C:/ST/STM32CubeIDE_1.16.0/STM32CubeIDE/plugins/com.st.stm32cube.ide.mcu.externaltools.gnu-tools-for-stm32.13.3.rel1.win32_1.0.0.202411081344/tools/bin/../lib/gcc/arm-none-eabi/13.3.1/../../../../arm-none-eabi/lib/thumb/v7-m/nofp\libc_nano.a(libc_a-snprintf.o)
                0x0800e048                sniprintf
                0x0800e048                snprintf
 .text.sprintf  0x0800e0b4       0x44 C:/ST/STM32CubeIDE_1.16.0/STM32CubeIDE/plugins/com.st.stm32cube.ide.mcu.externaltools.gnu-tools-for-stm32.13.3.rel1.win32_1.0.0.202411081344/tools/bin/../lib/gcc/arm-none-eabi/13.3.1/../../../../arm-none-eabi/lib/thumb/v7-m/nofp\libc_nano.a(libc_a-sprintf.o)
                0x0800e0b4                siprintf
                0x0800e0b4                sprintf
 .text.__sread  0x0800e0f8       0x22 C:/ST/STM32CubeIDE_1.16.0/STM32CubeIDE/plugins/com.st.stm32cube.ide.mcu.externaltools.gnu-tools-for-stm32.13.3.rel1.win32_1.0.0.202411081344/tools/bin/../lib/gcc/arm-none-eabi/13.3.1/../../../../arm-none-eabi/lib/thumb/v7-m/nofp\libc_nano.a(libc_a-stdio.o)
                0x0800e0f8                __sread
 .text.__swrite
                0x0800e11a       0x38 C:/ST/STM32CubeIDE_1.16.0/STM32CubeIDE/plugins/com.st.stm32cube.ide.mcu.externaltools.gnu-tools-for-stm32.13.3.rel1.win32_1.0.0.202411081344/tools/bin/../lib/gcc/arm-none-eabi/13.3.1/../../../../arm-none-eabi/lib/thumb/v7-m/nofp\libc_nano.a(libc_a-stdio.o)
                0x0800e11a                __swrite
 .text.__sseek  0x0800e152       0x24 C:/ST/STM32CubeIDE_1.16.0/STM32CubeIDE/plugins/com.st.stm32cube.ide.mcu.externaltools.gnu-tools-for-stm32.13.3.rel1.win32_1.0.0.202411081344/tools/bin/../lib/gcc/arm-none-eabi/13.3.1/../../../../arm-none-eabi/lib/thumb/v7-m/nofp\libc_nano.a(libc_a-stdio.o)
                0x0800e152                __sseek
 .text.__sclose
                0x0800e176        0x8 C:/ST/STM32CubeIDE_1.16.0/STM32CubeIDE/plugins/com.st.stm32cube.ide.mcu.externaltools.gnu-tools-for-stm32.13.3.rel1.win32_1.0.0.202411081344/tools/bin/../lib/gcc/arm-none-eabi/13.3.1/../../../../arm-none-eabi/lib/thumb/v7-m/nofp\libc_nano.a(libc_a-stdio.o)
                0x0800e176                __sclose
 .text.__swbuf_r
                0x0800e17e       0x7c C:/ST/STM32CubeIDE_1.16.0/STM32CubeIDE/plugins/com.st.stm32cube.ide.mcu.externaltools.gnu-tools-for-stm32.13.3.rel1.win32_1.0.0.202411081344/tools/bin/../lib/gcc/arm-none-eabi/13.3.1/../../../../arm-none-eabi/lib/thumb/v7-m/nofp\libc_nano.a(libc_a-wbuf.o)
                0x0800e17e                __swbuf_r
 *fill*         0x0800e1fa        0x2 
 .text.__swsetup_r
                0x0800e1fc       0xac C:/ST/STM32CubeIDE_1.16.0/STM32CubeIDE/plugins/com.st.stm32cube.ide.mcu.externaltools.gnu-tools-for-stm32.13.3.rel1.win32_1.0.0.202411081344/tools/bin/../lib/gcc/arm-none-eabi/13.3.1/../../../../arm-none-eabi/lib/thumb/v7-m/nofp\libc_nano.a(libc_a-wsetup.o)
                0x0800e1fc                __swsetup_r
 .text.memcmp   0x0800e2a8       0x20 C:/ST/STM32CubeIDE_1.16.0/STM32CubeIDE/plugins/com.st.stm32cube.ide.mcu.externaltools.gnu-tools-for-stm32.13.3.rel1.win32_1.0.0.202411081344/tools/bin/../lib/gcc/arm-none-eabi/13.3.1/../../../../arm-none-eabi/lib/thumb/v7-m/nofp\libc_nano.a(libc_a-memcmp.o)
                0x0800e2a8                memcmp
 .text.memset   0x0800e2c8       0x10 C:/ST/STM32CubeIDE_1.16.0/STM32CubeIDE/plugins/com.st.stm32cube.ide.mcu.externaltools.gnu-tools-for-stm32.13.3.rel1.win32_1.0.0.202411081344/tools/bin/../lib/gcc/arm-none-eabi/13.3.1/../../../../arm-none-eabi/lib/thumb/v7-m/nofp\libc_nano.a(libc_a-memset.o)
                0x0800e2c8                memset
 .text.strcat   0x0800e2d8       0x1e C:/ST/STM32CubeIDE_1.16.0/STM32CubeIDE/plugins/com.st.stm32cube.ide.mcu.externaltools.gnu-tools-for-stm32.13.3.rel1.win32_1.0.0.202411081344/tools/bin/../lib/gcc/arm-none-eabi/13.3.1/../../../../arm-none-eabi/lib/thumb/v7-m/nofp\libc_nano.a(libc_a-strcat.o)
                0x0800e2d8                strcat
 .text.strncmp  0x0800e2f6       0x24 C:/ST/STM32CubeIDE_1.16.0/STM32CubeIDE/plugins/com.st.stm32cube.ide.mcu.externaltools.gnu-tools-for-stm32.13.3.rel1.win32_1.0.0.202411081344/tools/bin/../lib/gcc/arm-none-eabi/13.3.1/../../../../arm-none-eabi/lib/thumb/v7-m/nofp\libc_nano.a(libc_a-strncmp.o)
                0x0800e2f6                strncmp
 .text.strncpy  0x0800e31a       0x26 C:/ST/STM32CubeIDE_1.16.0/STM32CubeIDE/plugins/com.st.stm32cube.ide.mcu.externaltools.gnu-tools-for-stm32.13.3.rel1.win32_1.0.0.202411081344/tools/bin/../lib/gcc/arm-none-eabi/13.3.1/../../../../arm-none-eabi/lib/thumb/v7-m/nofp\libc_nano.a(libc_a-strncpy.o)
                0x0800e31a                strncpy
 .text._localeconv_r
                0x0800e340        0x8 C:/ST/STM32CubeIDE_1.16.0/STM32CubeIDE/plugins/com.st.stm32cube.ide.mcu.externaltools.gnu-tools-for-stm32.13.3.rel1.win32_1.0.0.202411081344/tools/bin/../lib/gcc/arm-none-eabi/13.3.1/../../../../arm-none-eabi/lib/thumb/v7-m/nofp\libc_nano.a(libc_a-localeconv.o)
                0x0800e340                _localeconv_r
 .text._close_r
                0x0800e348       0x20 C:/ST/STM32CubeIDE_1.16.0/STM32CubeIDE/plugins/com.st.stm32cube.ide.mcu.externaltools.gnu-tools-for-stm32.13.3.rel1.win32_1.0.0.202411081344/tools/bin/../lib/gcc/arm-none-eabi/13.3.1/../../../../arm-none-eabi/lib/thumb/v7-m/nofp\libc_nano.a(libc_a-closer.o)
                0x0800e348                _close_r
 .text._lseek_r
                0x0800e368       0x24 C:/ST/STM32CubeIDE_1.16.0/STM32CubeIDE/plugins/com.st.stm32cube.ide.mcu.externaltools.gnu-tools-for-stm32.13.3.rel1.win32_1.0.0.202411081344/tools/bin/../lib/gcc/arm-none-eabi/13.3.1/../../../../arm-none-eabi/lib/thumb/v7-m/nofp\libc_nano.a(libc_a-lseekr.o)
                0x0800e368                _lseek_r
 .text._read_r  0x0800e38c       0x24 C:/ST/STM32CubeIDE_1.16.0/STM32CubeIDE/plugins/com.st.stm32cube.ide.mcu.externaltools.gnu-tools-for-stm32.13.3.rel1.win32_1.0.0.202411081344/tools/bin/../lib/gcc/arm-none-eabi/13.3.1/../../../../arm-none-eabi/lib/thumb/v7-m/nofp\libc_nano.a(libc_a-readr.o)
                0x0800e38c                _read_r
 .text._sbrk_r  0x0800e3b0       0x20 C:/ST/STM32CubeIDE_1.16.0/STM32CubeIDE/plugins/com.st.stm32cube.ide.mcu.externaltools.gnu-tools-for-stm32.13.3.rel1.win32_1.0.0.202411081344/tools/bin/../lib/gcc/arm-none-eabi/13.3.1/../../../../arm-none-eabi/lib/thumb/v7-m/nofp\libc_nano.a(libc_a-sbrkr.o)
                0x0800e3b0                _sbrk_r
 .text._write_r
                0x0800e3d0       0x24 C:/ST/STM32CubeIDE_1.16.0/STM32CubeIDE/plugins/com.st.stm32cube.ide.mcu.externaltools.gnu-tools-for-stm32.13.3.rel1.win32_1.0.0.202411081344/tools/bin/../lib/gcc/arm-none-eabi/13.3.1/../../../../arm-none-eabi/lib/thumb/v7-m/nofp\libc_nano.a(libc_a-writer.o)
                0x0800e3d0                _write_r
 .text.__errno  0x0800e3f4        0xc C:/ST/STM32CubeIDE_1.16.0/STM32CubeIDE/plugins/com.st.stm32cube.ide.mcu.externaltools.gnu-tools-for-stm32.13.3.rel1.win32_1.0.0.202411081344/tools/bin/../lib/gcc/arm-none-eabi/13.3.1/../../../../arm-none-eabi/lib/thumb/v7-m/nofp\libc_nano.a(libc_a-errno.o)
                0x0800e3f4                __errno
 .text.__libc_init_array
                0x0800e400       0x48 C:/ST/STM32CubeIDE_1.16.0/STM32CubeIDE/plugins/com.st.stm32cube.ide.mcu.externaltools.gnu-tools-for-stm32.13.3.rel1.win32_1.0.0.202411081344/tools/bin/../lib/gcc/arm-none-eabi/13.3.1/../../../../arm-none-eabi/lib/thumb/v7-m/nofp\libc_nano.a(libc_a-init.o)
                0x0800e400                __libc_init_array
 .text.__retarget_lock_init_recursive
                0x0800e448        0x2 C:/ST/STM32CubeIDE_1.16.0/STM32CubeIDE/plugins/com.st.stm32cube.ide.mcu.externaltools.gnu-tools-for-stm32.13.3.rel1.win32_1.0.0.202411081344/tools/bin/../lib/gcc/arm-none-eabi/13.3.1/../../../../arm-none-eabi/lib/thumb/v7-m/nofp\libc_nano.a(libc_a-lock.o)
                0x0800e448                __retarget_lock_init_recursive
 .text.__retarget_lock_acquire_recursive
                0x0800e44a        0x2 C:/ST/STM32CubeIDE_1.16.0/STM32CubeIDE/plugins/com.st.stm32cube.ide.mcu.externaltools.gnu-tools-for-stm32.13.3.rel1.win32_1.0.0.202411081344/tools/bin/../lib/gcc/arm-none-eabi/13.3.1/../../../../arm-none-eabi/lib/thumb/v7-m/nofp\libc_nano.a(libc_a-lock.o)
                0x0800e44a                __retarget_lock_acquire_recursive
 .text.__retarget_lock_release_recursive
                0x0800e44c        0x2 C:/ST/STM32CubeIDE_1.16.0/STM32CubeIDE/plugins/com.st.stm32cube.ide.mcu.externaltools.gnu-tools-for-stm32.13.3.rel1.win32_1.0.0.202411081344/tools/bin/../lib/gcc/arm-none-eabi/13.3.1/../../../../arm-none-eabi/lib/thumb/v7-m/nofp\libc_nano.a(libc_a-lock.o)
                0x0800e44c                __retarget_lock_release_recursive
 .text.strcpy   0x0800e44e       0x10 C:/ST/STM32CubeIDE_1.16.0/STM32CubeIDE/plugins/com.st.stm32cube.ide.mcu.externaltools.gnu-tools-for-stm32.13.3.rel1.win32_1.0.0.202411081344/tools/bin/../lib/gcc/arm-none-eabi/13.3.1/../../../../arm-none-eabi/lib/thumb/v7-m/nofp\libc_nano.a(libc_a-strcpy.o)
                0x0800e44e                strcpy
 .text.memchr   0x0800e45e       0x1c C:/ST/STM32CubeIDE_1.16.0/STM32CubeIDE/plugins/com.st.stm32cube.ide.mcu.externaltools.gnu-tools-for-stm32.13.3.rel1.win32_1.0.0.202411081344/tools/bin/../lib/gcc/arm-none-eabi/13.3.1/../../../../arm-none-eabi/lib/thumb/v7-m/nofp\libc_nano.a(libc_a-memchr-stub.o)
                0x0800e45e                memchr
 .text.memcpy   0x0800e47a       0x1c C:/ST/STM32CubeIDE_1.16.0/STM32CubeIDE/plugins/com.st.stm32cube.ide.mcu.externaltools.gnu-tools-for-stm32.13.3.rel1.win32_1.0.0.202411081344/tools/bin/../lib/gcc/arm-none-eabi/13.3.1/../../../../arm-none-eabi/lib/thumb/v7-m/nofp\libc_nano.a(libc_a-memcpy-stub.o)
                0x0800e47a                memcpy
 *fill*         0x0800e496        0x2 
 .text.nan      0x0800e498        0xc C:/ST/STM32CubeIDE_1.16.0/STM32CubeIDE/plugins/com.st.stm32cube.ide.mcu.externaltools.gnu-tools-for-stm32.13.3.rel1.win32_1.0.0.202411081344/tools/bin/../lib/gcc/arm-none-eabi/13.3.1/../../../../arm-none-eabi/lib/thumb/v7-m/nofp\libc_nano.a(libm_a-s_nan.o)
                0x0800e498                nan
 .text.nanf     0x0800e4a4        0x8 C:/ST/STM32CubeIDE_1.16.0/STM32CubeIDE/plugins/com.st.stm32cube.ide.mcu.externaltools.gnu-tools-for-stm32.13.3.rel1.win32_1.0.0.202411081344/tools/bin/../lib/gcc/arm-none-eabi/13.3.1/../../../../arm-none-eabi/lib/thumb/v7-m/nofp\libc_nano.a(libm_a-sf_nan.o)
                0x0800e4a4                nanf
 .text.abort    0x0800e4ac        0xe C:/ST/STM32CubeIDE_1.16.0/STM32CubeIDE/plugins/com.st.stm32cube.ide.mcu.externaltools.gnu-tools-for-stm32.13.3.rel1.win32_1.0.0.202411081344/tools/bin/../lib/gcc/arm-none-eabi/13.3.1/../../../../arm-none-eabi/lib/thumb/v7-m/nofp\libc_nano.a(libc_a-abort.o)
                0x0800e4ac                abort
 .text.quorem   0x0800e4ba      0x110 C:/ST/STM32CubeIDE_1.16.0/STM32CubeIDE/plugins/com.st.stm32cube.ide.mcu.externaltools.gnu-tools-for-stm32.13.3.rel1.win32_1.0.0.202411081344/tools/bin/../lib/gcc/arm-none-eabi/13.3.1/../../../../arm-none-eabi/lib/thumb/v7-m/nofp\libc_nano.a(libc_a-dtoa.o)
 *fill*         0x0800e5ca        0x6 
 .text._dtoa_r  0x0800e5d0      0xba8 C:/ST/STM32CubeIDE_1.16.0/STM32CubeIDE/plugins/com.st.stm32cube.ide.mcu.externaltools.gnu-tools-for-stm32.13.3.rel1.win32_1.0.0.202411081344/tools/bin/../lib/gcc/arm-none-eabi/13.3.1/../../../../arm-none-eabi/lib/thumb/v7-m/nofp\libc_nano.a(libc_a-dtoa.o)
                0x0800e5d0                _dtoa_r
 .text._free_r  0x0800f178       0x90 C:/ST/STM32CubeIDE_1.16.0/STM32CubeIDE/plugins/com.st.stm32cube.ide.mcu.externaltools.gnu-tools-for-stm32.13.3.rel1.win32_1.0.0.202411081344/tools/bin/../lib/gcc/arm-none-eabi/13.3.1/../../../../arm-none-eabi/lib/thumb/v7-m/nofp\libc_nano.a(libc_a-freer.o)
                0x0800f178                _free_r
 .text.rshift   0x0800f208       0xa6 C:/ST/STM32CubeIDE_1.16.0/STM32CubeIDE/plugins/com.st.stm32cube.ide.mcu.externaltools.gnu-tools-for-stm32.13.3.rel1.win32_1.0.0.202411081344/tools/bin/../lib/gcc/arm-none-eabi/13.3.1/../../../../arm-none-eabi/lib/thumb/v7-m/nofp\libc_nano.a(libc_a-gdtoa-gethex.o)
 .text.__hexdig_fun
                0x0800f2ae       0x2a C:/ST/STM32CubeIDE_1.16.0/STM32CubeIDE/plugins/com.st.stm32cube.ide.mcu.externaltools.gnu-tools-for-stm32.13.3.rel1.win32_1.0.0.202411081344/tools/bin/../lib/gcc/arm-none-eabi/13.3.1/../../../../arm-none-eabi/lib/thumb/v7-m/nofp\libc_nano.a(libc_a-gdtoa-gethex.o)
                0x0800f2ae                __hexdig_fun
 .text.__gethex
                0x0800f2d8      0x420 C:/ST/STM32CubeIDE_1.16.0/STM32CubeIDE/plugins/com.st.stm32cube.ide.mcu.externaltools.gnu-tools-for-stm32.13.3.rel1.win32_1.0.0.202411081344/tools/bin/../lib/gcc/arm-none-eabi/13.3.1/../../../../arm-none-eabi/lib/thumb/v7-m/nofp\libc_nano.a(libc_a-gdtoa-gethex.o)
                0x0800f2d8                __gethex
 .text.L_shift  0x0800f6f8       0x24 C:/ST/STM32CubeIDE_1.16.0/STM32CubeIDE/plugins/com.st.stm32cube.ide.mcu.externaltools.gnu-tools-for-stm32.13.3.rel1.win32_1.0.0.202411081344/tools/bin/../lib/gcc/arm-none-eabi/13.3.1/../../../../arm-none-eabi/lib/thumb/v7-m/nofp\libc_nano.a(libc_a-gdtoa-hexnan.o)
 .text.__match  0x0800f71c       0x28 C:/ST/STM32CubeIDE_1.16.0/STM32CubeIDE/plugins/com.st.stm32cube.ide.mcu.externaltools.gnu-tools-for-stm32.13.3.rel1.win32_1.0.0.202411081344/tools/bin/../lib/gcc/arm-none-eabi/13.3.1/../../../../arm-none-eabi/lib/thumb/v7-m/nofp\libc_nano.a(libc_a-gdtoa-hexnan.o)
                0x0800f71c                __match
 .text.__hexnan
                0x0800f744      0x136 C:/ST/STM32CubeIDE_1.16.0/STM32CubeIDE/plugins/com.st.stm32cube.ide.mcu.externaltools.gnu-tools-for-stm32.13.3.rel1.win32_1.0.0.202411081344/tools/bin/../lib/gcc/arm-none-eabi/13.3.1/../../../../arm-none-eabi/lib/thumb/v7-m/nofp\libc_nano.a(libc_a-gdtoa-hexnan.o)
                0x0800f744                __hexnan
 .text.__ascii_mbtowc
                0x0800f87a       0x24 C:/ST/STM32CubeIDE_1.16.0/STM32CubeIDE/plugins/com.st.stm32cube.ide.mcu.externaltools.gnu-tools-for-stm32.13.3.rel1.win32_1.0.0.202411081344/tools/bin/../lib/gcc/arm-none-eabi/13.3.1/../../../../arm-none-eabi/lib/thumb/v7-m/nofp\libc_nano.a(libc_a-mbtowc_r.o)
                0x0800f87a                __ascii_mbtowc
 *fill*         0x0800f89e        0x2 
 .text._Balloc  0x0800f8a0       0x80 C:/ST/STM32CubeIDE_1.16.0/STM32CubeIDE/plugins/com.st.stm32cube.ide.mcu.externaltools.gnu-tools-for-stm32.13.3.rel1.win32_1.0.0.202411081344/tools/bin/../lib/gcc/arm-none-eabi/13.3.1/../../../../arm-none-eabi/lib/thumb/v7-m/nofp\libc_nano.a(libc_a-mprec.o)
                0x0800f8a0                _Balloc
 .text._Bfree   0x0800f920       0x44 C:/ST/STM32CubeIDE_1.16.0/STM32CubeIDE/plugins/com.st.stm32cube.ide.mcu.externaltools.gnu-tools-for-stm32.13.3.rel1.win32_1.0.0.202411081344/tools/bin/../lib/gcc/arm-none-eabi/13.3.1/../../../../arm-none-eabi/lib/thumb/v7-m/nofp\libc_nano.a(libc_a-mprec.o)
                0x0800f920                _Bfree
 .text.__multadd
                0x0800f964       0x8c C:/ST/STM32CubeIDE_1.16.0/STM32CubeIDE/plugins/com.st.stm32cube.ide.mcu.externaltools.gnu-tools-for-stm32.13.3.rel1.win32_1.0.0.202411081344/tools/bin/../lib/gcc/arm-none-eabi/13.3.1/../../../../arm-none-eabi/lib/thumb/v7-m/nofp\libc_nano.a(libc_a-mprec.o)
                0x0800f964                __multadd
 .text.__s2b    0x0800f9f0       0x94 C:/ST/STM32CubeIDE_1.16.0/STM32CubeIDE/plugins/com.st.stm32cube.ide.mcu.externaltools.gnu-tools-for-stm32.13.3.rel1.win32_1.0.0.202411081344/tools/bin/../lib/gcc/arm-none-eabi/13.3.1/../../../../arm-none-eabi/lib/thumb/v7-m/nofp\libc_nano.a(libc_a-mprec.o)
                0x0800f9f0                __s2b
 .text.__hi0bits
                0x0800fa84       0x3e C:/ST/STM32CubeIDE_1.16.0/STM32CubeIDE/plugins/com.st.stm32cube.ide.mcu.externaltools.gnu-tools-for-stm32.13.3.rel1.win32_1.0.0.202411081344/tools/bin/../lib/gcc/arm-none-eabi/13.3.1/../../../../arm-none-eabi/lib/thumb/v7-m/nofp\libc_nano.a(libc_a-mprec.o)
                0x0800fa84                __hi0bits
 .text.__lo0bits
                0x0800fac2       0x5a C:/ST/STM32CubeIDE_1.16.0/STM32CubeIDE/plugins/com.st.stm32cube.ide.mcu.externaltools.gnu-tools-for-stm32.13.3.rel1.win32_1.0.0.202411081344/tools/bin/../lib/gcc/arm-none-eabi/13.3.1/../../../../arm-none-eabi/lib/thumb/v7-m/nofp\libc_nano.a(libc_a-mprec.o)
                0x0800fac2                __lo0bits
 .text.__i2b    0x0800fb1c       0x2c C:/ST/STM32CubeIDE_1.16.0/STM32CubeIDE/plugins/com.st.stm32cube.ide.mcu.externaltools.gnu-tools-for-stm32.13.3.rel1.win32_1.0.0.202411081344/tools/bin/../lib/gcc/arm-none-eabi/13.3.1/../../../../arm-none-eabi/lib/thumb/v7-m/nofp\libc_nano.a(libc_a-mprec.o)
                0x0800fb1c                __i2b
 .text.__multiply
                0x0800fb48      0x144 C:/ST/STM32CubeIDE_1.16.0/STM32CubeIDE/plugins/com.st.stm32cube.ide.mcu.externaltools.gnu-tools-for-stm32.13.3.rel1.win32_1.0.0.202411081344/tools/bin/../lib/gcc/arm-none-eabi/13.3.1/../../../../arm-none-eabi/lib/thumb/v7-m/nofp\libc_nano.a(libc_a-mprec.o)
                0x0800fb48                __multiply
 .text.__pow5mult
                0x0800fc8c       0xb4 C:/ST/STM32CubeIDE_1.16.0/STM32CubeIDE/plugins/com.st.stm32cube.ide.mcu.externaltools.gnu-tools-for-stm32.13.3.rel1.win32_1.0.0.202411081344/tools/bin/../lib/gcc/arm-none-eabi/13.3.1/../../../../arm-none-eabi/lib/thumb/v7-m/nofp\libc_nano.a(libc_a-mprec.o)
                0x0800fc8c                __pow5mult
 .text.__lshift
                0x0800fd40       0xd8 C:/ST/STM32CubeIDE_1.16.0/STM32CubeIDE/plugins/com.st.stm32cube.ide.mcu.externaltools.gnu-tools-for-stm32.13.3.rel1.win32_1.0.0.202411081344/tools/bin/../lib/gcc/arm-none-eabi/13.3.1/../../../../arm-none-eabi/lib/thumb/v7-m/nofp\libc_nano.a(libc_a-mprec.o)
                0x0800fd40                __lshift
 .text.__mcmp   0x0800fe18       0x36 C:/ST/STM32CubeIDE_1.16.0/STM32CubeIDE/plugins/com.st.stm32cube.ide.mcu.externaltools.gnu-tools-for-stm32.13.3.rel1.win32_1.0.0.202411081344/tools/bin/../lib/gcc/arm-none-eabi/13.3.1/../../../../arm-none-eabi/lib/thumb/v7-m/nofp\libc_nano.a(libc_a-mprec.o)
                0x0800fe18                __mcmp
 *fill*         0x0800fe4e        0x2 
 .text.__mdiff  0x0800fe50      0x128 C:/ST/STM32CubeIDE_1.16.0/STM32CubeIDE/plugins/com.st.stm32cube.ide.mcu.externaltools.gnu-tools-for-stm32.13.3.rel1.win32_1.0.0.202411081344/tools/bin/../lib/gcc/arm-none-eabi/13.3.1/../../../../arm-none-eabi/lib/thumb/v7-m/nofp\libc_nano.a(libc_a-mprec.o)
                0x0800fe50                __mdiff
 .text.__ulp    0x0800ff78       0x40 C:/ST/STM32CubeIDE_1.16.0/STM32CubeIDE/plugins/com.st.stm32cube.ide.mcu.externaltools.gnu-tools-for-stm32.13.3.rel1.win32_1.0.0.202411081344/tools/bin/../lib/gcc/arm-none-eabi/13.3.1/../../../../arm-none-eabi/lib/thumb/v7-m/nofp\libc_nano.a(libc_a-mprec.o)
                0x0800ff78                __ulp
 .text.__b2d    0x0800ffb8       0x90 C:/ST/STM32CubeIDE_1.16.0/STM32CubeIDE/plugins/com.st.stm32cube.ide.mcu.externaltools.gnu-tools-for-stm32.13.3.rel1.win32_1.0.0.202411081344/tools/bin/../lib/gcc/arm-none-eabi/13.3.1/../../../../arm-none-eabi/lib/thumb/v7-m/nofp\libc_nano.a(libc_a-mprec.o)
                0x0800ffb8                __b2d
 .text.__d2b    0x08010048       0xb0 C:/ST/STM32CubeIDE_1.16.0/STM32CubeIDE/plugins/com.st.stm32cube.ide.mcu.externaltools.gnu-tools-for-stm32.13.3.rel1.win32_1.0.0.202411081344/tools/bin/../lib/gcc/arm-none-eabi/13.3.1/../../../../arm-none-eabi/lib/thumb/v7-m/nofp\libc_nano.a(libc_a-mprec.o)
                0x08010048                __d2b
 .text.__ratio  0x080100f8       0x60 C:/ST/STM32CubeIDE_1.16.0/STM32CubeIDE/plugins/com.st.stm32cube.ide.mcu.externaltools.gnu-tools-for-stm32.13.3.rel1.win32_1.0.0.202411081344/tools/bin/../lib/gcc/arm-none-eabi/13.3.1/../../../../arm-none-eabi/lib/thumb/v7-m/nofp\libc_nano.a(libc_a-mprec.o)
                0x080100f8                __ratio
 .text.__copybits
                0x08010158       0x46 C:/ST/STM32CubeIDE_1.16.0/STM32CubeIDE/plugins/com.st.stm32cube.ide.mcu.externaltools.gnu-tools-for-stm32.13.3.rel1.win32_1.0.0.202411081344/tools/bin/../lib/gcc/arm-none-eabi/13.3.1/../../../../arm-none-eabi/lib/thumb/v7-m/nofp\libc_nano.a(libc_a-mprec.o)
                0x08010158                __copybits
 .text.__any_on
                0x0801019e       0x42 C:/ST/STM32CubeIDE_1.16.0/STM32CubeIDE/plugins/com.st.stm32cube.ide.mcu.externaltools.gnu-tools-for-stm32.13.3.rel1.win32_1.0.0.202411081344/tools/bin/../lib/gcc/arm-none-eabi/13.3.1/../../../../arm-none-eabi/lib/thumb/v7-m/nofp\libc_nano.a(libc_a-mprec.o)
                0x0801019e                __any_on
 .text.__ascii_wctomb
                0x080101e0       0x1a C:/ST/STM32CubeIDE_1.16.0/STM32CubeIDE/plugins/com.st.stm32cube.ide.mcu.externaltools.gnu-tools-for-stm32.13.3.rel1.win32_1.0.0.202411081344/tools/bin/../lib/gcc/arm-none-eabi/13.3.1/../../../../arm-none-eabi/lib/thumb/v7-m/nofp\libc_nano.a(libc_a-wctomb_r.o)
                0x080101e0                __ascii_wctomb
 .text.__ssputs_r
                0x080101fa       0xb6 C:/ST/STM32CubeIDE_1.16.0/STM32CubeIDE/plugins/com.st.stm32cube.ide.mcu.externaltools.gnu-tools-for-stm32.13.3.rel1.win32_1.0.0.202411081344/tools/bin/../lib/gcc/arm-none-eabi/13.3.1/../../../../arm-none-eabi/lib/thumb/v7-m/nofp\libc_nano.a(libc_a-nano-svfprintf.o)
                0x080101fa                __ssputs_r
 .text._svfprintf_r
                0x080102b0      0x1f8 C:/ST/STM32CubeIDE_1.16.0/STM32CubeIDE/plugins/com.st.stm32cube.ide.mcu.externaltools.gnu-tools-for-stm32.13.3.rel1.win32_1.0.0.202411081344/tools/bin/../lib/gcc/arm-none-eabi/13.3.1/../../../../arm-none-eabi/lib/thumb/v7-m/nofp\libc_nano.a(libc_a-nano-svfprintf.o)
                0x080102b0                _svfiprintf_r
                0x080102b0                _svfprintf_r
 .text.__sfputc_r
                0x080104a8       0x2a C:/ST/STM32CubeIDE_1.16.0/STM32CubeIDE/plugins/com.st.stm32cube.ide.mcu.externaltools.gnu-tools-for-stm32.13.3.rel1.win32_1.0.0.202411081344/tools/bin/../lib/gcc/arm-none-eabi/13.3.1/../../../../arm-none-eabi/lib/thumb/v7-m/nofp\libc_nano.a(libc_a-nano-vfprintf.o)
 .text.__sfputs_r
                0x080104d2       0x24 C:/ST/STM32CubeIDE_1.16.0/STM32CubeIDE/plugins/com.st.stm32cube.ide.mcu.externaltools.gnu-tools-for-stm32.13.3.rel1.win32_1.0.0.202411081344/tools/bin/../lib/gcc/arm-none-eabi/13.3.1/../../../../arm-none-eabi/lib/thumb/v7-m/nofp\libc_nano.a(libc_a-nano-vfprintf.o)
                0x080104d2                __sfputs_r
 *fill*         0x080104f6        0x2 
 .text._vfprintf_r
                0x080104f8      0x230 C:/ST/STM32CubeIDE_1.16.0/STM32CubeIDE/plugins/com.st.stm32cube.ide.mcu.externaltools.gnu-tools-for-stm32.13.3.rel1.win32_1.0.0.202411081344/tools/bin/../lib/gcc/arm-none-eabi/13.3.1/../../../../arm-none-eabi/lib/thumb/v7-m/nofp\libc_nano.a(libc_a-nano-vfprintf.o)
                0x080104f8                _vfprintf_r
                0x080104f8                _vfiprintf_r
 .text.__sflush_r
                0x08010728      0x100 C:/ST/STM32CubeIDE_1.16.0/STM32CubeIDE/plugins/com.st.stm32cube.ide.mcu.externaltools.gnu-tools-for-stm32.13.3.rel1.win32_1.0.0.202411081344/tools/bin/../lib/gcc/arm-none-eabi/13.3.1/../../../../arm-none-eabi/lib/thumb/v7-m/nofp\libc_nano.a(libc_a-fflush.o)
                0x08010728                __sflush_r
 .text._fflush_r
                0x08010828       0x50 C:/ST/STM32CubeIDE_1.16.0/STM32CubeIDE/plugins/com.st.stm32cube.ide.mcu.externaltools.gnu-tools-for-stm32.13.3.rel1.win32_1.0.0.202411081344/tools/bin/../lib/gcc/arm-none-eabi/13.3.1/../../../../arm-none-eabi/lib/thumb/v7-m/nofp\libc_nano.a(libc_a-fflush.o)
                0x08010828                _fflush_r
 .text.__swhatbuf_r
                0x08010878       0x4a C:/ST/STM32CubeIDE_1.16.0/STM32CubeIDE/plugins/com.st.stm32cube.ide.mcu.externaltools.gnu-tools-for-stm32.13.3.rel1.win32_1.0.0.202411081344/tools/bin/../lib/gcc/arm-none-eabi/13.3.1/../../../../arm-none-eabi/lib/thumb/v7-m/nofp\libc_nano.a(libc_a-makebuf.o)
                0x08010878                __swhatbuf_r
 .text.__smakebuf_r
                0x080108c2       0x78 C:/ST/STM32CubeIDE_1.16.0/STM32CubeIDE/plugins/com.st.stm32cube.ide.mcu.externaltools.gnu-tools-for-stm32.13.3.rel1.win32_1.0.0.202411081344/tools/bin/../lib/gcc/arm-none-eabi/13.3.1/../../../../arm-none-eabi/lib/thumb/v7-m/nofp\libc_nano.a(libc_a-makebuf.o)
                0x080108c2                __smakebuf_r
 .text.memmove  0x0801093a       0x34 C:/ST/STM32CubeIDE_1.16.0/STM32CubeIDE/plugins/com.st.stm32cube.ide.mcu.externaltools.gnu-tools-for-stm32.13.3.rel1.win32_1.0.0.202411081344/tools/bin/../lib/gcc/arm-none-eabi/13.3.1/../../../../arm-none-eabi/lib/thumb/v7-m/nofp\libc_nano.a(libc_a-memmove.o)
                0x0801093a                memmove
 .text._raise_r
                0x0801096e       0x50 C:/ST/STM32CubeIDE_1.16.0/STM32CubeIDE/plugins/com.st.stm32cube.ide.mcu.externaltools.gnu-tools-for-stm32.13.3.rel1.win32_1.0.0.202411081344/tools/bin/../lib/gcc/arm-none-eabi/13.3.1/../../../../arm-none-eabi/lib/thumb/v7-m/nofp\libc_nano.a(libc_a-signal.o)
                0x0801096e                _raise_r
 *fill*         0x080109be        0x2 
 .text.raise    0x080109c0       0x10 C:/ST/STM32CubeIDE_1.16.0/STM32CubeIDE/plugins/com.st.stm32cube.ide.mcu.externaltools.gnu-tools-for-stm32.13.3.rel1.win32_1.0.0.202411081344/tools/bin/../lib/gcc/arm-none-eabi/13.3.1/../../../../arm-none-eabi/lib/thumb/v7-m/nofp\libc_nano.a(libc_a-signal.o)
                0x080109c0                raise
 .text._fstat_r
                0x080109d0       0x24 C:/ST/STM32CubeIDE_1.16.0/STM32CubeIDE/plugins/com.st.stm32cube.ide.mcu.externaltools.gnu-tools-for-stm32.13.3.rel1.win32_1.0.0.202411081344/tools/bin/../lib/gcc/arm-none-eabi/13.3.1/../../../../arm-none-eabi/lib/thumb/v7-m/nofp\libc_nano.a(libc_a-fstatr.o)
                0x080109d0                _fstat_r
 .text._isatty_r
                0x080109f4       0x20 C:/ST/STM32CubeIDE_1.16.0/STM32CubeIDE/plugins/com.st.stm32cube.ide.mcu.externaltools.gnu-tools-for-stm32.13.3.rel1.win32_1.0.0.202411081344/tools/bin/../lib/gcc/arm-none-eabi/13.3.1/../../../../arm-none-eabi/lib/thumb/v7-m/nofp\libc_nano.a(libc_a-isattyr.o)
                0x080109f4                _isatty_r