../Drivers/CMSIS/Include/core_cm3.h:1876:26:ITM_SendChar	16	static,ignoring_inline_asm
../Core/Src/main.c:99:5:main	24	static
../Core/Src/main.c:360:6:SystemClock_Config	72	static
../Core/Src/main.c:400:13:MX_CAN_Init	8	static
../Core/Src/main.c:437:13:MX_I2C1_Init	8	static
../Core/Src/main.c:471:13:MX_USART1_UART_Init	8	static
../Core/Src/main.c:504:13:MX_USART2_UART_Init	8	static
../Core/Src/main.c:537:13:MX_GPIO_Init	40	static
../Core/Src/main.c:567:6:HAL_UARTEx_RxEventCallback	16	static
../Core/Src/main.c:581:6:HAL_I2C_MemTxCpltCallback	16	static
../Core/Src/main.c:598:5:_write	32	static
../Core/Src/main.c:612:6:Error_Handler	4	static,ignoring_inline_asm
