../Drivers/CMSIS/Include/core_cm3.h:1876:26:ITM_SendChar	16	static,ignoring_inline_asm
../Core/Src/main.c:92:5:main	24	static
../Core/Src/main.c:303:6:SystemClock_Config	72	static
../Core/Src/main.c:343:13:MX_I2C1_Init	8	static
../Core/Src/main.c:377:13:MX_USART2_UART_Init	8	static
../Core/Src/main.c:410:13:MX_GPIO_Init	40	static
../Core/Src/main.c:440:6:HAL_UARTEx_RxEventCallback	16	static
../Core/Src/main.c:462:5:_write	32	static
../Core/Src/main.c:476:6:Error_Handler	4	static,ignoring_inline_asm
