../Drivers/CMSIS/Include/core_cm3.h:1876:26:ITM_SendChar	16	static,ignoring_inline_asm
../Core/Src/main.c:150:5:main	56	static
../Core/Src/main.c:331:6:SystemClock_Config	72	static
../Core/Src/main.c:370:13:MX_CAN_Init	48	static
../Core/Src/main.c:420:13:MX_I2C1_Init	8	static
../Core/Src/main.c:454:13:MX_SPI1_Init	8	static
../Core/Src/main.c:492:13:MX_USART1_UART_Init	8	static
../Core/Src/main.c:525:13:MX_USART2_UART_Init	8	static
../Core/Src/main.c:558:13:MX_GPIO_Init	32	static
../Core/Src/main.c:596:6:HAL_UARTEx_RxEventCallback	16	static
../Core/Src/main.c:610:6:HAL_I2C_MemTxCpltCallback	16	static
../Core/Src/main.c:621:6:HAL_CAN_RxFifo1MsgPendingCallback	520	static
../Core/Src/main.c:635:5:_write	32	static
../Core/Src/main.c:643:5:isotp_user_send_can	24	static
../Core/Src/main.c:656:10:isotp_user_get_ms	8	static
../Core/Src/main.c:660:6:isotp_user_debug	4	static
../Core/Src/main.c:670:6:Error_Handler	4	static,ignoring_inline_asm
