../Drivers/CMSIS/Include/core_cm3.h:1876:26:ITM_SendChar	16	static,ignoring_inline_asm
../Core/Src/main.c:153:5:main	16	static
../Core/Src/main.c:356:6:SystemClock_Config	72	static
../Core/Src/main.c:395:13:MX_CAN_Init	48	static
../Core/Src/main.c:445:13:MX_I2C1_Init	8	static
../Core/Src/main.c:479:13:MX_USART1_UART_Init	8	static
../Core/Src/main.c:512:13:MX_USART2_UART_Init	8	static
../Core/Src/main.c:545:13:MX_GPIO_Init	32	static
../Core/Src/main.c:573:6:HAL_UARTEx_RxEventCallback	32	static
../Core/Src/main.c:597:6:HAL_I2C_MemTxCpltCallback	16	static
../Core/Src/main.c:608:6:HAL_CAN_RxFifo1MsgPendingCallback	520	static
../Core/Src/main.c:655:6:HAL_CAN_ErrorCallback	24	static
../Core/Src/main.c:659:5:_write	32	static
../Core/Src/main.c:667:5:isotp_user_send_can	24	static
../Core/Src/main.c:680:10:isotp_user_get_ms	8	static
../Core/Src/main.c:684:6:isotp_user_debug	4	static
../Core/Src/main.c:694:6:Error_Handler	4	static,ignoring_inline_asm
