../Core/Src/stm32f1xx_it.c:47:6:SDTimer_Handler	4	static
../Core/Src/stm32f1xx_it.c:82:6:NMI_Handler	4	static
../Core/Src/stm32f1xx_it.c:97:6:HardFault_Handler	4	static
../Core/Src/stm32f1xx_it.c:112:6:MemManage_Handler	4	static
../Core/Src/stm32f1xx_it.c:127:6:BusFault_Handler	4	static
../Core/Src/stm32f1xx_it.c:142:6:UsageFault_Handler	4	static
../Core/Src/stm32f1xx_it.c:157:6:SVC_Handler	4	static
../Core/Src/stm32f1xx_it.c:170:6:DebugMon_Handler	4	static
../Core/Src/stm32f1xx_it.c:183:6:PendSV_Handler	4	static
../Core/Src/stm32f1xx_it.c:196:6:SysTick_Handler	16	static
../Core/Src/stm32f1xx_it.c:230:6:USB_HP_CAN1_TX_IRQHandler	8	static
../Core/Src/stm32f1xx_it.c:244:6:CAN1_RX1_IRQHandler	8	static
../Core/Src/stm32f1xx_it.c:258:6:CAN1_SCE_IRQHandler	8	static
../Core/Src/stm32f1xx_it.c:272:6:I2C1_EV_IRQHandler	8	static
../Core/Src/stm32f1xx_it.c:286:6:USART1_IRQHandler	8	static
../Core/Src/stm32f1xx_it.c:300:6:USART2_IRQHandler	8	static
