../Drivers/CMSIS/Include/core_cm3.h:1876:26:ITM_SendChar	16	static,ignoring_inline_asm
../Core/Src/main.c:107:5:main	32	static
../Core/Src/main.c:388:6:SystemClock_Config	72	static
../Core/Src/main.c:428:13:MX_CAN_Init	48	static
../Core/Src/main.c:478:13:MX_I2C1_Init	8	static
../Core/Src/main.c:512:13:MX_USART1_UART_Init	8	static
../Core/Src/main.c:545:13:MX_USART2_UART_Init	8	static
../Core/Src/main.c:578:13:MX_GPIO_Init	40	static
../Core/Src/main.c:608:6:HAL_UARTEx_RxEventCallback	16	static
../Core/Src/main.c:622:6:HAL_I2C_MemTxCpltCallback	16	static
../Core/Src/main.c:631:6:HAL_CAN_RxFifo1MsgPendingCallback	16	static
../Core/Src/main.c:635:5:_write	32	static
../Core/Src/main.c:649:6:Error_Handler	4	static,ignoring_inline_asm
