15:18:12 **** Clean-only build of configuration Release for project test_peripheral ****
make -j12 clean 
rm -rf ./Drivers/STM32F1xx_HAL_Driver/Src/stm32f1xx_hal.cyclo ./Drivers/STM32F1xx_HAL_Driver/Src/stm32f1xx_hal.d ./Drivers/STM32F1xx_HAL_Driver/Src/stm32f1xx_hal.o ./Drivers/STM32F1xx_HAL_Driver/Src/stm32f1xx_hal.su ./Drivers/STM32F1xx_HAL_Driver/Src/stm32f1xx_hal_cortex.cyclo ./Drivers/STM32F1xx_HAL_Driver/Src/stm32f1xx_hal_cortex.d ./Drivers/STM32F1xx_HAL_Driver/Src/stm32f1xx_hal_cortex.o ./Drivers/STM32F1xx_HAL_Driver/Src/stm32f1xx_hal_cortex.su ./Drivers/STM32F1xx_HAL_Driver/Src/stm32f1xx_hal_dma.cyclo ./Drivers/STM32F1xx_HAL_Driver/Src/stm32f1xx_hal_dma.d ./Drivers/STM32F1xx_HAL_Driver/Src/stm32f1xx_hal_dma.o ./Drivers/STM32F1xx_HAL_Driver/Src/stm32f1xx_hal_dma.su ./Drivers/STM32F1xx_HAL_Driver/Src/stm32f1xx_hal_exti.cyclo ./Drivers/STM32F1xx_HAL_Driver/Src/stm32f1xx_hal_exti.d ./Drivers/STM32F1xx_HAL_Driver/Src/stm32f1xx_hal_exti.o ./Drivers/STM32F1xx_HAL_Driver/Src/stm32f1xx_hal_exti.su ./Drivers/STM32F1xx_HAL_Driver/Src/stm32f1xx_hal_flash.cyclo ./Drivers/STM32F1xx_HAL_Driver/Src/stm32f1xx_hal_flash.d ./Drivers/STM32F1xx_HAL_Driver/Src/stm32f1xx_hal_flash.o ./Drivers/STM32F1xx_HAL_Driver/Src/stm32f1xx_hal_flash.su ./Drivers/STM32F1xx_HAL_Driver/Src/stm32f1xx_hal_flash_ex.cyclo ./Drivers/STM32F1xx_HAL_Driver/Src/stm32f1xx_hal_flash_ex.d ./Drivers/STM32F1xx_HAL_Driver/Src/stm32f1xx_hal_flash_ex.o ./Drivers/STM32F1xx_HAL_Driver/Src/stm32f1xx_hal_flash_ex.su ./Drivers/STM32F1xx_HAL_Driver/Src/stm32f1xx_hal_gpio.cyclo ./Drivers/STM32F1xx_HAL_Driver/Src/stm32f1xx_hal_gpio.d ./Drivers/STM32F1xx_HAL_Driver/Src/stm32f1xx_hal_gpio.o ./Drivers/STM32F1xx_HAL_Driver/Src/stm32f1xx_hal_gpio.su ./Drivers/STM32F1xx_HAL_Driver/Src/stm32f1xx_hal_gpio_ex.cyclo ./Drivers/STM32F1xx_HAL_Driver/Src/stm32f1xx_hal_gpio_ex.d ./Drivers/STM32F1xx_HAL_Driver/Src/stm32f1xx_hal_gpio_ex.o ./Drivers/STM32F1xx_HAL_Driver/Src/stm32f1xx_hal_gpio_ex.su ./Drivers/STM32F1xx_HAL_Driver/Src/stm32f1xx_hal_i2c.cyclo ./Drivers/STM32F1xx_HAL_Driver/Src/stm32f1xx_hal_i2c.d ./Drivers/STM32F1xx_HAL_Driver/Src/stm32f1xx_hal_i2c.o ./Drivers/STM32F1xx_HAL_Driver/Src/stm32f1xx_hal_i2c.su ./Drivers/STM32F1xx_HAL_Driver/Src/stm32f1xx_hal_pwr.cyclo ./Drivers/STM32F1xx_HAL_Driver/Src/stm32f1xx_hal_pwr.d ./Drivers/STM32F1xx_HAL_Driver/Src/stm32f1xx_hal_pwr.o ./Drivers/STM32F1xx_HAL_Driver/Src/stm32f1xx_hal_pwr.su ./Drivers/STM32F1xx_HAL_Driver/Src/stm32f1xx_hal_rcc.cyclo ./Drivers/STM32F1xx_HAL_Driver/Src/stm32f1xx_hal_rcc.d ./Drivers/STM32F1xx_HAL_Driver/Src/stm32f1xx_hal_rcc.o ./Drivers/STM32F1xx_HAL_Driver/Src/stm32f1xx_hal_rcc.su ./Drivers/STM32F1xx_HAL_Driver/Src/stm32f1xx_hal_rcc_ex.cyclo ./Drivers/STM32F1xx_HAL_Driver/Src/stm32f1xx_hal_rcc_ex.d ./Drivers/STM32F1xx_HAL_Driver/Src/stm32f1xx_hal_rcc_ex.o ./Drivers/STM32F1xx_HAL_Driver/Src/stm32f1xx_hal_rcc_ex.su ./Drivers/STM32F1xx_HAL_Driver/Src/stm32f1xx_hal_uart.cyclo ./Drivers/STM32F1xx_HAL_Driver/Src/stm32f1xx_hal_uart.d ./Drivers/STM32F1xx_HAL_Driver/Src/stm32f1xx_hal_uart.o ./Drivers/STM32F1xx_HAL_Driver/Src/stm32f1xx_hal_uart.su
rm -rf ./Core/Startup/startup_stm32f103c8tx.d ./Core/Startup/startup_stm32f103c8tx.o
rm -rf ./Core/Src/main.cyclo ./Core/Src/main.d ./Core/Src/main.o ./Core/Src/main.su ./Core/Src/stm32f1xx_hal_msp.cyclo ./Core/Src/stm32f1xx_hal_msp.d ./Core/Src/stm32f1xx_hal_msp.o ./Core/Src/stm32f1xx_hal_msp.su ./Core/Src/stm32f1xx_it.cyclo ./Core/Src/stm32f1xx_it.d ./Core/Src/stm32f1xx_it.o ./Core/Src/stm32f1xx_it.su ./Core/Src/syscalls.cyclo ./Core/Src/syscalls.d ./Core/Src/syscalls.o ./Core/Src/syscalls.su ./Core/Src/sysmem.cyclo ./Core/Src/sysmem.d ./Core/Src/sysmem.o ./Core/Src/sysmem.su ./Core/Src/system_stm32f1xx.cyclo ./Core/Src/system_stm32f1xx.d ./Core/Src/system_stm32f1xx.o ./Core/Src/system_stm32f1xx.su
rm -rf default.size.stdout test_peripheral.elf test_peripheral.list test_peripheral.map
 

15:18:12 Build Finished. 0 errors, 0 warnings. (took 228ms)

15:18:13 **** Build of configuration Release for project test_peripheral ****
make -j12 all 
arm-none-eabi-gcc "../Drivers/STM32F1xx_HAL_Driver/Src/stm32f1xx_hal.c" -mcpu=cortex-m3 -std=gnu11 -DUSE_HAL_DRIVER -DSTM32F103xB -c -I../Core/Inc -I../Drivers/STM32F1xx_HAL_Driver/Inc/Legacy -I../Drivers/STM32F1xx_HAL_Driver/Inc -I../Drivers/CMSIS/Device/ST/STM32F1xx/Include -I../Drivers/CMSIS/Include -Os -ffunction-sections -fdata-sections -Wall -fstack-usage -fcyclomatic-complexity -MMD -MP -MF"Drivers/STM32F1xx_HAL_Driver/Src/stm32f1xx_hal.d" -MT"Drivers/STM32F1xx_HAL_Driver/Src/stm32f1xx_hal.o" --specs=nano.specs -mfloat-abi=soft -mthumb -o "Drivers/STM32F1xx_HAL_Driver/Src/stm32f1xx_hal.o"
arm-none-eabi-gcc "../Drivers/STM32F1xx_HAL_Driver/Src/stm32f1xx_hal_can.c" -mcpu=cortex-m3 -std=gnu11 -DUSE_HAL_DRIVER -DSTM32F103xB -c -I../Core/Inc -I../Drivers/STM32F1xx_HAL_Driver/Inc/Legacy -I../Drivers/STM32F1xx_HAL_Driver/Inc -I../Drivers/CMSIS/Device/ST/STM32F1xx/Include -I../Drivers/CMSIS/Include -Os -ffunction-sections -fdata-sections -Wall -fstack-usage -fcyclomatic-complexity -MMD -MP -MF"Drivers/STM32F1xx_HAL_Driver/Src/stm32f1xx_hal_can.d" -MT"Drivers/STM32F1xx_HAL_Driver/Src/stm32f1xx_hal_can.o" --specs=nano.specs -mfloat-abi=soft -mthumb -o "Drivers/STM32F1xx_HAL_Driver/Src/stm32f1xx_hal_can.o"
arm-none-eabi-gcc "../Drivers/STM32F1xx_HAL_Driver/Src/stm32f1xx_hal_cortex.c" -mcpu=cortex-m3 -std=gnu11 -DUSE_HAL_DRIVER -DSTM32F103xB -c -I../Core/Inc -I../Drivers/STM32F1xx_HAL_Driver/Inc/Legacy -I../Drivers/STM32F1xx_HAL_Driver/Inc -I../Drivers/CMSIS/Device/ST/STM32F1xx/Include -I../Drivers/CMSIS/Include -Os -ffunction-sections -fdata-sections -Wall -fstack-usage -fcyclomatic-complexity -MMD -MP -MF"Drivers/STM32F1xx_HAL_Driver/Src/stm32f1xx_hal_cortex.d" -MT"Drivers/STM32F1xx_HAL_Driver/Src/stm32f1xx_hal_cortex.o" --specs=nano.specs -mfloat-abi=soft -mthumb -o "Drivers/STM32F1xx_HAL_Driver/Src/stm32f1xx_hal_cortex.o"
arm-none-eabi-gcc "../Drivers/STM32F1xx_HAL_Driver/Src/stm32f1xx_hal_dma.c" -mcpu=cortex-m3 -std=gnu11 -DUSE_HAL_DRIVER -DSTM32F103xB -c -I../Core/Inc -I../Drivers/STM32F1xx_HAL_Driver/Inc/Legacy -I../Drivers/STM32F1xx_HAL_Driver/Inc -I../Drivers/CMSIS/Device/ST/STM32F1xx/Include -I../Drivers/CMSIS/Include -Os -ffunction-sections -fdata-sections -Wall -fstack-usage -fcyclomatic-complexity -MMD -MP -MF"Drivers/STM32F1xx_HAL_Driver/Src/stm32f1xx_hal_dma.d" -MT"Drivers/STM32F1xx_HAL_Driver/Src/stm32f1xx_hal_dma.o" --specs=nano.specs -mfloat-abi=soft -mthumb -o "Drivers/STM32F1xx_HAL_Driver/Src/stm32f1xx_hal_dma.o"
arm-none-eabi-gcc "../Drivers/STM32F1xx_HAL_Driver/Src/stm32f1xx_hal_exti.c" -mcpu=cortex-m3 -std=gnu11 -DUSE_HAL_DRIVER -DSTM32F103xB -c -I../Core/Inc -I../Drivers/STM32F1xx_HAL_Driver/Inc/Legacy -I../Drivers/STM32F1xx_HAL_Driver/Inc -I../Drivers/CMSIS/Device/ST/STM32F1xx/Include -I../Drivers/CMSIS/Include -Os -ffunction-sections -fdata-sections -Wall -fstack-usage -fcyclomatic-complexity -MMD -MP -MF"Drivers/STM32F1xx_HAL_Driver/Src/stm32f1xx_hal_exti.d" -MT"Drivers/STM32F1xx_HAL_Driver/Src/stm32f1xx_hal_exti.o" --specs=nano.specs -mfloat-abi=soft -mthumb -o "Drivers/STM32F1xx_HAL_Driver/Src/stm32f1xx_hal_exti.o"
arm-none-eabi-gcc "../Drivers/STM32F1xx_HAL_Driver/Src/stm32f1xx_hal_flash.c" -mcpu=cortex-m3 -std=gnu11 -DUSE_HAL_DRIVER -DSTM32F103xB -c -I../Core/Inc -I../Drivers/STM32F1xx_HAL_Driver/Inc/Legacy -I../Drivers/STM32F1xx_HAL_Driver/Inc -I../Drivers/CMSIS/Device/ST/STM32F1xx/Include -I../Drivers/CMSIS/Include -Os -ffunction-sections -fdata-sections -Wall -fstack-usage -fcyclomatic-complexity -MMD -MP -MF"Drivers/STM32F1xx_HAL_Driver/Src/stm32f1xx_hal_flash.d" -MT"Drivers/STM32F1xx_HAL_Driver/Src/stm32f1xx_hal_flash.o" --specs=nano.specs -mfloat-abi=soft -mthumb -o "Drivers/STM32F1xx_HAL_Driver/Src/stm32f1xx_hal_flash.o"
arm-none-eabi-gcc "../Drivers/STM32F1xx_HAL_Driver/Src/stm32f1xx_hal_flash_ex.c" -mcpu=cortex-m3 -std=gnu11 -DUSE_HAL_DRIVER -DSTM32F103xB -c -I../Core/Inc -I../Drivers/STM32F1xx_HAL_Driver/Inc/Legacy -I../Drivers/STM32F1xx_HAL_Driver/Inc -I../Drivers/CMSIS/Device/ST/STM32F1xx/Include -I../Drivers/CMSIS/Include -Os -ffunction-sections -fdata-sections -Wall -fstack-usage -fcyclomatic-complexity -MMD -MP -MF"Drivers/STM32F1xx_HAL_Driver/Src/stm32f1xx_hal_flash_ex.d" -MT"Drivers/STM32F1xx_HAL_Driver/Src/stm32f1xx_hal_flash_ex.o" --specs=nano.specs -mfloat-abi=soft -mthumb -o "Drivers/STM32F1xx_HAL_Driver/Src/stm32f1xx_hal_flash_ex.o"
arm-none-eabi-gcc "../Drivers/STM32F1xx_HAL_Driver/Src/stm32f1xx_hal_gpio.c" -mcpu=cortex-m3 -std=gnu11 -DUSE_HAL_DRIVER -DSTM32F103xB -c -I../Core/Inc -I../Drivers/STM32F1xx_HAL_Driver/Inc/Legacy -I../Drivers/STM32F1xx_HAL_Driver/Inc -I../Drivers/CMSIS/Device/ST/STM32F1xx/Include -I../Drivers/CMSIS/Include -Os -ffunction-sections -fdata-sections -Wall -fstack-usage -fcyclomatic-complexity -MMD -MP -MF"Drivers/STM32F1xx_HAL_Driver/Src/stm32f1xx_hal_gpio.d" -MT"Drivers/STM32F1xx_HAL_Driver/Src/stm32f1xx_hal_gpio.o" --specs=nano.specs -mfloat-abi=soft -mthumb -o "Drivers/STM32F1xx_HAL_Driver/Src/stm32f1xx_hal_gpio.o"
arm-none-eabi-gcc "../Drivers/STM32F1xx_HAL_Driver/Src/stm32f1xx_hal_gpio_ex.c" -mcpu=cortex-m3 -std=gnu11 -DUSE_HAL_DRIVER -DSTM32F103xB -c -I../Core/Inc -I../Drivers/STM32F1xx_HAL_Driver/Inc/Legacy -I../Drivers/STM32F1xx_HAL_Driver/Inc -I../Drivers/CMSIS/Device/ST/STM32F1xx/Include -I../Drivers/CMSIS/Include -Os -ffunction-sections -fdata-sections -Wall -fstack-usage -fcyclomatic-complexity -MMD -MP -MF"Drivers/STM32F1xx_HAL_Driver/Src/stm32f1xx_hal_gpio_ex.d" -MT"Drivers/STM32F1xx_HAL_Driver/Src/stm32f1xx_hal_gpio_ex.o" --specs=nano.specs -mfloat-abi=soft -mthumb -o "Drivers/STM32F1xx_HAL_Driver/Src/stm32f1xx_hal_gpio_ex.o"
arm-none-eabi-gcc "../Drivers/STM32F1xx_HAL_Driver/Src/stm32f1xx_hal_i2c.c" -mcpu=cortex-m3 -std=gnu11 -DUSE_HAL_DRIVER -DSTM32F103xB -c -I../Core/Inc -I../Drivers/STM32F1xx_HAL_Driver/Inc/Legacy -I../Drivers/STM32F1xx_HAL_Driver/Inc -I../Drivers/CMSIS/Device/ST/STM32F1xx/Include -I../Drivers/CMSIS/Include -Os -ffunction-sections -fdata-sections -Wall -fstack-usage -fcyclomatic-complexity -MMD -MP -MF"Drivers/STM32F1xx_HAL_Driver/Src/stm32f1xx_hal_i2c.d" -MT"Drivers/STM32F1xx_HAL_Driver/Src/stm32f1xx_hal_i2c.o" --specs=nano.specs -mfloat-abi=soft -mthumb -o "Drivers/STM32F1xx_HAL_Driver/Src/stm32f1xx_hal_i2c.o"
arm-none-eabi-gcc "../Drivers/STM32F1xx_HAL_Driver/Src/stm32f1xx_hal_pwr.c" -mcpu=cortex-m3 -std=gnu11 -DUSE_HAL_DRIVER -DSTM32F103xB -c -I../Core/Inc -I../Drivers/STM32F1xx_HAL_Driver/Inc/Legacy -I../Drivers/STM32F1xx_HAL_Driver/Inc -I../Drivers/CMSIS/Device/ST/STM32F1xx/Include -I../Drivers/CMSIS/Include -Os -ffunction-sections -fdata-sections -Wall -fstack-usage -fcyclomatic-complexity -MMD -MP -MF"Drivers/STM32F1xx_HAL_Driver/Src/stm32f1xx_hal_pwr.d" -MT"Drivers/STM32F1xx_HAL_Driver/Src/stm32f1xx_hal_pwr.o" --specs=nano.specs -mfloat-abi=soft -mthumb -o "Drivers/STM32F1xx_HAL_Driver/Src/stm32f1xx_hal_pwr.o"
arm-none-eabi-gcc "../Drivers/STM32F1xx_HAL_Driver/Src/stm32f1xx_hal_rcc.c" -mcpu=cortex-m3 -std=gnu11 -DUSE_HAL_DRIVER -DSTM32F103xB -c -I../Core/Inc -I../Drivers/STM32F1xx_HAL_Driver/Inc/Legacy -I../Drivers/STM32F1xx_HAL_Driver/Inc -I../Drivers/CMSIS/Device/ST/STM32F1xx/Include -I../Drivers/CMSIS/Include -Os -ffunction-sections -fdata-sections -Wall -fstack-usage -fcyclomatic-complexity -MMD -MP -MF"Drivers/STM32F1xx_HAL_Driver/Src/stm32f1xx_hal_rcc.d" -MT"Drivers/STM32F1xx_HAL_Driver/Src/stm32f1xx_hal_rcc.o" --specs=nano.specs -mfloat-abi=soft -mthumb -o "Drivers/STM32F1xx_HAL_Driver/Src/stm32f1xx_hal_rcc.o"
arm-none-eabi-gcc "../Drivers/STM32F1xx_HAL_Driver/Src/stm32f1xx_hal_rcc_ex.c" -mcpu=cortex-m3 -std=gnu11 -DUSE_HAL_DRIVER -DSTM32F103xB -c -I../Core/Inc -I../Drivers/STM32F1xx_HAL_Driver/Inc/Legacy -I../Drivers/STM32F1xx_HAL_Driver/Inc -I../Drivers/CMSIS/Device/ST/STM32F1xx/Include -I../Drivers/CMSIS/Include -Os -ffunction-sections -fdata-sections -Wall -fstack-usage -fcyclomatic-complexity -MMD -MP -MF"Drivers/STM32F1xx_HAL_Driver/Src/stm32f1xx_hal_rcc_ex.d" -MT"Drivers/STM32F1xx_HAL_Driver/Src/stm32f1xx_hal_rcc_ex.o" --specs=nano.specs -mfloat-abi=soft -mthumb -o "Drivers/STM32F1xx_HAL_Driver/Src/stm32f1xx_hal_rcc_ex.o"
arm-none-eabi-gcc "../Drivers/STM32F1xx_HAL_Driver/Src/stm32f1xx_hal_uart.c" -mcpu=cortex-m3 -std=gnu11 -DUSE_HAL_DRIVER -DSTM32F103xB -c -I../Core/Inc -I../Drivers/STM32F1xx_HAL_Driver/Inc/Legacy -I../Drivers/STM32F1xx_HAL_Driver/Inc -I../Drivers/CMSIS/Device/ST/STM32F1xx/Include -I../Drivers/CMSIS/Include -Os -ffunction-sections -fdata-sections -Wall -fstack-usage -fcyclomatic-complexity -MMD -MP -MF"Drivers/STM32F1xx_HAL_Driver/Src/stm32f1xx_hal_uart.d" -MT"Drivers/STM32F1xx_HAL_Driver/Src/stm32f1xx_hal_uart.o" --specs=nano.specs -mfloat-abi=soft -mthumb -o "Drivers/STM32F1xx_HAL_Driver/Src/stm32f1xx_hal_uart.o"
arm-none-eabi-gcc -mcpu=cortex-m3 -c -x assembler-with-cpp -MMD -MP -MF"Core/Startup/startup_stm32f103c8tx.d" -MT"Core/Startup/startup_stm32f103c8tx.o" --specs=nano.specs -mfloat-abi=soft -mthumb -o "Core/Startup/startup_stm32f103c8tx.o" "../Core/Startup/startup_stm32f103c8tx.s"
arm-none-eabi-gcc "../Core/Src/main.c" -mcpu=cortex-m3 -std=gnu11 -DUSE_HAL_DRIVER -DSTM32F103xB -c -I../Core/Inc -I../Drivers/STM32F1xx_HAL_Driver/Inc/Legacy -I../Drivers/STM32F1xx_HAL_Driver/Inc -I../Drivers/CMSIS/Device/ST/STM32F1xx/Include -I../Drivers/CMSIS/Include -Os -ffunction-sections -fdata-sections -Wall -fstack-usage -fcyclomatic-complexity -MMD -MP -MF"Core/Src/main.d" -MT"Core/Src/main.o" --specs=nano.specs -mfloat-abi=soft -mthumb -o "Core/Src/main.o"
arm-none-eabi-gcc "../Core/Src/stm32f1xx_hal_msp.c" -mcpu=cortex-m3 -std=gnu11 -DUSE_HAL_DRIVER -DSTM32F103xB -c -I../Core/Inc -I../Drivers/STM32F1xx_HAL_Driver/Inc/Legacy -I../Drivers/STM32F1xx_HAL_Driver/Inc -I../Drivers/CMSIS/Device/ST/STM32F1xx/Include -I../Drivers/CMSIS/Include -Os -ffunction-sections -fdata-sections -Wall -fstack-usage -fcyclomatic-complexity -MMD -MP -MF"Core/Src/stm32f1xx_hal_msp.d" -MT"Core/Src/stm32f1xx_hal_msp.o" --specs=nano.specs -mfloat-abi=soft -mthumb -o "Core/Src/stm32f1xx_hal_msp.o"
arm-none-eabi-gcc "../Core/Src/stm32f1xx_it.c" -mcpu=cortex-m3 -std=gnu11 -DUSE_HAL_DRIVER -DSTM32F103xB -c -I../Core/Inc -I../Drivers/STM32F1xx_HAL_Driver/Inc/Legacy -I../Drivers/STM32F1xx_HAL_Driver/Inc -I../Drivers/CMSIS/Device/ST/STM32F1xx/Include -I../Drivers/CMSIS/Include -Os -ffunction-sections -fdata-sections -Wall -fstack-usage -fcyclomatic-complexity -MMD -MP -MF"Core/Src/stm32f1xx_it.d" -MT"Core/Src/stm32f1xx_it.o" --specs=nano.specs -mfloat-abi=soft -mthumb -o "Core/Src/stm32f1xx_it.o"
arm-none-eabi-gcc "../Core/Src/syscalls.c" -mcpu=cortex-m3 -std=gnu11 -DUSE_HAL_DRIVER -DSTM32F103xB -c -I../Core/Inc -I../Drivers/STM32F1xx_HAL_Driver/Inc/Legacy -I../Drivers/STM32F1xx_HAL_Driver/Inc -I../Drivers/CMSIS/Device/ST/STM32F1xx/Include -I../Drivers/CMSIS/Include -Os -ffunction-sections -fdata-sections -Wall -fstack-usage -fcyclomatic-complexity -MMD -MP -MF"Core/Src/syscalls.d" -MT"Core/Src/syscalls.o" --specs=nano.specs -mfloat-abi=soft -mthumb -o "Core/Src/syscalls.o"
arm-none-eabi-gcc "../Core/Src/sysmem.c" -mcpu=cortex-m3 -std=gnu11 -DUSE_HAL_DRIVER -DSTM32F103xB -c -I../Core/Inc -I../Drivers/STM32F1xx_HAL_Driver/Inc/Legacy -I../Drivers/STM32F1xx_HAL_Driver/Inc -I../Drivers/CMSIS/Device/ST/STM32F1xx/Include -I../Drivers/CMSIS/Include -Os -ffunction-sections -fdata-sections -Wall -fstack-usage -fcyclomatic-complexity -MMD -MP -MF"Core/Src/sysmem.d" -MT"Core/Src/sysmem.o" --specs=nano.specs -mfloat-abi=soft -mthumb -o "Core/Src/sysmem.o"
arm-none-eabi-gcc "../Core/Src/system_stm32f1xx.c" -mcpu=cortex-m3 -std=gnu11 -DUSE_HAL_DRIVER -DSTM32F103xB -c -I../Core/Inc -I../Drivers/STM32F1xx_HAL_Driver/Inc/Legacy -I../Drivers/STM32F1xx_HAL_Driver/Inc -I../Drivers/CMSIS/Device/ST/STM32F1xx/Include -I../Drivers/CMSIS/Include -Os -ffunction-sections -fdata-sections -Wall -fstack-usage -fcyclomatic-complexity -MMD -MP -MF"Core/Src/system_stm32f1xx.d" -MT"Core/Src/system_stm32f1xx.o" --specs=nano.specs -mfloat-abi=soft -mthumb -o "Core/Src/system_stm32f1xx.o"
../Core/Src/stm32f1xx_it.c: In function 'SysTick_Handler':
../Core/Src/stm32f1xx_it.c:193:3: warning: implicit declaration of function 'OS_TimeEvt_tick' [-Wimplicit-function-declaration]
  193 |   OS_TimeEvt_tick();
      |   ^~~~~~~~~~~~~~~
../Core/Src/main.c: In function 'main':
../Core/Src/main.c:307:3: error: 'txheader' undeclared (first use in this function); did you mean 'TxHeader'?
  307 |   txheader.DLC = 5;
      |   ^~~~~~~~
      |   TxHeader
../Core/Src/main.c:307:3: note: each undeclared identifier is reported only once for each function it appears in
../Core/Src/main.c:308:3: error: 'Txheader' undeclared (first use in this function); did you mean 'TxHeader'?
  308 |   Txheader.StdId = 0x103;
      |   ^~~~~~~~
      |   TxHeader
../Core/Src/main.c:312:11: warning: unused variable 'data_tx' [-Wunused-variable]
  312 |   uint8_t data_tx[5] = {'H','E','L','L','O'};
      |           ^~~~~~~
make: *** [Core/Src/subdir.mk:34: Core/Src/main.o] Error 1
make: *** Waiting for unfinished jobs....
"make -j12 all" terminated with exit code 2. Build might be incomplete.
15:18:15 **** Build of configuration Debug for project test_peripheral ****
make -j12 all 
arm-none-eabi-gcc "../os/port/os_port.c" -mcpu=cortex-m3 -std=gnu11 -g3 -DDEBUG -DUSE_HAL_DRIVER -DSTM32F103xB -c -I../Core/Inc -I../Drivers/STM32F1xx_HAL_Driver/Inc/Legacy -I../Drivers/STM32F1xx_HAL_Driver/Inc -I../Drivers/CMSIS/Device/ST/STM32F1xx/Include -I../Drivers/CMSIS/Include -O0 -ffunction-sections -fdata-sections -Wall -fstack-usage -fcyclomatic-complexity -MMD -MP -MF"os/port/os_port.d" -MT"os/port/os_port.o" --specs=nano.specs -mfloat-abi=soft -mthumb -o "os/port/os_port.o"
arm-none-eabi-gcc "../os/bsp.c" -mcpu=cortex-m3 -std=gnu11 -g3 -DDEBUG -DUSE_HAL_DRIVER -DSTM32F103xB -c -I../Core/Inc -I../Drivers/STM32F1xx_HAL_Driver/Inc/Legacy -I../Drivers/STM32F1xx_HAL_Driver/Inc -I../Drivers/CMSIS/Device/ST/STM32F1xx/Include -I../Drivers/CMSIS/Include -O0 -ffunction-sections -fdata-sections -Wall -fstack-usage -fcyclomatic-complexity -MMD -MP -MF"os/bsp.d" -MT"os/bsp.o" --specs=nano.specs -mfloat-abi=soft -mthumb -o "os/bsp.o"
arm-none-eabi-gcc "../os/os.c" -mcpu=cortex-m3 -std=gnu11 -g3 -DDEBUG -DUSE_HAL_DRIVER -DSTM32F103xB -c -I../Core/Inc -I../Drivers/STM32F1xx_HAL_Driver/Inc/Legacy -I../Drivers/STM32F1xx_HAL_Driver/Inc -I../Drivers/CMSIS/Device/ST/STM32F1xx/Include -I../Drivers/CMSIS/Include -O0 -ffunction-sections -fdata-sections -Wall -fstack-usage -fcyclomatic-complexity -MMD -MP -MF"os/os.d" -MT"os/os.o" --specs=nano.specs -mfloat-abi=soft -mthumb -o "os/os.o"
arm-none-eabi-gcc "../os/os_event.c" -mcpu=cortex-m3 -std=gnu11 -g3 -DDEBUG -DUSE_HAL_DRIVER -DSTM32F103xB -c -I../Core/Inc -I../Drivers/STM32F1xx_HAL_Driver/Inc/Legacy -I../Drivers/STM32F1xx_HAL_Driver/Inc -I../Drivers/CMSIS/Device/ST/STM32F1xx/Include -I../Drivers/CMSIS/Include -O0 -ffunction-sections -fdata-sections -Wall -fstack-usage -fcyclomatic-complexity -MMD -MP -MF"os/os_event.d" -MT"os/os_event.o" --specs=nano.specs -mfloat-abi=soft -mthumb -o "os/os_event.o"
arm-none-eabi-gcc "../lib/AT24Cxx.c" -mcpu=cortex-m3 -std=gnu11 -g3 -DDEBUG -DUSE_HAL_DRIVER -DSTM32F103xB -c -I../Core/Inc -I../Drivers/STM32F1xx_HAL_Driver/Inc/Legacy -I../Drivers/STM32F1xx_HAL_Driver/Inc -I../Drivers/CMSIS/Device/ST/STM32F1xx/Include -I../Drivers/CMSIS/Include -O0 -ffunction-sections -fdata-sections -Wall -fstack-usage -fcyclomatic-complexity -MMD -MP -MF"lib/AT24Cxx.d" -MT"lib/AT24Cxx.o" --specs=nano.specs -mfloat-abi=soft -mthumb -o "lib/AT24Cxx.o"
arm-none-eabi-gcc "../lib/Common.c" -mcpu=cortex-m3 -std=gnu11 -g3 -DDEBUG -DUSE_HAL_DRIVER -DSTM32F103xB -c -I../Core/Inc -I../Drivers/STM32F1xx_HAL_Driver/Inc/Legacy -I../Drivers/STM32F1xx_HAL_Driver/Inc -I../Drivers/CMSIS/Device/ST/STM32F1xx/Include -I../Drivers/CMSIS/Include -O0 -ffunction-sections -fdata-sections -Wall -fstack-usage -fcyclomatic-complexity -MMD -MP -MF"lib/Common.d" -MT"lib/Common.o" --specs=nano.specs -mfloat-abi=soft -mthumb -o "lib/Common.o"
arm-none-eabi-gcc "../lib/DWIN_HMI.c" -mcpu=cortex-m3 -std=gnu11 -g3 -DDEBUG -DUSE_HAL_DRIVER -DSTM32F103xB -c -I../Core/Inc -I../Drivers/STM32F1xx_HAL_Driver/Inc/Legacy -I../Drivers/STM32F1xx_HAL_Driver/Inc -I../Drivers/CMSIS/Device/ST/STM32F1xx/Include -I../Drivers/CMSIS/Include -O0 -ffunction-sections -fdata-sections -Wall -fstack-usage -fcyclomatic-complexity -MMD -MP -MF"lib/DWIN_HMI.d" -MT"lib/DWIN_HMI.o" --specs=nano.specs -mfloat-abi=soft -mthumb -o "lib/DWIN_HMI.o"
arm-none-eabi-gcc "../app/Screen.c" -mcpu=cortex-m3 -std=gnu11 -g3 -DDEBUG -DUSE_HAL_DRIVER -DSTM32F103xB -c -I../Core/Inc -I../Drivers/STM32F1xx_HAL_Driver/Inc/Legacy -I../Drivers/STM32F1xx_HAL_Driver/Inc -I../Drivers/CMSIS/Device/ST/STM32F1xx/Include -I../Drivers/CMSIS/Include -O0 -ffunction-sections -fdata-sections -Wall -fstack-usage -fcyclomatic-complexity -MMD -MP -MF"app/Screen.d" -MT"app/Screen.o" --specs=nano.specs -mfloat-abi=soft -mthumb -o "app/Screen.o"
arm-none-eabi-gcc "../app/app_bsp.c" -mcpu=cortex-m3 -std=gnu11 -g3 -DDEBUG -DUSE_HAL_DRIVER -DSTM32F103xB -c -I../Core/Inc -I../Drivers/STM32F1xx_HAL_Driver/Inc/Legacy -I../Drivers/STM32F1xx_HAL_Driver/Inc -I../Drivers/CMSIS/Device/ST/STM32F1xx/Include -I../Drivers/CMSIS/Include -O0 -ffunction-sections -fdata-sections -Wall -fstack-usage -fcyclomatic-complexity -MMD -MP -MF"app/app_bsp.d" -MT"app/app_bsp.o" --specs=nano.specs -mfloat-abi=soft -mthumb -o "app/app_bsp.o"
arm-none-eabi-gcc "../app/app_can_bus.c" -mcpu=cortex-m3 -std=gnu11 -g3 -DDEBUG -DUSE_HAL_DRIVER -DSTM32F103xB -c -I../Core/Inc -I../Drivers/STM32F1xx_HAL_Driver/Inc/Legacy -I../Drivers/STM32F1xx_HAL_Driver/Inc -I../Drivers/CMSIS/Device/ST/STM32F1xx/Include -I../Drivers/CMSIS/Include -O0 -ffunction-sections -fdata-sections -Wall -fstack-usage -fcyclomatic-complexity -MMD -MP -MF"app/app_can_bus.d" -MT"app/app_can_bus.o" --specs=nano.specs -mfloat-abi=soft -mthumb -o "app/app_can_bus.o"
arm-none-eabi-gcc "../app/app_eeprom.c" -mcpu=cortex-m3 -std=gnu11 -g3 -DDEBUG -DUSE_HAL_DRIVER -DSTM32F103xB -c -I../Core/Inc -I../Drivers/STM32F1xx_HAL_Driver/Inc/Legacy -I../Drivers/STM32F1xx_HAL_Driver/Inc -I../Drivers/CMSIS/Device/ST/STM32F1xx/Include -I../Drivers/CMSIS/Include -O0 -ffunction-sections -fdata-sections -Wall -fstack-usage -fcyclomatic-complexity -MMD -MP -MF"app/app_eeprom.d" -MT"app/app_eeprom.o" --specs=nano.specs -mfloat-abi=soft -mthumb -o "app/app_eeprom.o"
arm-none-eabi-gcc "../app/app_main.c" -mcpu=cortex-m3 -std=gnu11 -g3 -DDEBUG -DUSE_HAL_DRIVER -DSTM32F103xB -c -I../Core/Inc -I../Drivers/STM32F1xx_HAL_Driver/Inc/Legacy -I../Drivers/STM32F1xx_HAL_Driver/Inc -I../Drivers/CMSIS/Device/ST/STM32F1xx/Include -I../Drivers/CMSIS/Include -O0 -ffunction-sections -fdata-sections -Wall -fstack-usage -fcyclomatic-complexity -MMD -MP -MF"app/app_main.d" -MT"app/app_main.o" --specs=nano.specs -mfloat-abi=soft -mthumb -o "app/app_main.o"
../lib/Common.c: In function 'String2Float':
../lib/Common.c:5:1: warning: control reaches end of non-void function [-Wreturn-type]
    5 | }
      | ^
../os/os.c: In function 'OS_task_run':
../os/os.c:22:5: warning: implicit declaration of function 'OS_start' [-Wimplicit-function-declaration]
   22 |     OS_start();         /* start of multipletasking in port-specific */
      |     ^~~~~~~~
../os/port/os_port.c: In function 'OS_init':
../os/port/os_port.c:48:32: warning: suggest parentheses around comparison in operand of '&' [-Wparentheses]
   48 |         if (prio & (1u << tmp) != 0) { /* loop until detect the 1 value */
      |                    ~~~~~~~~~~~~^~~~
../os/os.c:23:5: warning: implicit declaration of function 'OS_onStart' [-Wimplicit-function-declaration]
   23 |     OS_onStart();       /* application config & start interrupt */
      |     ^~~~~~~~~~
../os/os.c: In function 'OS_task_post':
../os/os.c:93:48: warning: assignment discards 'const' qualifier from pointer target type [-Wdiscarded-qualifiers]
   93 |     pQueue->buf_tcb[pQueue->head_index].pEvent = pEvent;
      |                                                ^
../os/os.c: In function 'OS_task_activate':
../os/os.c:234:24: warning: passing argument 1 of 'free_dynamic_event' discards 'const' qualifier from pointer target type [-Wdiscarded-qualifiers]
  234 |     free_dynamic_event(e_receive);
      |                        ^~~~~~~~~
In file included from ../os/os.c:14:
../os/os_event.h:7:37: note: expected 'OS_event_t *' but argument is of type 'const OS_event_t *'
    7 | void free_dynamic_event(OS_event_t *e);
      |                         ~~~~~~~~~~~~^
../lib/AT24Cxx.c: In function 'AT24Cxx_write_buffer_bloking':
../lib/AT24Cxx.c:80:1: warning: control reaches end of non-void function [-Wreturn-type]
   80 | }
      | ^
../app/Screen.c: In function 'Screen_begin':
../app/Screen.c:93:24: warning: passing argument 1 of 'DWIN_SetArray_Icon' from incompatible pointer type [-Wincompatible-pointer-types]
   93 |     DWIN_SetArray_Icon(&_Screen,VP_ICON_DIRECTION_PIN,_Screen.IC_Testerx[PROGRAM_TEST1].config_pin,16);
      |                        ^~~~~~~~
      |                        |
      |                        Screen_t *
In file included from ../app/Screen.h:7,
                 from ../app/Screen.c:1:
../app/../lib/DWIN_HMI.h:32:33: note: expected 'Dwin_t *' but argument is of type 'Screen_t *'
   32 | void DWIN_SetArray_Icon(Dwin_t *pDwin, uint16_t VP_address_begin, uint8_t *data_array, uint8_t data_length );
      |                         ~~~~~~~~^~~~~
../app/Screen.c:93:88: warning: pointer targets in passing argument 3 of 'DWIN_SetArray_Icon' differ in signedness [-Wpointer-sign]
   93 |     DWIN_SetArray_Icon(&_Screen,VP_ICON_DIRECTION_PIN,_Screen.IC_Testerx[PROGRAM_TEST1].config_pin,16);
      |                                                       ~~~~~~~~~~~~~~~~~~~~~~~~~~~~~~~~~^~~~~~~~~~~
      |                                                                                        |
      |                                                                                        char *
../app/../lib/DWIN_HMI.h:32:76: note: expected 'uint8_t *' {aka 'unsigned char *'} but argument is of type 'char *'
   32 | void DWIN_SetArray_Icon(Dwin_t *pDwin, uint16_t VP_address_begin, uint8_t *data_array, uint8_t data_length );
      |                                                                   ~~~~~~~~~^~~~~~~~~~
../app/Screen.c:95:24: warning: passing argument 1 of 'DWIN_SetArray_Icon' from incompatible pointer type [-Wincompatible-pointer-types]
   95 |     DWIN_SetArray_Icon(&_Screen,VP_ICON_RESULT,_Screen.IC_Testerx[PROGRAM_TEST1].data_result[0],16);
      |                        ^~~~~~~~
      |                        |
      |                        Screen_t *
../app/../lib/DWIN_HMI.h:32:33: note: expected 'Dwin_t *' but argument is of type 'Screen_t *'
   32 | void DWIN_SetArray_Icon(Dwin_t *pDwin, uint16_t VP_address_begin, uint8_t *data_array, uint8_t data_length );
      |                         ~~~~~~~~^~~~~
../app/Screen.c:95:93: warning: pointer targets in passing argument 3 of 'DWIN_SetArray_Icon' differ in signedness [-Wpointer-sign]
   95 |     DWIN_SetArray_Icon(&_Screen,VP_ICON_RESULT,_Screen.IC_Testerx[PROGRAM_TEST1].data_result[0],16);
      |                                                ~~~~~~~~~~~~~~~~~~~~~~~~~~~~~~~~~~~~~~~~~~~~~^~~
      |                                                                                             |
      |                                                                                             char *
../app/../lib/DWIN_HMI.h:32:76: note: expected 'uint8_t *' {aka 'unsigned char *'} but argument is of type 'char *'
   32 | void DWIN_SetArray_Icon(Dwin_t *pDwin, uint16_t VP_address_begin, uint8_t *data_array, uint8_t data_length );
      |                                                                   ~~~~~~~~~^~~~~~~~~~
../app/Screen.c:109:13: warning: unused variable 'data' [-Wunused-variable]
  109 |     uint8_t data[15] = {1,1,0,0,1,0,0,1,1,0,0,0,1,1,0};
      |             ^~~~
../app/Screen.c: In function 'Navigation_Change_CaseTest':
../app/Screen.c:262:107: warning: pointer targets in passing argument 3 of 'DWIN_SetArray_Icon' differ in signedness [-Wpointer-sign]
  262 |     DWIN_SetArray_Icon((Dwin_t *)screen_obj,VP_ICON_RESULT,_Screen.IC_Testerx[selectedProgram].data_result[screen_obj->IC_Testerx[screen_obj->curr_device].curr_case],num_pin);
      |                                                            ~~~~~~~~~~~~~~~~~~~~~~~~~~~~~~~~~~~~~~~~~~~~~~~^~~~~~~~~~~~~~~~~~~~~~~~~~~~~~~~~~~~~~~~~~~~~~~~~~~~~~~~~~~
      |                                                                                                           |
      |                                                                                                           char *
../lib/DWIN_HMI.c: In function 'DWIN_ClearText':
../app/../lib/DWIN_HMI.h:32:76: note: expected 'uint8_t *' {aka 'unsigned char *'} but argument is of type 'char *'
   32 | void DWIN_SetArray_Icon(Dwin_t *pDwin, uint16_t VP_address_begin, uint8_t *data_array, uint8_t data_length );
      |                                                                   ~~~~~~~~~^~~~~~~~~~
../lib/DWIN_HMI.c:25:35: warning: pointer targets in passing argument 3 of 'DWIN_SetText' differ in signedness [-Wpointer-sign]
   25 |     DWIN_SetText(pDwin,VP_address,(uint8_t *)"",strlen(""));
      |                                   ^~~~~~~~~~~~~
      |                                   |
      |                                   uint8_t * {aka unsigned char *}
../lib/DWIN_HMI.c:10:61: note: expected 'char *' but argument is of type 'uint8_t *' {aka 'unsigned char *'}
   10 | void DWIN_SetText(Dwin_t *pDwin, uint16_t VP_address, char *textData, uint16_t datalen) {
      |                                                       ~~~~~~^~~~~~~~
arm-none-eabi-gcc "../app/app_post_test.c" -mcpu=cortex-m3 -std=gnu11 -g3 -DDEBUG -DUSE_HAL_DRIVER -DSTM32F103xB -c -I../Core/Inc -I../Drivers/STM32F1xx_HAL_Driver/Inc/Legacy -I../Drivers/STM32F1xx_HAL_Driver/Inc -I../Drivers/CMSIS/Device/ST/STM32F1xx/Include -I../Drivers/CMSIS/Include -O0 -ffunction-sections -fdata-sections -Wall -fstack-usage -fcyclomatic-complexity -MMD -MP -MF"app/app_post_test.d" -MT"app/app_post_test.o" --specs=nano.specs -mfloat-abi=soft -mthumb -o "app/app_post_test.o"
../app/app_can_bus.c: In function 'can_bus_init':
../app/app_can_bus.c:34:29: error: incompatible type for argument 1 of 'OS_TimeEvt_Stop'
   34 |     OS_TimeEvt_Stop(pOS_task->te);
      |                     ~~~~~~~~^~~~
      |                             |
      |                             OS_TimeEvt {aka struct OS_TimeEvt_t}
In file included from ../app/app_can_bus.h:9,
                 from ../app/app_can_bus.c:1:
../app/../os/os.h:107:34: note: expected 'OS_TimeEvt *' {aka 'struct OS_TimeEvt_t *'} but argument is of type 'OS_TimeEvt' {aka 'struct OS_TimeEvt_t'}
  107 | void OS_TimeEvt_Stop(OS_TimeEvt *pOS_Evt);
      |                      ~~~~~~~~~~~~^~~~~~~
arm-none-eabi-gcc "../app/app_screen.c" -mcpu=cortex-m3 -std=gnu11 -g3 -DDEBUG -DUSE_HAL_DRIVER -DSTM32F103xB -c -I../Core/Inc -I../Drivers/STM32F1xx_HAL_Driver/Inc/Legacy -I../Drivers/STM32F1xx_HAL_Driver/Inc -I../Drivers/CMSIS/Device/ST/STM32F1xx/Include -I../Drivers/CMSIS/Include -O0 -ffunction-sections -fdata-sections -Wall -fstack-usage -fcyclomatic-complexity -MMD -MP -MF"app/app_screen.d" -MT"app/app_screen.o" --specs=nano.specs -mfloat-abi=soft -mthumb -o "app/app_screen.o"
make: *** [app/subdir.mk:43: app/app_can_bus.o] Error 1
make: *** Waiting for unfinished jobs....
../app/app_eeprom.c: In function 'eeprom_dispatch':
../app/app_eeprom.c:102:94: warning: passing argument 1 of 'get_data_dynamic_event' discards 'const' qualifier from pointer target type [-Wdiscarded-qualifiers]
  102 |             data_eeprom_t *data_read = (data_eeprom_t *)(*(uint32_t *)get_data_dynamic_event(pEvent));
      |                                                                                              ^~~~~~
In file included from ../app/app_main.h:21,
                 from ../app/Screen.h:11,
                 from ../app/app_eeprom.h:11,
                 from ../app/app_eeprom.c:2:
../app/../os/os_event.h:11:52: note: expected 'OS_event_t * const' but argument is of type 'const OS_event_t *'
   11 | uint8_t *get_data_dynamic_event(OS_event_t * const e);
      |                                 ~~~~~~~~~~~~~~~~~~~^
../app/app_eeprom.c:112:84: warning: passing argument 1 of 'get_data_dynamic_event' discards 'const' qualifier from pointer target type [-Wdiscarded-qualifiers]
  112 |             data_eeprom_t *data_receive = (data_eeprom_t *)(get_data_dynamic_event(pEvent));
      |                                                                                    ^~~~~~
../app/../os/os_event.h:11:52: note: expected 'OS_event_t * const' but argument is of type 'const OS_event_t *'
   11 | uint8_t *get_data_dynamic_event(OS_event_t * const e);
      |                                 ~~~~~~~~~~~~~~~~~~~^
../app/app_screen.c:16:34: error: incompatible types when initializing type 'OS_task * const' {aka 'struct OS_task_t * const'} using type 'OS_task' {aka 'struct OS_task_t'}
   16 | OS_task * const AO_task_screen = screen_instance.task;
      |                                  ^~~~~~~~~~~~~~~
make: *** [app/subdir.mk:43: app/app_screen.o] Error 1
"make -j12 all" terminated with exit code 2. Build might be incomplete.
15:19:46 **** Clean-only build of configuration Debug for project test_peripheral ****
make -j12 clean 
rm -rf ./os/port/os_port.cyclo ./os/port/os_port.d ./os/port/os_port.o ./os/port/os_port.su
rm -rf ./os/bsp.cyclo ./os/bsp.d ./os/bsp.o ./os/bsp.su ./os/os.cyclo ./os/os.d ./os/os.o ./os/os.su ./os/os_event.cyclo ./os/os_event.d ./os/os_event.o ./os/os_event.su
rm -rf ./lib/AT24Cxx.cyclo ./lib/AT24Cxx.d ./lib/AT24Cxx.o ./lib/AT24Cxx.su ./lib/Common.cyclo ./lib/Common.d ./lib/Common.o ./lib/Common.su ./lib/DWIN_HMI.cyclo ./lib/DWIN_HMI.d ./lib/DWIN_HMI.o ./lib/DWIN_HMI.su
rm -rf ./app/Screen.cyclo ./app/Screen.d ./app/Screen.o ./app/Screen.su ./app/app_bsp.cyclo ./app/app_bsp.d ./app/app_bsp.o ./app/app_bsp.su ./app/app_can_bus.cyclo ./app/app_can_bus.d ./app/app_can_bus.o ./app/app_can_bus.su ./app/app_eeprom.cyclo ./app/app_eeprom.d ./app/app_eeprom.o ./app/app_eeprom.su ./app/app_main.cyclo ./app/app_main.d ./app/app_main.o ./app/app_main.su ./app/app_post_test.cyclo ./app/app_post_test.d ./app/app_post_test.o ./app/app_post_test.su ./app/app_screen.cyclo ./app/app_screen.d ./app/app_screen.o ./app/app_screen.su ./app/app_uart_esp32.cyclo ./app/app_uart_esp32.d ./app/app_uart_esp32.o ./app/app_uart_esp32.su ./app/test_os.cyclo ./app/test_os.d ./app/test_os.o ./app/test_os.su
rm -rf ./Drivers/STM32F1xx_HAL_Driver/Src/stm32f1xx_hal.cyclo ./Drivers/STM32F1xx_HAL_Driver/Src/stm32f1xx_hal.d ./Drivers/STM32F1xx_HAL_Driver/Src/stm32f1xx_hal.o ./Drivers/STM32F1xx_HAL_Driver/Src/stm32f1xx_hal.su ./Drivers/STM32F1xx_HAL_Driver/Src/stm32f1xx_hal_can.cyclo ./Drivers/STM32F1xx_HAL_Driver/Src/stm32f1xx_hal_can.d ./Drivers/STM32F1xx_HAL_Driver/Src/stm32f1xx_hal_can.o ./Drivers/STM32F1xx_HAL_Driver/Src/stm32f1xx_hal_can.su ./Drivers/STM32F1xx_HAL_Driver/Src/stm32f1xx_hal_cortex.cyclo ./Drivers/STM32F1xx_HAL_Driver/Src/stm32f1xx_hal_cortex.d ./Drivers/STM32F1xx_HAL_Driver/Src/stm32f1xx_hal_cortex.o ./Drivers/STM32F1xx_HAL_Driver/Src/stm32f1xx_hal_cortex.su ./Drivers/STM32F1xx_HAL_Driver/Src/stm32f1xx_hal_dma.cyclo ./Drivers/STM32F1xx_HAL_Driver/Src/stm32f1xx_hal_dma.d ./Drivers/STM32F1xx_HAL_Driver/Src/stm32f1xx_hal_dma.o ./Drivers/STM32F1xx_HAL_Driver/Src/stm32f1xx_hal_dma.su ./Drivers/STM32F1xx_HAL_Driver/Src/stm32f1xx_hal_exti.cyclo ./Drivers/STM32F1xx_HAL_Driver/Src/stm32f1xx_hal_exti.d ./Drivers/STM32F1xx_HAL_Driver/Src/stm32f1xx_hal_exti.o ./Drivers/STM32F1xx_HAL_Driver/Src/stm32f1xx_hal_exti.su ./Drivers/STM32F1xx_HAL_Driver/Src/stm32f1xx_hal_flash.cyclo ./Drivers/STM32F1xx_HAL_Driver/Src/stm32f1xx_hal_flash.d ./Drivers/STM32F1xx_HAL_Driver/Src/stm32f1xx_hal_flash.o ./Drivers/STM32F1xx_HAL_Driver/Src/stm32f1xx_hal_flash.su ./Drivers/STM32F1xx_HAL_Driver/Src/stm32f1xx_hal_flash_ex.cyclo ./Drivers/STM32F1xx_HAL_Driver/Src/stm32f1xx_hal_flash_ex.d ./Drivers/STM32F1xx_HAL_Driver/Src/stm32f1xx_hal_flash_ex.o ./Drivers/STM32F1xx_HAL_Driver/Src/stm32f1xx_hal_flash_ex.su ./Drivers/STM32F1xx_HAL_Driver/Src/stm32f1xx_hal_gpio.cyclo ./Drivers/STM32F1xx_HAL_Driver/Src/stm32f1xx_hal_gpio.d ./Drivers/STM32F1xx_HAL_Driver/Src/stm32f1xx_hal_gpio.o ./Drivers/STM32F1xx_HAL_Driver/Src/stm32f1xx_hal_gpio.su ./Drivers/STM32F1xx_HAL_Driver/Src/stm32f1xx_hal_gpio_ex.cyclo ./Drivers/STM32F1xx_HAL_Driver/Src/stm32f1xx_hal_gpio_ex.d ./Drivers/STM32F1xx_HAL_Driver/Src/stm32f1xx_hal_gpio_ex.o ./Drivers/STM32F1xx_HAL_Driver/Src/stm32f1xx_hal_gpio_ex.su ./Drivers/STM32F1xx_HAL_Driver/Src/stm32f1xx_hal_i2c.cyclo ./Drivers/STM32F1xx_HAL_Driver/Src/stm32f1xx_hal_i2c.d ./Drivers/STM32F1xx_HAL_Driver/Src/stm32f1xx_hal_i2c.o ./Drivers/STM32F1xx_HAL_Driver/Src/stm32f1xx_hal_i2c.su ./Drivers/STM32F1xx_HAL_Driver/Src/stm32f1xx_hal_pwr.cyclo ./Drivers/STM32F1xx_HAL_Driver/Src/stm32f1xx_hal_pwr.d ./Drivers/STM32F1xx_HAL_Driver/Src/stm32f1xx_hal_pwr.o ./Drivers/STM32F1xx_HAL_Driver/Src/stm32f1xx_hal_pwr.su ./Drivers/STM32F1xx_HAL_Driver/Src/stm32f1xx_hal_rcc.cyclo ./Drivers/STM32F1xx_HAL_Driver/Src/stm32f1xx_hal_rcc.d ./Drivers/STM32F1xx_HAL_Driver/Src/stm32f1xx_hal_rcc.o ./Drivers/STM32F1xx_HAL_Driver/Src/stm32f1xx_hal_rcc.su ./Drivers/STM32F1xx_HAL_Driver/Src/stm32f1xx_hal_rcc_ex.cyclo ./Drivers/STM32F1xx_HAL_Driver/Src/stm32f1xx_hal_rcc_ex.d ./Drivers/STM32F1xx_HAL_Driver/Src/stm32f1xx_hal_rcc_ex.o ./Drivers/STM32F1xx_HAL_Driver/Src/stm32f1xx_hal_rcc_ex.su ./Drivers/STM32F1xx_HAL_Driver/Src/stm32f1xx_hal_uart.cyclo ./Drivers/STM32F1xx_HAL_Driver/Src/stm32f1xx_hal_uart.d ./Drivers/STM32F1xx_HAL_Driver/Src/stm32f1xx_hal_uart.o ./Drivers/STM32F1xx_HAL_Driver/Src/stm32f1xx_hal_uart.su
rm -rf ./Core/Startup/startup_stm32f103c8tx.d ./Core/Startup/startup_stm32f103c8tx.o
rm -rf ./Core/Src/main.cyclo ./Core/Src/main.d ./Core/Src/main.o ./Core/Src/main.su ./Core/Src/stm32f1xx_hal_msp.cyclo ./Core/Src/stm32f1xx_hal_msp.d ./Core/Src/stm32f1xx_hal_msp.o ./Core/Src/stm32f1xx_hal_msp.su ./Core/Src/stm32f1xx_it.cyclo ./Core/Src/stm32f1xx_it.d ./Core/Src/stm32f1xx_it.o ./Core/Src/stm32f1xx_it.su ./Core/Src/syscalls.cyclo ./Core/Src/syscalls.d ./Core/Src/syscalls.o ./Core/Src/syscalls.su ./Core/Src/sysmem.cyclo ./Core/Src/sysmem.d ./Core/Src/sysmem.o ./Core/Src/sysmem.su ./Core/Src/system_stm32f1xx.cyclo ./Core/Src/system_stm32f1xx.d ./Core/Src/system_stm32f1xx.o ./Core/Src/system_stm32f1xx.su
rm -rf default.size.stdout test_peripheral.elf test_peripheral.list test_peripheral.map
 
15:19:46 **** Incremental Build of configuration Debug for project test_peripheral ****
make -j12 all 
arm-none-eabi-gcc "../os/port/os_port.c" -mcpu=cortex-m3 -std=gnu11 -g3 -DDEBUG -DUSE_HAL_DRIVER -DSTM32F103xB -c -I../Core/Inc -I../Drivers/STM32F1xx_HAL_Driver/Inc/Legacy -I../Drivers/STM32F1xx_HAL_Driver/Inc -I../Drivers/CMSIS/Device/ST/STM32F1xx/Include -I../Drivers/CMSIS/Include -O0 -ffunction-sections -fdata-sections -Wall -fstack-usage -fcyclomatic-complexity -MMD -MP -MF"os/port/os_port.d" -MT"os/port/os_port.o" --specs=nano.specs -mfloat-abi=soft -mthumb -o "os/port/os_port.o"
arm-none-eabi-gcc "../os/bsp.c" -mcpu=cortex-m3 -std=gnu11 -g3 -DDEBUG -DUSE_HAL_DRIVER -DSTM32F103xB -c -I../Core/Inc -I../Drivers/STM32F1xx_HAL_Driver/Inc/Legacy -I../Drivers/STM32F1xx_HAL_Driver/Inc -I../Drivers/CMSIS/Device/ST/STM32F1xx/Include -I../Drivers/CMSIS/Include -O0 -ffunction-sections -fdata-sections -Wall -fstack-usage -fcyclomatic-complexity -MMD -MP -MF"os/bsp.d" -MT"os/bsp.o" --specs=nano.specs -mfloat-abi=soft -mthumb -o "os/bsp.o"
arm-none-eabi-gcc "../os/os.c" -mcpu=cortex-m3 -std=gnu11 -g3 -DDEBUG -DUSE_HAL_DRIVER -DSTM32F103xB -c -I../Core/Inc -I../Drivers/STM32F1xx_HAL_Driver/Inc/Legacy -I../Drivers/STM32F1xx_HAL_Driver/Inc -I../Drivers/CMSIS/Device/ST/STM32F1xx/Include -I../Drivers/CMSIS/Include -O0 -ffunction-sections -fdata-sections -Wall -fstack-usage -fcyclomatic-complexity -MMD -MP -MF"os/os.d" -MT"os/os.o" --specs=nano.specs -mfloat-abi=soft -mthumb -o "os/os.o"
arm-none-eabi-gcc "../os/os_event.c" -mcpu=cortex-m3 -std=gnu11 -g3 -DDEBUG -DUSE_HAL_DRIVER -DSTM32F103xB -c -I../Core/Inc -I../Drivers/STM32F1xx_HAL_Driver/Inc/Legacy -I../Drivers/STM32F1xx_HAL_Driver/Inc -I../Drivers/CMSIS/Device/ST/STM32F1xx/Include -I../Drivers/CMSIS/Include -O0 -ffunction-sections -fdata-sections -Wall -fstack-usage -fcyclomatic-complexity -MMD -MP -MF"os/os_event.d" -MT"os/os_event.o" --specs=nano.specs -mfloat-abi=soft -mthumb -o "os/os_event.o"
arm-none-eabi-gcc "../lib/AT24Cxx.c" -mcpu=cortex-m3 -std=gnu11 -g3 -DDEBUG -DUSE_HAL_DRIVER -DSTM32F103xB -c -I../Core/Inc -I../Drivers/STM32F1xx_HAL_Driver/Inc/Legacy -I../Drivers/STM32F1xx_HAL_Driver/Inc -I../Drivers/CMSIS/Device/ST/STM32F1xx/Include -I../Drivers/CMSIS/Include -O0 -ffunction-sections -fdata-sections -Wall -fstack-usage -fcyclomatic-complexity -MMD -MP -MF"lib/AT24Cxx.d" -MT"lib/AT24Cxx.o" --specs=nano.specs -mfloat-abi=soft -mthumb -o "lib/AT24Cxx.o"
arm-none-eabi-gcc "../lib/Common.c" -mcpu=cortex-m3 -std=gnu11 -g3 -DDEBUG -DUSE_HAL_DRIVER -DSTM32F103xB -c -I../Core/Inc -I../Drivers/STM32F1xx_HAL_Driver/Inc/Legacy -I../Drivers/STM32F1xx_HAL_Driver/Inc -I../Drivers/CMSIS/Device/ST/STM32F1xx/Include -I../Drivers/CMSIS/Include -O0 -ffunction-sections -fdata-sections -Wall -fstack-usage -fcyclomatic-complexity -MMD -MP -MF"lib/Common.d" -MT"lib/Common.o" --specs=nano.specs -mfloat-abi=soft -mthumb -o "lib/Common.o"
arm-none-eabi-gcc "../lib/DWIN_HMI.c" -mcpu=cortex-m3 -std=gnu11 -g3 -DDEBUG -DUSE_HAL_DRIVER -DSTM32F103xB -c -I../Core/Inc -I../Drivers/STM32F1xx_HAL_Driver/Inc/Legacy -I../Drivers/STM32F1xx_HAL_Driver/Inc -I../Drivers/CMSIS/Device/ST/STM32F1xx/Include -I../Drivers/CMSIS/Include -O0 -ffunction-sections -fdata-sections -Wall -fstack-usage -fcyclomatic-complexity -MMD -MP -MF"lib/DWIN_HMI.d" -MT"lib/DWIN_HMI.o" --specs=nano.specs -mfloat-abi=soft -mthumb -o "lib/DWIN_HMI.o"
arm-none-eabi-gcc "../app/Screen.c" -mcpu=cortex-m3 -std=gnu11 -g3 -DDEBUG -DUSE_HAL_DRIVER -DSTM32F103xB -c -I../Core/Inc -I../Drivers/STM32F1xx_HAL_Driver/Inc/Legacy -I../Drivers/STM32F1xx_HAL_Driver/Inc -I../Drivers/CMSIS/Device/ST/STM32F1xx/Include -I../Drivers/CMSIS/Include -O0 -ffunction-sections -fdata-sections -Wall -fstack-usage -fcyclomatic-complexity -MMD -MP -MF"app/Screen.d" -MT"app/Screen.o" --specs=nano.specs -mfloat-abi=soft -mthumb -o "app/Screen.o"
arm-none-eabi-gcc "../app/app_bsp.c" -mcpu=cortex-m3 -std=gnu11 -g3 -DDEBUG -DUSE_HAL_DRIVER -DSTM32F103xB -c -I../Core/Inc -I../Drivers/STM32F1xx_HAL_Driver/Inc/Legacy -I../Drivers/STM32F1xx_HAL_Driver/Inc -I../Drivers/CMSIS/Device/ST/STM32F1xx/Include -I../Drivers/CMSIS/Include -O0 -ffunction-sections -fdata-sections -Wall -fstack-usage -fcyclomatic-complexity -MMD -MP -MF"app/app_bsp.d" -MT"app/app_bsp.o" --specs=nano.specs -mfloat-abi=soft -mthumb -o "app/app_bsp.o"
arm-none-eabi-gcc "../app/app_can_bus.c" -mcpu=cortex-m3 -std=gnu11 -g3 -DDEBUG -DUSE_HAL_DRIVER -DSTM32F103xB -c -I../Core/Inc -I../Drivers/STM32F1xx_HAL_Driver/Inc/Legacy -I../Drivers/STM32F1xx_HAL_Driver/Inc -I../Drivers/CMSIS/Device/ST/STM32F1xx/Include -I../Drivers/CMSIS/Include -O0 -ffunction-sections -fdata-sections -Wall -fstack-usage -fcyclomatic-complexity -MMD -MP -MF"app/app_can_bus.d" -MT"app/app_can_bus.o" --specs=nano.specs -mfloat-abi=soft -mthumb -o "app/app_can_bus.o"
arm-none-eabi-gcc "../app/app_eeprom.c" -mcpu=cortex-m3 -std=gnu11 -g3 -DDEBUG -DUSE_HAL_DRIVER -DSTM32F103xB -c -I../Core/Inc -I../Drivers/STM32F1xx_HAL_Driver/Inc/Legacy -I../Drivers/STM32F1xx_HAL_Driver/Inc -I../Drivers/CMSIS/Device/ST/STM32F1xx/Include -I../Drivers/CMSIS/Include -O0 -ffunction-sections -fdata-sections -Wall -fstack-usage -fcyclomatic-complexity -MMD -MP -MF"app/app_eeprom.d" -MT"app/app_eeprom.o" --specs=nano.specs -mfloat-abi=soft -mthumb -o "app/app_eeprom.o"
../os/os.c: In function 'OS_task_run':
../os/os.c:22:5: warning: implicit declaration of function 'OS_start' [-Wimplicit-function-declaration]
   22 |     OS_start();         /* start of multipletasking in port-specific */
      |     ^~~~~~~~
../os/os.c:23:5: warning: implicit declaration of function 'OS_onStart' [-Wimplicit-function-declaration]
   23 |     OS_onStart();       /* application config & start interrupt */
      |     ^~~~~~~~~~
../os/os.c: In function 'OS_task_post':
../os/os.c:93:48: warning: assignment discards 'const' qualifier from pointer target type [-Wdiscarded-qualifiers]
   93 |     pQueue->buf_tcb[pQueue->head_index].pEvent = pEvent;
      |                                                ^
../os/port/os_port.c: In function 'OS_init':
../os/port/os_port.c:48:32: warning: suggest parentheses around comparison in operand of '&' [-Wparentheses]
   48 |         if (prio & (1u << tmp) != 0) { /* loop until detect the 1 value */
      |                    ~~~~~~~~~~~~^~~~
../os/os.c: In function 'OS_task_activate':
../os/os.c:234:24: warning: passing argument 1 of 'free_dynamic_event' discards 'const' qualifier from pointer target type [-Wdiscarded-qualifiers]
  234 |     free_dynamic_event(e_receive);
      |                        ^~~~~~~~~
In file included from ../os/os.c:14:
../os/os_event.h:7:37: note: expected 'OS_event_t *' but argument is of type 'const OS_event_t *'
arm-none-eabi-gcc "../app/app_main.c" -mcpu=cortex-m3 -std=gnu11 -g3 -DDEBUG -DUSE_HAL_DRIVER -DSTM32F103xB -c -I../Core/Inc -I../Drivers/STM32F1xx_HAL_Driver/Inc/Legacy -I../Drivers/STM32F1xx_HAL_Driver/Inc -I../Drivers/CMSIS/Device/ST/STM32F1xx/Include -I../Drivers/CMSIS/Include -O0 -ffunction-sections -fdata-sections -Wall -fstack-usage -fcyclomatic-complexity -MMD -MP -MF"app/app_main.d" -MT"app/app_main.o" --specs=nano.specs -mfloat-abi=soft -mthumb -o "app/app_main.o"
    7 | void free_dynamic_event(OS_event_t *e);
      |                         ~~~~~~~~~~~~^
../lib/Common.c: In function 'String2Float':
../lib/Common.c:5:1: warning: control reaches end of non-void function [-Wreturn-type]
    5 | }
      | ^
../lib/AT24Cxx.c: In function 'AT24Cxx_write_buffer_bloking':
../lib/AT24Cxx.c:80:1: warning: control reaches end of non-void function [-Wreturn-type]
   80 | }
      | ^
../lib/DWIN_HMI.c: In function 'DWIN_ClearText':
../lib/DWIN_HMI.c:25:35: warning: pointer targets in passing argument 3 of 'DWIN_SetText' differ in signedness [-Wpointer-sign]
   25 |     DWIN_SetText(pDwin,VP_address,(uint8_t *)"",strlen(""));
      |                                   ^~~~~~~~~~~~~
      |                                   |
      |                                   uint8_t * {aka unsigned char *}
../lib/DWIN_HMI.c:10:61: note: expected 'char *' but argument is of type 'uint8_t *' {aka 'unsigned char *'}
   10 | void DWIN_SetText(Dwin_t *pDwin, uint16_t VP_address, char *textData, uint16_t datalen) {
      |                                                       ~~~~~~^~~~~~~~
../app/Screen.c: In function 'Screen_begin':
../app/Screen.c:93:24: warning: passing argument 1 of 'DWIN_SetArray_Icon' from incompatible pointer type [-Wincompatible-pointer-types]
   93 |     DWIN_SetArray_Icon(&_Screen,VP_ICON_DIRECTION_PIN,_Screen.IC_Testerx[PROGRAM_TEST1].config_pin,16);
      |                        ^~~~~~~~
      |                        |
      |                        Screen_t *
In file included from ../app/Screen.h:7,
                 from ../app/Screen.c:1:
../app/../lib/DWIN_HMI.h:32:33: note: expected 'Dwin_t *' but argument is of type 'Screen_t *'
   32 | void DWIN_SetArray_Icon(Dwin_t *pDwin, uint16_t VP_address_begin, uint8_t *data_array, uint8_t data_length );
      |                         ~~~~~~~~^~~~~
../app/Screen.c:93:88: warning: pointer targets in passing argument 3 of 'DWIN_SetArray_Icon' differ in signedness [-Wpointer-sign]
   93 |     DWIN_SetArray_Icon(&_Screen,VP_ICON_DIRECTION_PIN,_Screen.IC_Testerx[PROGRAM_TEST1].config_pin,16);
      |                                                       ~~~~~~~~~~~~~~~~~~~~~~~~~~~~~~~~~^~~~~~~~~~~
      |                                                                                        |
      |                                                                                        char *
../app/../lib/DWIN_HMI.h:32:76: note: expected 'uint8_t *' {aka 'unsigned char *'} but argument is of type 'char *'
   32 | void DWIN_SetArray_Icon(Dwin_t *pDwin, uint16_t VP_address_begin, uint8_t *data_array, uint8_t data_length );
      |                                                                   ~~~~~~~~~^~~~~~~~~~
../app/Screen.c:95:24: warning: passing argument 1 of 'DWIN_SetArray_Icon' from incompatible pointer type [-Wincompatible-pointer-types]
   95 |     DWIN_SetArray_Icon(&_Screen,VP_ICON_RESULT,_Screen.IC_Testerx[PROGRAM_TEST1].data_result[0],16);
      |                        ^~~~~~~~
      |                        |
      |                        Screen_t *
../app/../lib/DWIN_HMI.h:32:33: note: expected 'Dwin_t *' but argument is of type 'Screen_t *'
   32 | void DWIN_SetArray_Icon(Dwin_t *pDwin, uint16_t VP_address_begin, uint8_t *data_array, uint8_t data_length );
      |                         ~~~~~~~~^~~~~
../app/Screen.c:95:93: warning: pointer targets in passing argument 3 of 'DWIN_SetArray_Icon' differ in signedness [-Wpointer-sign]
   95 |     DWIN_SetArray_Icon(&_Screen,VP_ICON_RESULT,_Screen.IC_Testerx[PROGRAM_TEST1].data_result[0],16);
      |                                                ~~~~~~~~~~~~~~~~~~~~~~~~~~~~~~~~~~~~~~~~~~~~~^~~
      |                                                                                             |
      |                                                                                             char *
../app/../lib/DWIN_HMI.h:32:76: note: expected 'uint8_t *' {aka 'unsigned char *'} but argument is of type 'char *'
   32 | void DWIN_SetArray_Icon(Dwin_t *pDwin, uint16_t VP_address_begin, uint8_t *data_array, uint8_t data_length );
      |                                                                   ~~~~~~~~~^~~~~~~~~~
../app/Screen.c:109:13: warning: unused variable 'data' [-Wunused-variable]
  109 |     uint8_t data[15] = {1,1,0,0,1,0,0,1,1,0,0,0,1,1,0};
      |             ^~~~
../app/Screen.c: In function 'Navigation_Change_CaseTest':
../app/Screen.c:262:107: warning: pointer targets in passing argument 3 of 'DWIN_SetArray_Icon' differ in signedness [-Wpointer-sign]
  262 |     DWIN_SetArray_Icon((Dwin_t *)screen_obj,VP_ICON_RESULT,_Screen.IC_Testerx[selectedProgram].data_result[screen_obj->IC_Testerx[screen_obj->curr_device].curr_case],num_pin);
      |                                                            ~~~~~~~~~~~~~~~~~~~~~~~~~~~~~~~~~~~~~~~~~~~~~~~^~~~~~~~~~~~~~~~~~~~~~~~~~~~~~~~~~~~~~~~~~~~~~~~~~~~~~~~~~~
      |                                                                                                           |
      |                                                                                                           char *
../app/../lib/DWIN_HMI.h:32:76: note: expected 'uint8_t *' {aka 'unsigned char *'} but argument is of type 'char *'
   32 | void DWIN_SetArray_Icon(Dwin_t *pDwin, uint16_t VP_address_begin, uint8_t *data_array, uint8_t data_length );
      |                                                                   ~~~~~~~~~^~~~~~~~~~
arm-none-eabi-gcc "../app/app_post_test.c" -mcpu=cortex-m3 -std=gnu11 -g3 -DDEBUG -DUSE_HAL_DRIVER -DSTM32F103xB -c -I../Core/Inc -I../Drivers/STM32F1xx_HAL_Driver/Inc/Legacy -I../Drivers/STM32F1xx_HAL_Driver/Inc -I../Drivers/CMSIS/Device/ST/STM32F1xx/Include -I../Drivers/CMSIS/Include -O0 -ffunction-sections -fdata-sections -Wall -fstack-usage -fcyclomatic-complexity -MMD -MP -MF"app/app_post_test.d" -MT"app/app_post_test.o" --specs=nano.specs -mfloat-abi=soft -mthumb -o "app/app_post_test.o"
arm-none-eabi-gcc "../app/app_screen.c" -mcpu=cortex-m3 -std=gnu11 -g3 -DDEBUG -DUSE_HAL_DRIVER -DSTM32F103xB -c -I../Core/Inc -I../Drivers/STM32F1xx_HAL_Driver/Inc/Legacy -I../Drivers/STM32F1xx_HAL_Driver/Inc -I../Drivers/CMSIS/Device/ST/STM32F1xx/Include -I../Drivers/CMSIS/Include -O0 -ffunction-sections -fdata-sections -Wall -fstack-usage -fcyclomatic-complexity -MMD -MP -MF"app/app_screen.d" -MT"app/app_screen.o" --specs=nano.specs -mfloat-abi=soft -mthumb -o "app/app_screen.o"
../app/app_can_bus.c: In function 'can_bus_init':
../app/app_can_bus.c:34:29: error: incompatible type for argument 1 of 'OS_TimeEvt_Stop'
   34 |     OS_TimeEvt_Stop(pOS_task->te);
      |                     ~~~~~~~~^~~~
      |                             |
      |                             OS_TimeEvt {aka struct OS_TimeEvt_t}
In file included from ../app/app_can_bus.h:9,
                 from ../app/app_can_bus.c:1:
../app/../os/os.h:107:34: note: expected 'OS_TimeEvt *' {aka 'struct OS_TimeEvt_t *'} but argument is of type 'OS_TimeEvt' {aka 'struct OS_TimeEvt_t'}
  107 | void OS_TimeEvt_Stop(OS_TimeEvt *pOS_Evt);
      |                      ~~~~~~~~~~~~^~~~~~~
arm-none-eabi-gcc "../app/app_uart_esp32.c" -mcpu=cortex-m3 -std=gnu11 -g3 -DDEBUG -DUSE_HAL_DRIVER -DSTM32F103xB -c -I../Core/Inc -I../Drivers/STM32F1xx_HAL_Driver/Inc/Legacy -I../Drivers/STM32F1xx_HAL_Driver/Inc -I../Drivers/CMSIS/Device/ST/STM32F1xx/Include -I../Drivers/CMSIS/Include -O0 -ffunction-sections -fdata-sections -Wall -fstack-usage -fcyclomatic-complexity -MMD -MP -MF"app/app_uart_esp32.d" -MT"app/app_uart_esp32.o" --specs=nano.specs -mfloat-abi=soft -mthumb -o "app/app_uart_esp32.o"
../app/app_eeprom.c: In function 'eeprom_dispatch':
../app/app_eeprom.c:102:94: warning: passing argument 1 of 'get_data_dynamic_event' discards 'const' qualifier from pointer target type [-Wdiscarded-qualifiers]
  102 |             data_eeprom_t *data_read = (data_eeprom_t *)(*(uint32_t *)get_data_dynamic_event(pEvent));
      |                                                                                              ^~~~~~
In file included from ../app/app_main.h:21,
                 from ../app/Screen.h:11,
                 from ../app/app_eeprom.h:11,
                 from ../app/app_eeprom.c:2:
../app/../os/os_event.h:11:52: note: expected 'OS_event_t * const' but argument is of type 'const OS_event_t *'
   11 | uint8_t *get_data_dynamic_event(OS_event_t * const e);
      |                                 ~~~~~~~~~~~~~~~~~~~^
../app/app_eeprom.c:112:84: warning: passing argument 1 of 'get_data_dynamic_event' discards 'const' qualifier from pointer target type [-Wdiscarded-qualifiers]
  112 |             data_eeprom_t *data_receive = (data_eeprom_t *)(get_data_dynamic_event(pEvent));
      |                                                                                    ^~~~~~
../app/../os/os_event.h:11:52: note: expected 'OS_event_t * const' but argument is of type 'const OS_event_t *'
   11 | uint8_t *get_data_dynamic_event(OS_event_t * const e);
      |                                 ~~~~~~~~~~~~~~~~~~~^
arm-none-eabi-gcc "../app/test_os.c" -mcpu=cortex-m3 -std=gnu11 -g3 -DDEBUG -DUSE_HAL_DRIVER -DSTM32F103xB -c -I../Core/Inc -I../Drivers/STM32F1xx_HAL_Driver/Inc/Legacy -I../Drivers/STM32F1xx_HAL_Driver/Inc -I../Drivers/CMSIS/Device/ST/STM32F1xx/Include -I../Drivers/CMSIS/Include -O0 -ffunction-sections -fdata-sections -Wall -fstack-usage -fcyclomatic-complexity -MMD -MP -MF"app/test_os.d" -MT"app/test_os.o" --specs=nano.specs -mfloat-abi=soft -mthumb -o "app/test_os.o"
make: *** [app/subdir.mk:43: app/app_can_bus.o] Error 1
make: *** Waiting for unfinished jobs....
../app/app_screen.c:16:34: error: incompatible types when initializing type 'OS_task * const' {aka 'struct OS_task_t * const'} using type 'OS_task' {aka 'struct OS_task_t'}
   16 | OS_task * const AO_task_screen = screen_instance.task;
      |                                  ^~~~~~~~~~~~~~~
make: *** [app/subdir.mk:43: app/app_screen.o] Error 1
../app/app_uart_esp32.c: In function 'uart_esp32_dispatch':
../app/app_uart_esp32.c:51:70: warning: passing argument 1 of 'get_data_dynamic_event' discards 'const' qualifier from pointer target type [-Wdiscarded-qualifiers]
   51 |             uart_buf *data_send = (uart_buf *)get_data_dynamic_event(pEvent);
      |                                                                      ^~~~~~
In file included from ../app/app_main.h:21,
                 from ../app/app_uart_esp32.c:4:
../app/../os/os_event.h:11:52: note: expected 'OS_event_t * const' but argument is of type 'const OS_event_t *'
   11 | uint8_t *get_data_dynamic_event(OS_event_t * const e);
      |                                 ~~~~~~~~~~~~~~~~~~~^
../app/test_os.c: In function 'BlinkyTest_Dispatch':
../app/test_os.c:105:80: warning: passing argument 1 of 'get_data_dynamic_event' discards 'const' qualifier from pointer target type [-Wdiscarded-qualifiers]
  105 |             data_send_t *data_receive = (data_send_t *)(get_data_dynamic_event(pEvent));
      |                                                                                ^~~~~~
In file included from ../app/app_main.h:21,
                 from ../app/test_os.c:2:
../app/../os/os_event.h:11:52: note: expected 'OS_event_t * const' but argument is of type 'const OS_event_t *'
   11 | uint8_t *get_data_dynamic_event(OS_event_t * const e);
      |                                 ~~~~~~~~~~~~~~~~~~~^
../app/test_os.c:113:101: warning: passing argument 1 of 'get_data_dynamic_event' discards 'const' qualifier from pointer target type [-Wdiscarded-qualifiers]
  113 |             data_eeprom_t *data_eeprom_read = (data_eeprom_t *)(*(uint32_t *)get_data_dynamic_event(pEvent));
      |                                                                                                     ^~~~~~
../app/../os/os_event.h:11:52: note: expected 'OS_event_t * const' but argument is of type 'const OS_event_t *'
   11 | uint8_t *get_data_dynamic_event(OS_event_t * const e);
      |                                 ~~~~~~~~~~~~~~~~~~~^
../app/test_os.c:129:68: warning: '%d' directive output may be truncated writing between 1 and 3 bytes into a region of size between 2 and 40 [-Wformat-truncation=]
  129 |             snprintf(string_data,TOTAL_ONE_PROGRAM_TEST_LEN,"%s,%s,%d",name_program,name_ic,num_ic);
      |                                                                    ^~
../app/test_os.c:129:61: note: directive argument in the range [0, 255]
  129 |             snprintf(string_data,TOTAL_ONE_PROGRAM_TEST_LEN,"%s,%s,%d",name_program,name_ic,num_ic);
      |                                                             ^~~~~~~~~~
../app/test_os.c:129:13: note: 'snprintf' output between 4 and 44 bytes into a destination of size 42
  129 |             snprintf(string_data,TOTAL_ONE_PROGRAM_TEST_LEN,"%s,%s,%d",name_program,name_ic,num_ic);
      |             ^~~~~~~~~~~~~~~~~~~~~~~~~~~~~~~~~~~~~~~~~~~~~~~~~~~~~~~~~~~~~~~~~~~~~~~~~~~~~~~~~~~~~~~
../app/test_os.c: In function 'BlinkyTest_app_init':
../app/test_os.c:38:60: warning: '%d' directive output may be truncated writing between 1 and 3 bytes into a region of size between 2 and 40 [-Wformat-truncation=]
   38 |     snprintf(string_data,TOTAL_ONE_PROGRAM_TEST_LEN,"%s,%s,%d",name_program,name_ic,num_ic);
      |                                                            ^~
../app/test_os.c:38:53: note: directive argument in the range [0, 255]
   38 |     snprintf(string_data,TOTAL_ONE_PROGRAM_TEST_LEN,"%s,%s,%d",name_program,name_ic,num_ic);
      |                                                     ^~~~~~~~~~
../app/test_os.c:38:5: note: 'snprintf' output between 4 and 44 bytes into a destination of size 42
   38 |     snprintf(string_data,TOTAL_ONE_PROGRAM_TEST_LEN,"%s,%s,%d",name_program,name_ic,num_ic);
      |     ^~~~~~~~~~~~~~~~~~~~~~~~~~~~~~~~~~~~~~~~~~~~~~~~~~~~~~~~~~~~~~~~~~~~~~~~~~~~~~~~~~~~~~~
"make -j12 all" terminated with exit code 2. Build might be incomplete.
15:19:48 **** Incremental Build of configuration Debug for project testt ****
make -j12 all 
arm-none-eabi-size  testt.elf 
   text	   data	    bss	    dec	    hex	filename
  45488	    748	   2756	  48992	   bf60	testt.elf
Finished building: default.size.stdout
 
15:21:38 **** Incremental Build of configuration Debug for project test_peripheral ****
make -j12 all 
arm-none-eabi-gcc "../app/app_can_bus.c" -mcpu=cortex-m3 -std=gnu11 -g3 -DDEBUG -DUSE_HAL_DRIVER -DSTM32F103xB -c -I../Core/Inc -I../Drivers/STM32F1xx_HAL_Driver/Inc/Legacy -I../Drivers/STM32F1xx_HAL_Driver/Inc -I../Drivers/CMSIS/Device/ST/STM32F1xx/Include -I../Drivers/CMSIS/Include -O0 -ffunction-sections -fdata-sections -Wall -fstack-usage -fcyclomatic-complexity -MMD -MP -MF"app/app_can_bus.d" -MT"app/app_can_bus.o" --specs=nano.specs -mfloat-abi=soft -mthumb -o "app/app_can_bus.o"
arm-none-eabi-gcc "../app/app_screen.c" -mcpu=cortex-m3 -std=gnu11 -g3 -DDEBUG -DUSE_HAL_DRIVER -DSTM32F103xB -c -I../Core/Inc -I../Drivers/STM32F1xx_HAL_Driver/Inc/Legacy -I../Drivers/STM32F1xx_HAL_Driver/Inc -I../Drivers/CMSIS/Device/ST/STM32F1xx/Include -I../Drivers/CMSIS/Include -O0 -ffunction-sections -fdata-sections -Wall -fstack-usage -fcyclomatic-complexity -MMD -MP -MF"app/app_screen.d" -MT"app/app_screen.o" --specs=nano.specs -mfloat-abi=soft -mthumb -o "app/app_screen.o"
arm-none-eabi-gcc "../Drivers/STM32F1xx_HAL_Driver/Src/stm32f1xx_hal.c" -mcpu=cortex-m3 -std=gnu11 -g3 -DDEBUG -DUSE_HAL_DRIVER -DSTM32F103xB -c -I../Core/Inc -I../Drivers/STM32F1xx_HAL_Driver/Inc/Legacy -I../Drivers/STM32F1xx_HAL_Driver/Inc -I../Drivers/CMSIS/Device/ST/STM32F1xx/Include -I../Drivers/CMSIS/Include -O0 -ffunction-sections -fdata-sections -Wall -fstack-usage -fcyclomatic-complexity -MMD -MP -MF"Drivers/STM32F1xx_HAL_Driver/Src/stm32f1xx_hal.d" -MT"Drivers/STM32F1xx_HAL_Driver/Src/stm32f1xx_hal.o" --specs=nano.specs -mfloat-abi=soft -mthumb -o "Drivers/STM32F1xx_HAL_Driver/Src/stm32f1xx_hal.o"
arm-none-eabi-gcc "../Drivers/STM32F1xx_HAL_Driver/Src/stm32f1xx_hal_can.c" -mcpu=cortex-m3 -std=gnu11 -g3 -DDEBUG -DUSE_HAL_DRIVER -DSTM32F103xB -c -I../Core/Inc -I../Drivers/STM32F1xx_HAL_Driver/Inc/Legacy -I../Drivers/STM32F1xx_HAL_Driver/Inc -I../Drivers/CMSIS/Device/ST/STM32F1xx/Include -I../Drivers/CMSIS/Include -O0 -ffunction-sections -fdata-sections -Wall -fstack-usage -fcyclomatic-complexity -MMD -MP -MF"Drivers/STM32F1xx_HAL_Driver/Src/stm32f1xx_hal_can.d" -MT"Drivers/STM32F1xx_HAL_Driver/Src/stm32f1xx_hal_can.o" --specs=nano.specs -mfloat-abi=soft -mthumb -o "Drivers/STM32F1xx_HAL_Driver/Src/stm32f1xx_hal_can.o"
arm-none-eabi-gcc "../Drivers/STM32F1xx_HAL_Driver/Src/stm32f1xx_hal_cortex.c" -mcpu=cortex-m3 -std=gnu11 -g3 -DDEBUG -DUSE_HAL_DRIVER -DSTM32F103xB -c -I../Core/Inc -I../Drivers/STM32F1xx_HAL_Driver/Inc/Legacy -I../Drivers/STM32F1xx_HAL_Driver/Inc -I../Drivers/CMSIS/Device/ST/STM32F1xx/Include -I../Drivers/CMSIS/Include -O0 -ffunction-sections -fdata-sections -Wall -fstack-usage -fcyclomatic-complexity -MMD -MP -MF"Drivers/STM32F1xx_HAL_Driver/Src/stm32f1xx_hal_cortex.d" -MT"Drivers/STM32F1xx_HAL_Driver/Src/stm32f1xx_hal_cortex.o" --specs=nano.specs -mfloat-abi=soft -mthumb -o "Drivers/STM32F1xx_HAL_Driver/Src/stm32f1xx_hal_cortex.o"
arm-none-eabi-gcc "../Drivers/STM32F1xx_HAL_Driver/Src/stm32f1xx_hal_dma.c" -mcpu=cortex-m3 -std=gnu11 -g3 -DDEBUG -DUSE_HAL_DRIVER -DSTM32F103xB -c -I../Core/Inc -I../Drivers/STM32F1xx_HAL_Driver/Inc/Legacy -I../Drivers/STM32F1xx_HAL_Driver/Inc -I../Drivers/CMSIS/Device/ST/STM32F1xx/Include -I../Drivers/CMSIS/Include -O0 -ffunction-sections -fdata-sections -Wall -fstack-usage -fcyclomatic-complexity -MMD -MP -MF"Drivers/STM32F1xx_HAL_Driver/Src/stm32f1xx_hal_dma.d" -MT"Drivers/STM32F1xx_HAL_Driver/Src/stm32f1xx_hal_dma.o" --specs=nano.specs -mfloat-abi=soft -mthumb -o "Drivers/STM32F1xx_HAL_Driver/Src/stm32f1xx_hal_dma.o"
arm-none-eabi-gcc "../Drivers/STM32F1xx_HAL_Driver/Src/stm32f1xx_hal_exti.c" -mcpu=cortex-m3 -std=gnu11 -g3 -DDEBUG -DUSE_HAL_DRIVER -DSTM32F103xB -c -I../Core/Inc -I../Drivers/STM32F1xx_HAL_Driver/Inc/Legacy -I../Drivers/STM32F1xx_HAL_Driver/Inc -I../Drivers/CMSIS/Device/ST/STM32F1xx/Include -I../Drivers/CMSIS/Include -O0 -ffunction-sections -fdata-sections -Wall -fstack-usage -fcyclomatic-complexity -MMD -MP -MF"Drivers/STM32F1xx_HAL_Driver/Src/stm32f1xx_hal_exti.d" -MT"Drivers/STM32F1xx_HAL_Driver/Src/stm32f1xx_hal_exti.o" --specs=nano.specs -mfloat-abi=soft -mthumb -o "Drivers/STM32F1xx_HAL_Driver/Src/stm32f1xx_hal_exti.o"
arm-none-eabi-gcc "../Drivers/STM32F1xx_HAL_Driver/Src/stm32f1xx_hal_flash.c" -mcpu=cortex-m3 -std=gnu11 -g3 -DDEBUG -DUSE_HAL_DRIVER -DSTM32F103xB -c -I../Core/Inc -I../Drivers/STM32F1xx_HAL_Driver/Inc/Legacy -I../Drivers/STM32F1xx_HAL_Driver/Inc -I../Drivers/CMSIS/Device/ST/STM32F1xx/Include -I../Drivers/CMSIS/Include -O0 -ffunction-sections -fdata-sections -Wall -fstack-usage -fcyclomatic-complexity -MMD -MP -MF"Drivers/STM32F1xx_HAL_Driver/Src/stm32f1xx_hal_flash.d" -MT"Drivers/STM32F1xx_HAL_Driver/Src/stm32f1xx_hal_flash.o" --specs=nano.specs -mfloat-abi=soft -mthumb -o "Drivers/STM32F1xx_HAL_Driver/Src/stm32f1xx_hal_flash.o"
arm-none-eabi-gcc "../Drivers/STM32F1xx_HAL_Driver/Src/stm32f1xx_hal_flash_ex.c" -mcpu=cortex-m3 -std=gnu11 -g3 -DDEBUG -DUSE_HAL_DRIVER -DSTM32F103xB -c -I../Core/Inc -I../Drivers/STM32F1xx_HAL_Driver/Inc/Legacy -I../Drivers/STM32F1xx_HAL_Driver/Inc -I../Drivers/CMSIS/Device/ST/STM32F1xx/Include -I../Drivers/CMSIS/Include -O0 -ffunction-sections -fdata-sections -Wall -fstack-usage -fcyclomatic-complexity -MMD -MP -MF"Drivers/STM32F1xx_HAL_Driver/Src/stm32f1xx_hal_flash_ex.d" -MT"Drivers/STM32F1xx_HAL_Driver/Src/stm32f1xx_hal_flash_ex.o" --specs=nano.specs -mfloat-abi=soft -mthumb -o "Drivers/STM32F1xx_HAL_Driver/Src/stm32f1xx_hal_flash_ex.o"
arm-none-eabi-gcc "../Drivers/STM32F1xx_HAL_Driver/Src/stm32f1xx_hal_gpio.c" -mcpu=cortex-m3 -std=gnu11 -g3 -DDEBUG -DUSE_HAL_DRIVER -DSTM32F103xB -c -I../Core/Inc -I../Drivers/STM32F1xx_HAL_Driver/Inc/Legacy -I../Drivers/STM32F1xx_HAL_Driver/Inc -I../Drivers/CMSIS/Device/ST/STM32F1xx/Include -I../Drivers/CMSIS/Include -O0 -ffunction-sections -fdata-sections -Wall -fstack-usage -fcyclomatic-complexity -MMD -MP -MF"Drivers/STM32F1xx_HAL_Driver/Src/stm32f1xx_hal_gpio.d" -MT"Drivers/STM32F1xx_HAL_Driver/Src/stm32f1xx_hal_gpio.o" --specs=nano.specs -mfloat-abi=soft -mthumb -o "Drivers/STM32F1xx_HAL_Driver/Src/stm32f1xx_hal_gpio.o"
arm-none-eabi-gcc "../Drivers/STM32F1xx_HAL_Driver/Src/stm32f1xx_hal_gpio_ex.c" -mcpu=cortex-m3 -std=gnu11 -g3 -DDEBUG -DUSE_HAL_DRIVER -DSTM32F103xB -c -I../Core/Inc -I../Drivers/STM32F1xx_HAL_Driver/Inc/Legacy -I../Drivers/STM32F1xx_HAL_Driver/Inc -I../Drivers/CMSIS/Device/ST/STM32F1xx/Include -I../Drivers/CMSIS/Include -O0 -ffunction-sections -fdata-sections -Wall -fstack-usage -fcyclomatic-complexity -MMD -MP -MF"Drivers/STM32F1xx_HAL_Driver/Src/stm32f1xx_hal_gpio_ex.d" -MT"Drivers/STM32F1xx_HAL_Driver/Src/stm32f1xx_hal_gpio_ex.o" --specs=nano.specs -mfloat-abi=soft -mthumb -o "Drivers/STM32F1xx_HAL_Driver/Src/stm32f1xx_hal_gpio_ex.o"
arm-none-eabi-gcc "../Drivers/STM32F1xx_HAL_Driver/Src/stm32f1xx_hal_i2c.c" -mcpu=cortex-m3 -std=gnu11 -g3 -DDEBUG -DUSE_HAL_DRIVER -DSTM32F103xB -c -I../Core/Inc -I../Drivers/STM32F1xx_HAL_Driver/Inc/Legacy -I../Drivers/STM32F1xx_HAL_Driver/Inc -I../Drivers/CMSIS/Device/ST/STM32F1xx/Include -I../Drivers/CMSIS/Include -O0 -ffunction-sections -fdata-sections -Wall -fstack-usage -fcyclomatic-complexity -MMD -MP -MF"Drivers/STM32F1xx_HAL_Driver/Src/stm32f1xx_hal_i2c.d" -MT"Drivers/STM32F1xx_HAL_Driver/Src/stm32f1xx_hal_i2c.o" --specs=nano.specs -mfloat-abi=soft -mthumb -o "Drivers/STM32F1xx_HAL_Driver/Src/stm32f1xx_hal_i2c.o"
arm-none-eabi-gcc "../Drivers/STM32F1xx_HAL_Driver/Src/stm32f1xx_hal_pwr.c" -mcpu=cortex-m3 -std=gnu11 -g3 -DDEBUG -DUSE_HAL_DRIVER -DSTM32F103xB -c -I../Core/Inc -I../Drivers/STM32F1xx_HAL_Driver/Inc/Legacy -I../Drivers/STM32F1xx_HAL_Driver/Inc -I../Drivers/CMSIS/Device/ST/STM32F1xx/Include -I../Drivers/CMSIS/Include -O0 -ffunction-sections -fdata-sections -Wall -fstack-usage -fcyclomatic-complexity -MMD -MP -MF"Drivers/STM32F1xx_HAL_Driver/Src/stm32f1xx_hal_pwr.d" -MT"Drivers/STM32F1xx_HAL_Driver/Src/stm32f1xx_hal_pwr.o" --specs=nano.specs -mfloat-abi=soft -mthumb -o "Drivers/STM32F1xx_HAL_Driver/Src/stm32f1xx_hal_pwr.o"
arm-none-eabi-gcc "../Drivers/STM32F1xx_HAL_Driver/Src/stm32f1xx_hal_rcc.c" -mcpu=cortex-m3 -std=gnu11 -g3 -DDEBUG -DUSE_HAL_DRIVER -DSTM32F103xB -c -I../Core/Inc -I../Drivers/STM32F1xx_HAL_Driver/Inc/Legacy -I../Drivers/STM32F1xx_HAL_Driver/Inc -I../Drivers/CMSIS/Device/ST/STM32F1xx/Include -I../Drivers/CMSIS/Include -O0 -ffunction-sections -fdata-sections -Wall -fstack-usage -fcyclomatic-complexity -MMD -MP -MF"Drivers/STM32F1xx_HAL_Driver/Src/stm32f1xx_hal_rcc.d" -MT"Drivers/STM32F1xx_HAL_Driver/Src/stm32f1xx_hal_rcc.o" --specs=nano.specs -mfloat-abi=soft -mthumb -o "Drivers/STM32F1xx_HAL_Driver/Src/stm32f1xx_hal_rcc.o"
arm-none-eabi-gcc "../Drivers/STM32F1xx_HAL_Driver/Src/stm32f1xx_hal_rcc_ex.c" -mcpu=cortex-m3 -std=gnu11 -g3 -DDEBUG -DUSE_HAL_DRIVER -DSTM32F103xB -c -I../Core/Inc -I../Drivers/STM32F1xx_HAL_Driver/Inc/Legacy -I../Drivers/STM32F1xx_HAL_Driver/Inc -I../Drivers/CMSIS/Device/ST/STM32F1xx/Include -I../Drivers/CMSIS/Include -O0 -ffunction-sections -fdata-sections -Wall -fstack-usage -fcyclomatic-complexity -MMD -MP -MF"Drivers/STM32F1xx_HAL_Driver/Src/stm32f1xx_hal_rcc_ex.d" -MT"Drivers/STM32F1xx_HAL_Driver/Src/stm32f1xx_hal_rcc_ex.o" --specs=nano.specs -mfloat-abi=soft -mthumb -o "Drivers/STM32F1xx_HAL_Driver/Src/stm32f1xx_hal_rcc_ex.o"
arm-none-eabi-gcc "../Drivers/STM32F1xx_HAL_Driver/Src/stm32f1xx_hal_uart.c" -mcpu=cortex-m3 -std=gnu11 -g3 -DDEBUG -DUSE_HAL_DRIVER -DSTM32F103xB -c -I../Core/Inc -I../Drivers/STM32F1xx_HAL_Driver/Inc/Legacy -I../Drivers/STM32F1xx_HAL_Driver/Inc -I../Drivers/CMSIS/Device/ST/STM32F1xx/Include -I../Drivers/CMSIS/Include -O0 -ffunction-sections -fdata-sections -Wall -fstack-usage -fcyclomatic-complexity -MMD -MP -MF"Drivers/STM32F1xx_HAL_Driver/Src/stm32f1xx_hal_uart.d" -MT"Drivers/STM32F1xx_HAL_Driver/Src/stm32f1xx_hal_uart.o" --specs=nano.specs -mfloat-abi=soft -mthumb -o "Drivers/STM32F1xx_HAL_Driver/Src/stm32f1xx_hal_uart.o"
arm-none-eabi-gcc -mcpu=cortex-m3 -g3 -DDEBUG -c -x assembler-with-cpp -MMD -MP -MF"Core/Startup/startup_stm32f103c8tx.d" -MT"Core/Startup/startup_stm32f103c8tx.o" --specs=nano.specs -mfloat-abi=soft -mthumb -o "Core/Startup/startup_stm32f103c8tx.o" "../Core/Startup/startup_stm32f103c8tx.s"
arm-none-eabi-gcc "../Core/Src/main.c" -mcpu=cortex-m3 -std=gnu11 -g3 -DDEBUG -DUSE_HAL_DRIVER -DSTM32F103xB -c -I../Core/Inc -I../Drivers/STM32F1xx_HAL_Driver/Inc/Legacy -I../Drivers/STM32F1xx_HAL_Driver/Inc -I../Drivers/CMSIS/Device/ST/STM32F1xx/Include -I../Drivers/CMSIS/Include -O0 -ffunction-sections -fdata-sections -Wall -fstack-usage -fcyclomatic-complexity -MMD -MP -MF"Core/Src/main.d" -MT"Core/Src/main.o" --specs=nano.specs -mfloat-abi=soft -mthumb -o "Core/Src/main.o"
arm-none-eabi-gcc "../Core/Src/stm32f1xx_hal_msp.c" -mcpu=cortex-m3 -std=gnu11 -g3 -DDEBUG -DUSE_HAL_DRIVER -DSTM32F103xB -c -I../Core/Inc -I../Drivers/STM32F1xx_HAL_Driver/Inc/Legacy -I../Drivers/STM32F1xx_HAL_Driver/Inc -I../Drivers/CMSIS/Device/ST/STM32F1xx/Include -I../Drivers/CMSIS/Include -O0 -ffunction-sections -fdata-sections -Wall -fstack-usage -fcyclomatic-complexity -MMD -MP -MF"Core/Src/stm32f1xx_hal_msp.d" -MT"Core/Src/stm32f1xx_hal_msp.o" --specs=nano.specs -mfloat-abi=soft -mthumb -o "Core/Src/stm32f1xx_hal_msp.o"
arm-none-eabi-gcc "../Core/Src/stm32f1xx_it.c" -mcpu=cortex-m3 -std=gnu11 -g3 -DDEBUG -DUSE_HAL_DRIVER -DSTM32F103xB -c -I../Core/Inc -I../Drivers/STM32F1xx_HAL_Driver/Inc/Legacy -I../Drivers/STM32F1xx_HAL_Driver/Inc -I../Drivers/CMSIS/Device/ST/STM32F1xx/Include -I../Drivers/CMSIS/Include -O0 -ffunction-sections -fdata-sections -Wall -fstack-usage -fcyclomatic-complexity -MMD -MP -MF"Core/Src/stm32f1xx_it.d" -MT"Core/Src/stm32f1xx_it.o" --specs=nano.specs -mfloat-abi=soft -mthumb -o "Core/Src/stm32f1xx_it.o"
arm-none-eabi-gcc "../Core/Src/syscalls.c" -mcpu=cortex-m3 -std=gnu11 -g3 -DDEBUG -DUSE_HAL_DRIVER -DSTM32F103xB -c -I../Core/Inc -I../Drivers/STM32F1xx_HAL_Driver/Inc/Legacy -I../Drivers/STM32F1xx_HAL_Driver/Inc -I../Drivers/CMSIS/Device/ST/STM32F1xx/Include -I../Drivers/CMSIS/Include -O0 -ffunction-sections -fdata-sections -Wall -fstack-usage -fcyclomatic-complexity -MMD -MP -MF"Core/Src/syscalls.d" -MT"Core/Src/syscalls.o" --specs=nano.specs -mfloat-abi=soft -mthumb -o "Core/Src/syscalls.o"
arm-none-eabi-gcc "../Core/Src/sysmem.c" -mcpu=cortex-m3 -std=gnu11 -g3 -DDEBUG -DUSE_HAL_DRIVER -DSTM32F103xB -c -I../Core/Inc -I../Drivers/STM32F1xx_HAL_Driver/Inc/Legacy -I../Drivers/STM32F1xx_HAL_Driver/Inc -I../Drivers/CMSIS/Device/ST/STM32F1xx/Include -I../Drivers/CMSIS/Include -O0 -ffunction-sections -fdata-sections -Wall -fstack-usage -fcyclomatic-complexity -MMD -MP -MF"Core/Src/sysmem.d" -MT"Core/Src/sysmem.o" --specs=nano.specs -mfloat-abi=soft -mthumb -o "Core/Src/sysmem.o"
arm-none-eabi-gcc "../Core/Src/system_stm32f1xx.c" -mcpu=cortex-m3 -std=gnu11 -g3 -DDEBUG -DUSE_HAL_DRIVER -DSTM32F103xB -c -I../Core/Inc -I../Drivers/STM32F1xx_HAL_Driver/Inc/Legacy -I../Drivers/STM32F1xx_HAL_Driver/Inc -I../Drivers/CMSIS/Device/ST/STM32F1xx/Include -I../Drivers/CMSIS/Include -O0 -ffunction-sections -fdata-sections -Wall -fstack-usage -fcyclomatic-complexity -MMD -MP -MF"Core/Src/system_stm32f1xx.d" -MT"Core/Src/system_stm32f1xx.o" --specs=nano.specs -mfloat-abi=soft -mthumb -o "Core/Src/system_stm32f1xx.o"
../Core/Src/main.c: In function 'main':
../Core/Src/main.c:307:3: error: 'txheader' undeclared (first use in this function); did you mean 'TxHeader'?
  307 |   txheader.DLC = 5;
      |   ^~~~~~~~
      |   TxHeader
../Core/Src/main.c:307:3: note: each undeclared identifier is reported only once for each function it appears in
../Core/Src/main.c:308:3: error: 'Txheader' undeclared (first use in this function); did you mean 'TxHeader'?
  308 |   Txheader.StdId = 0x103;
      |   ^~~~~~~~
      |   TxHeader
../Core/Src/main.c:312:11: warning: unused variable 'data_tx' [-Wunused-variable]
  312 |   uint8_t data_tx[5] = {'H','E','L','L','O'};
      |           ^~~~~~~
../Core/Src/stm32f1xx_it.c: In function 'SysTick_Handler':
../Core/Src/stm32f1xx_it.c:193:3: warning: implicit declaration of function 'OS_TimeEvt_tick' [-Wimplicit-function-declaration]
  193 |   OS_TimeEvt_tick();
      |   ^~~~~~~~~~~~~~~
make: *** [Core/Src/subdir.mk:34: Core/Src/main.o] Error 1
make: *** Waiting for unfinished jobs....
"make -j12 all" terminated with exit code 2. Build might be incomplete.
15:21:40 **** Incremental Build of configuration Debug for project testt ****
make -j12 all 
arm-none-eabi-size  testt.elf 
   text	   data	    bss	    dec	    hex	filename
  45488	    748	   2756	  48992	   bf60	testt.elf
Finished building: default.size.stdout
 
15:22:51 **** Incremental Build of configuration Debug for project test_peripheral ****
make -j12 all 
arm-none-eabi-gcc "../Core/Src/main.c" -mcpu=cortex-m3 -std=gnu11 -g3 -DDEBUG -DUSE_HAL_DRIVER -DSTM32F103xB -c -I../Core/Inc -I../Drivers/STM32F1xx_HAL_Driver/Inc/Legacy -I../Drivers/STM32F1xx_HAL_Driver/Inc -I../Drivers/CMSIS/Device/ST/STM32F1xx/Include -I../Drivers/CMSIS/Include -O0 -ffunction-sections -fdata-sections -Wall -fstack-usage -fcyclomatic-complexity -MMD -MP -MF"Core/Src/main.d" -MT"Core/Src/main.o" --specs=nano.specs -mfloat-abi=soft -mthumb -o "Core/Src/main.o"
../Core/Src/main.c: In function 'main':
../Core/Src/main.c:312:11: warning: unused variable 'data_tx' [-Wunused-variable]
  312 |   uint8_t data_tx[5] = {'H','E','L','L','O'};
      |           ^~~~~~~
arm-none-eabi-gcc -o "test_peripheral.elf" @"objects.list"   -mcpu=cortex-m3 -T"F:\UTE\DATN\Code\test_peripheral\STM32F103C8TX_FLASH.ld" --specs=nosys.specs -Wl,-Map="test_peripheral.map" -Wl,--gc-sections -static --specs=nano.specs -mfloat-abi=soft -mthumb -u _printf_float -u _scanf_float -Wl,--start-group -lc -lm -Wl,--end-group
Finished building target: test_peripheral.elf
 
arm-none-eabi-size  test_peripheral.elf 
arm-none-eabi-objdump -h -S test_peripheral.elf  > "test_peripheral.list"
   text	   data	    bss	    dec	    hex	filename
  58792	    568	   5088	  64448	   fbc0	test_peripheral.elf
Finished building: default.size.stdout
 
Finished building: test_peripheral.list
 
15:22:53 **** Incremental Build of configuration Debug for project testt ****
make -j12 all 
arm-none-eabi-size  testt.elf 
   text	   data	    bss	    dec	    hex	filename
  45488	    748	   2756	  48992	   bf60	testt.elf
Finished building: default.size.stdout
 
15:28:58 **** Incremental Build of configuration Debug for project test_peripheral ****
make -j12 all 
arm-none-eabi-gcc -o "test_peripheral.elf" @"objects.list"   -mcpu=cortex-m3 -T"F:\UTE\DATN\Code\test_peripheral\STM32F103C8TX_FLASH.ld" --specs=nosys.specs -Wl,-Map="test_peripheral.map" -Wl,--gc-sections -static --specs=nano.specs -mfloat-abi=soft -mthumb -u _printf_float -u _scanf_float -Wl,--start-group -lc -lm -Wl,--end-group
Finished building target: test_peripheral.elf
 
arm-none-eabi-size  test_peripheral.elf 
arm-none-eabi-objdump -h -S test_peripheral.elf  > "test_peripheral.list"
   text	   data	    bss	    dec	    hex	filename
  58792	    568	   5088	  64448	   fbc0	test_peripheral.elf
Finished building: default.size.stdout
 
Finished building: test_peripheral.list
 
15:29:49 **** Incremental Build of configuration Debug for project testt ****
make -j12 all 
arm-none-eabi-size  testt.elf 
   text	   data	    bss	    dec	    hex	filename
  45488	    748	   2756	  48992	   bf60	testt.elf
Finished building: default.size.stdout
 
15:33:06 **** Incremental Build of configuration Debug for project testt ****
make -j12 all 
arm-none-eabi-size  testt.elf 
   text	   data	    bss	    dec	    hex	filename
  45488	    748	   2756	  48992	   bf60	testt.elf
Finished building: default.size.stdout
 
15:36:51 **** Incremental Build of configuration Debug for project testt ****
make -j12 all 
arm-none-eabi-gcc "../Core/Src/main.c" -mcpu=cortex-m4 -std=gnu11 -g3 -DDEBUG -DUSE_HAL_DRIVER -DSTM32F407xx -c -I../Core/Inc -I../Drivers/STM32F4xx_HAL_Driver/Inc -I../Drivers/STM32F4xx_HAL_Driver/Inc/Legacy -I../Drivers/CMSIS/Device/ST/STM32F4xx/Include -I../Drivers/CMSIS/Include -O0 -ffunction-sections -fdata-sections -Wall -fstack-usage -fcyclomatic-complexity -MMD -MP -MF"Core/Src/main.d" -MT"Core/Src/main.o" --specs=nano.specs -mfpu=fpv4-sp-d16 -mfloat-abi=hard -mthumb -o "Core/Src/main.o"
../Core/Src/main.c: In function 'main':
../Core/Src/main.c:184:11: warning: unused variable 'data_read' [-Wunused-variable]
  184 |   uint8_t data_read[20] = {0};
      |           ^~~~~~~~~
../Core/Src/main.c:169:11: warning: unused variable 'IC_test_data_2' [-Wunused-variable]
  169 |   uint8_t IC_test_data_2[20] = {0,0,2,0,0,0,0,0,2,1,0,2,0,0,0,0,0,0,0,1};  // 0
      |           ^~~~~~~~~~~~~~
../Core/Src/main.c:168:11: warning: unused variable 'IC_test_data_1' [-Wunused-variable]
  168 |   uint8_t IC_test_data_1[20] = {0,0,2,0,0,0,0,0,2,1,0,2,0,0,0,0,1,0,0,1};  // 0
      |           ^~~~~~~~~~~~~~
arm-none-eabi-gcc -o "testt.elf" @"objects.list"   -mcpu=cortex-m4 -T"F:\UTE\DATN\Code\testt\STM32F407VETX_FLASH.ld" --specs=nosys.specs -Wl,-Map="testt.map" -Wl,--gc-sections -static --specs=nano.specs -mfpu=fpv4-sp-d16 -mfloat-abi=hard -mthumb -u _printf_float -u _scanf_float -Wl,--start-group -lc -lm -Wl,--end-group
Finished building target: testt.elf
 
arm-none-eabi-size  testt.elf 
arm-none-eabi-objdump -h -S testt.elf  > "testt.list"
arm-none-eabi-objcopy  -O ihex testt.elf  "testt.hex"
   text	   data	    bss	    dec	    hex	filename
  45408	    748	   2756	  48912	   bf10	testt.elf
Finished building: default.size.stdout
 
Finished building: testt.hex
 
[...]
../Core/Src/main.c: In function 'main':
../Core/Src/main.c:170:11: warning: unused variable 'IC_test_data' [-Wunused-variable]
  170 |   uint8_t IC_test_data[20] =   {2,2,2,2,2,2,2,2,2,1,0,2,2,2,2,2,2,2,2,2};
      |           ^~~~~~~~~~~~
../Core/Src/main.c:169:11: warning: unused variable 'IC_test_data_2' [-Wunused-variable]
  169 |   uint8_t IC_test_data_2[20] = {0,0,2,0,0,0,0,0,2,1,0,2,0,0,0,0,0,0,0,1};  // 0
      |           ^~~~~~~~~~~~~~
../Core/Src/main.c:168:11: warning: unused variable 'IC_test_data_1' [-Wunused-variable]
  168 |   uint8_t IC_test_data_1[20] = {0,0,2,0,0,0,0,0,2,1,0,2,0,0,0,0,1,0,0,1};  // 0
      |           ^~~~~~~~~~~~~~
arm-none-eabi-gcc -o "testt.elf" @"objects.list"   -mcpu=cortex-m4 -T"F:\UTE\DATN\Code\testt\STM32F407VETX_FLASH.ld" --specs=nosys.specs -Wl,-Map="testt.map" -Wl,--gc-sections -static --specs=nano.specs -mfpu=fpv4-sp-d16 -mfloat-abi=hard -mthumb -u _printf_float -u _scanf_float -Wl,--start-group -lc -lm -Wl,--end-group
Finished building target: testt.elf
 
arm-none-eabi-size  testt.elf 
arm-none-eabi-objdump -h -S testt.elf  > "testt.list"
arm-none-eabi-objcopy  -O ihex testt.elf  "testt.hex"
   text	   data	    bss	    dec	    hex	filename
  41648	    472	   2616	  44736	   aec0	testt.elf
Finished building: default.size.stdout
 
Finished building: testt.hex
 
Finished building: testt.list
 
16:03:52 **** Incremental Build of configuration Debug for project test_peripheral ****
make -j12 all 
arm-none-eabi-gcc "../Core/Src/main.c" -mcpu=cortex-m3 -std=gnu11 -g3 -DDEBUG -DUSE_HAL_DRIVER -DSTM32F103xB -c -I../Core/Inc -I../Drivers/STM32F1xx_HAL_Driver/Inc/Legacy -I../Drivers/STM32F1xx_HAL_Driver/Inc -I../Drivers/CMSIS/Device/ST/STM32F1xx/Include -I../Drivers/CMSIS/Include -O0 -ffunction-sections -fdata-sections -Wall -fstack-usage -fcyclomatic-complexity -MMD -MP -MF"Core/Src/main.d" -MT"Core/Src/main.o" --specs=nano.specs -mfloat-abi=soft -mthumb -o "Core/Src/main.o"
arm-none-eabi-gcc -o "test_peripheral.elf" @"objects.list"   -mcpu=cortex-m3 -T"F:\UTE\DATN\Code\test_peripheral\STM32F103C8TX_FLASH.ld" --specs=nosys.specs -Wl,-Map="test_peripheral.map" -Wl,--gc-sections -static --specs=nano.specs -mfloat-abi=soft -mthumb -u _printf_float -u _scanf_float -Wl,--start-group -lc -lm -Wl,--end-group
Finished building target: test_peripheral.elf
 
arm-none-eabi-size  test_peripheral.elf 
arm-none-eabi-objdump -h -S test_peripheral.elf  > "test_peripheral.list"
   text	   data	    bss	    dec	    hex	filename
  51096	    524	   4068	  55688	   d988	test_peripheral.elf
Finished building: default.size.stdout
 
Finished building: test_peripheral.list
 
16:05:52 **** Incremental Build of configuration Debug for project test_peripheral ****
make -j12 all 
arm-none-eabi-size  test_peripheral.elf 
   text	   data	    bss	    dec	    hex	filename
  51096	    524	   4068	  55688	   d988	test_peripheral.elf
Finished building: default.size.stdout
 
16:19:47 **** Incremental Build of configuration Debug for project test_peripheral ****
make -j12 all 
arm-none-eabi-gcc "../Core/Src/main.c" -mcpu=cortex-m3 -std=gnu11 -g3 -DDEBUG -DUSE_HAL_DRIVER -DSTM32F103xB -c -I../Core/Inc -I../Drivers/STM32F1xx_HAL_Driver/Inc/Legacy -I../Drivers/STM32F1xx_HAL_Driver/Inc -I../Drivers/CMSIS/Device/ST/STM32F1xx/Include -I../Drivers/CMSIS/Include -O0 -ffunction-sections -fdata-sections -Wall -fstack-usage -fcyclomatic-complexity -MMD -MP -MF"Core/Src/main.d" -MT"Core/Src/main.o" --specs=nano.specs -mfloat-abi=soft -mthumb -o "Core/Src/main.o"
../Core/Src/main.c: In function 'main':
../Core/Src/main.c:342:14: error: too many arguments to function 'HAL_DeInit'
  342 |              HAL_DeInit(2000);
      |              ^~~~~~~~~~
In file included from ../Core/Inc/main.h:30,
                 from ../Core/Src/main.c:20:
../Drivers/STM32F1xx_HAL_Driver/Inc/stm32f1xx_hal.h:283:19: note: declared here
  283 | HAL_StatusTypeDef HAL_DeInit(void);
      |                   ^~~~~~~~~~
make: *** [Core/Src/subdir.mk:34: Core/Src/main.o] Error 1
"make -j12 all" terminated with exit code 2. Build might be incomplete.
16:20:15 **** Incremental Build of configuration Debug for project test_peripheral ****
make -j12 all 
arm-none-eabi-gcc "../Core/Src/main.c" -mcpu=cortex-m3 -std=gnu11 -g3 -DDEBUG -DUSE_HAL_DRIVER -DSTM32F103xB -c -I../Core/Inc -I../Drivers/STM32F1xx_HAL_Driver/Inc/Legacy -I../Drivers/STM32F1xx_HAL_Driver/Inc -I../Drivers/CMSIS/Device/ST/STM32F1xx/Include -I../Drivers/CMSIS/Include -O0 -ffunction-sections -fdata-sections -Wall -fstack-usage -fcyclomatic-complexity -MMD -MP -MF"Core/Src/main.d" -MT"Core/Src/main.o" --specs=nano.specs -mfloat-abi=soft -mthumb -o "Core/Src/main.o"
arm-none-eabi-gcc -o "test_peripheral.elf" @"objects.list"   -mcpu=cortex-m3 -T"F:\UTE\DATN\Code\test_peripheral\STM32F103C8TX_FLASH.ld" --specs=nosys.specs -Wl,-Map="test_peripheral.map" -Wl,--gc-sections -static --specs=nano.specs -mfloat-abi=soft -mthumb -u _printf_float -u _scanf_float -Wl,--start-group -lc -lm -Wl,--end-group
Finished building target: test_peripheral.elf
 
arm-none-eabi-size  test_peripheral.elf 
arm-none-eabi-objdump -h -S test_peripheral.elf  > "test_peripheral.list"
   text	   data	    bss	    dec	    hex	filename
  51104	    524	   4068	  55696	   d990	test_peripheral.elf
Finished building: default.size.stdout
 
Finished building: test_peripheral.list
 
16:21:02 **** Incremental Build of configuration Debug for project test_peripheral ****
make -j12 all 
arm-none-eabi-size  test_peripheral.elf 
   text	   data	    bss	    dec	    hex	filename
  51104	    524	   4068	  55696	   d990	test_peripheral.elf
Finished building: default.size.stdout
 
16:22:24 **** Incremental Build of configuration Debug for project test_peripheral ****
make -j12 all 
arm-none-eabi-gcc "../Core/Src/main.c" -mcpu=cortex-m3 -std=gnu11 -g3 -DDEBUG -DUSE_HAL_DRIVER -DSTM32F103xB -c -I../Core/Inc -I../Drivers/STM32F1xx_HAL_Driver/Inc/Legacy -I../Drivers/STM32F1xx_HAL_Driver/Inc -I../Drivers/CMSIS/Device/ST/STM32F1xx/Include -I../Drivers/CMSIS/Include -O0 -ffunction-sections -fdata-sections -Wall -fstack-usage -fcyclomatic-complexity -MMD -MP -MF"Core/Src/main.d" -MT"Core/Src/main.o" --specs=nano.specs -mfloat-abi=soft -mthumb -o "Core/Src/main.o"
../Core/Src/main.c: In function 'main':
../Core/Src/main.c:313:11: warning: unused variable 'data_tx' [-Wunused-variable]
  313 |   uint8_t data_tx[5] = {'H','E','L','L','O'};
      |           ^~~~~~~
arm-none-eabi-gcc -o "test_peripheral.elf" @"objects.list"   -mcpu=cortex-m3 -T"F:\UTE\DATN\Code\test_peripheral\STM32F103C8TX_FLASH.ld" --specs=nosys.specs -Wl,-Map="test_peripheral.map" -Wl,--gc-sections -static --specs=nano.specs -mfloat-abi=soft -mthumb -u _printf_float -u _scanf_float -Wl,--start-group -lc -lm -Wl,--end-group
Finished building target: test_peripheral.elf
 
arm-none-eabi-size  test_peripheral.elf 
arm-none-eabi-objdump -h -S test_peripheral.elf  > "test_peripheral.list"
   text	   data	    bss	    dec	    hex	filename
  50664	    524	   4068	  55256	   d7d8	test_peripheral.elf
Finished building: default.size.stdout
 
Finished building: test_peripheral.list
 
16:36:26 **** Incremental Build of configuration Debug for project test_peripheral ****
make -j12 all 
arm-none-eabi-size  test_peripheral.elf 
   text	   data	    bss	    dec	    hex	filename
  50664	    524	   4068	  55256	   d7d8	test_peripheral.elf
Finished building: default.size.stdout
 
16:48:02 **** Incremental Build of configuration Debug for project testt ****
make -j12 all 
arm-none-eabi-gcc "../Core/Src/main.c" -mcpu=cortex-m4 -std=gnu11 -g3 -DDEBUG -DUSE_HAL_DRIVER -DSTM32F407xx -c -I../Core/Inc -I../Drivers/STM32F4xx_HAL_Driver/Inc -I../Drivers/STM32F4xx_HAL_Driver/Inc/Legacy -I../Drivers/CMSIS/Device/ST/STM32F4xx/Include -I../Drivers/CMSIS/Include -O0 -ffunction-sections -fdata-sections -Wall -fstack-usage -fcyclomatic-complexity -MMD -MP -MF"Core/Src/main.d" -MT"Core/Src/main.o" --specs=nano.specs -mfpu=fpv4-sp-d16 -mfloat-abi=hard -mthumb -o "Core/Src/main.o"
../Core/Src/main.c: In function 'main':
../Core/Src/main.c:170:11: warning: unused variable 'IC_test_data' [-Wunused-variable]
  170 |   uint8_t IC_test_data[20] =   {2,2,2,2,2,2,2,2,2,1,0,2,2,2,2,2,2,2,2,2};
      |           ^~~~~~~~~~~~
../Core/Src/main.c:169:11: warning: unused variable 'IC_test_data_2' [-Wunused-variable]
  169 |   uint8_t IC_test_data_2[20] = {0,0,2,0,0,0,0,0,2,1,0,2,0,0,0,0,0,0,0,1};  // 0
      |           ^~~~~~~~~~~~~~
../Core/Src/main.c:168:11: warning: unused variable 'IC_test_data_1' [-Wunused-variable]
  168 |   uint8_t IC_test_data_1[20] = {0,0,2,0,0,0,0,0,2,1,0,2,0,0,0,0,1,0,0,1};  // 0
      |           ^~~~~~~~~~~~~~
arm-none-eabi-gcc -o "testt.elf" @"objects.list"   -mcpu=cortex-m4 -T"F:\UTE\DATN\Code\testt\STM32F407VETX_FLASH.ld" --specs=nosys.specs -Wl,-Map="testt.map" -Wl,--gc-sections -static --specs=nano.specs -mfpu=fpv4-sp-d16 -mfloat-abi=hard -mthumb -u _printf_float -u _scanf_float -Wl,--start-group -lc -lm -Wl,--end-group
Finished building target: testt.elf
 
arm-none-eabi-size  testt.elf 
arm-none-eabi-objdump -h -S testt.elf  > "testt.list"
arm-none-eabi-objcopy  -O ihex testt.elf  "testt.hex"
   text	   data	    bss	    dec	    hex	filename
  41648	    472	   2616	  44736	   aec0	testt.elf
Finished building: default.size.stdout
 
Finished building: testt.hex
 
Finished building: testt.list
 
16:48:39 **** Incremental Build of configuration Debug for project test_peripheral ****
make -j12 all 
arm-none-eabi-size  test_peripheral.elf 
   text	   data	    bss	    dec	    hex	filename
  50664	    524	   4068	  55256	   d7d8	test_peripheral.elf
Finished building: default.size.stdout
 
16:49:54 **** Incremental Build of configuration Debug for project testt ****
make -j12 all 
arm-none-eabi-gcc "../Core/Src/main.c" -mcpu=cortex-m4 -std=gnu11 -g3 -DDEBUG -DUSE_HAL_DRIVER -DSTM32F407xx -c -I../Core/Inc -I../Drivers/STM32F4xx_HAL_Driver/Inc -I../Drivers/STM32F4xx_HAL_Driver/Inc/Legacy -I../Drivers/CMSIS/Device/ST/STM32F4xx/Include -I../Drivers/CMSIS/Include -O0 -ffunction-sections -fdata-sections -Wall -fstack-usage -fcyclomatic-complexity -MMD -MP -MF"Core/Src/main.d" -MT"Core/Src/main.o" --specs=nano.specs -mfpu=fpv4-sp-d16 -mfloat-abi=hard -mthumb -o "Core/Src/main.o"
../Core/Src/main.c: In function 'main':
../Core/Src/main.c:170:11: warning: unused variable 'IC_test_data' [-Wunused-variable]
  170 |   uint8_t IC_test_data[20] =   {2,2,2,2,2,2,2,2,2,1,0,2,2,2,2,2,2,2,2,2};
      |           ^~~~~~~~~~~~
../Core/Src/main.c:169:11: warning: unused variable 'IC_test_data_2' [-Wunused-variable]
  169 |   uint8_t IC_test_data_2[20] = {0,0,2,0,0,0,0,0,2,1,0,2,0,0,0,0,0,0,0,1};  // 0
      |           ^~~~~~~~~~~~~~
../Core/Src/main.c:168:11: warning: unused variable 'IC_test_data_1' [-Wunused-variable]
  168 |   uint8_t IC_test_data_1[20] = {0,0,2,0,0,0,0,0,2,1,0,2,0,0,0,0,1,0,0,1};  // 0
      |           ^~~~~~~~~~~~~~
arm-none-eabi-gcc -o "testt.elf" @"objects.list"   -mcpu=cortex-m4 -T"F:\UTE\DATN\Code\testt\STM32F407VETX_FLASH.ld" --specs=nosys.specs -Wl,-Map="testt.map" -Wl,--gc-sections -static --specs=nano.specs -mfpu=fpv4-sp-d16 -mfloat-abi=hard -mthumb -u _printf_float -u _scanf_float -Wl,--start-group -lc -lm -Wl,--end-group
Finished building target: testt.elf
 
arm-none-eabi-size  testt.elf 
arm-none-eabi-objdump -h -S testt.elf  > "testt.list"
arm-none-eabi-objcopy  -O ihex testt.elf  "testt.hex"
   text	   data	    bss	    dec	    hex	filename
  41648	    472	   2616	  44736	   aec0	testt.elf
Finished building: default.size.stdout
 
Finished building: testt.hex
 
Finished building: testt.list
 
16:50:23 **** Incremental Build of configuration Debug for project testt ****
make -j12 all 
arm-none-eabi-size  testt.elf 
   text	   data	    bss	    dec	    hex	filename
  41648	    472	   2616	  44736	   aec0	testt.elf
Finished building: default.size.stdout
 
16:50:37 **** Incremental Build of configuration Debug for project test_peripheral ****
make -j12 all 
arm-none-eabi-size  test_peripheral.elf 
   text	   data	    bss	    dec	    hex	filename
  50664	    524	   4068	  55256	   d7d8	test_peripheral.elf
Finished building: default.size.stdout
 
16:50:56 **** Incremental Build of configuration Debug for project test_peripheral ****
make -j12 all 
arm-none-eabi-size  test_peripheral.elf 
   text	   data	    bss	    dec	    hex	filename
  50664	    524	   4068	  55256	   d7d8	test_peripheral.elf
Finished building: default.size.stdout
 
17:06:48 **** Incremental Build of configuration Debug for project test_peripheral ****
make -j12 all 
arm-none-eabi-size  test_peripheral.elf 
   text	   data	    bss	    dec	    hex	filename
  50664	    524	   4068	  55256	   d7d8	test_peripheral.elf
Finished building: default.size.stdout
 
17:06:49 **** Incremental Build of configuration Debug for project testt ****
make -j12 all 
arm-none-eabi-gcc "../Core/Src/main.c" -mcpu=cortex-m4 -std=gnu11 -g3 -DDEBUG -DUSE_HAL_DRIVER -DSTM32F407xx -c -I../Core/Inc -I../Drivers/STM32F4xx_HAL_Driver/Inc -I../Drivers/STM32F4xx_HAL_Driver/Inc/Legacy -I../Drivers/CMSIS/Device/ST/STM32F4xx/Include -I../Drivers/CMSIS/Include -O0 -ffunction-sections -fdata-sections -Wall -fstack-usage -fcyclomatic-complexity -MMD -MP -MF"Core/Src/main.d" -MT"Core/Src/main.o" --specs=nano.specs -mfpu=fpv4-sp-d16 -mfloat-abi=hard -mthumb -o "Core/Src/main.o"
../Core/Src/main.c: In function 'main':
../Core/Src/main.c:225:40: warning: assignment to 'uint8_t *' {aka 'unsigned char *'} from incompatible pointer type 'uint8_t (*)[20]' {aka 'unsigned char (*)[20]'} [-Wincompatible-pointer-types]
  225 |   Control_IC_test.data_control_testing = data_control;
      |                                        ^
../Core/Src/main.c:223:21: warning: variable 'Control_IC_test' set but not used [-Wunused-but-set-variable]
  223 |   Control_IC_Test_t Control_IC_test;
      |                     ^~~~~~~~~~~~~~~
../Core/Src/main.c:170:11: warning: unused variable 'IC_test_data' [-Wunused-variable]
  170 |   uint8_t IC_test_data[20] =   {2,2,2,2,2,2,2,2,2,1,0,2,2,2,2,2,2,2,2,2};
      |           ^~~~~~~~~~~~
../Core/Src/main.c:169:11: warning: unused variable 'IC_test_data_2' [-Wunused-variable]
  169 |   uint8_t IC_test_data_2[20] = {0,0,2,0,0,0,0,0,2,1,0,2,0,0,0,0,0,0,0,1};  // 0
      |           ^~~~~~~~~~~~~~
../Core/Src/main.c:168:11: warning: unused variable 'IC_test_data_1' [-Wunused-variable]
  168 |   uint8_t IC_test_data_1[20] = {0,0,2,0,0,0,0,0,2,1,0,2,0,0,0,0,1,0,0,1};  // 0
      |           ^~~~~~~~~~~~~~
arm-none-eabi-gcc -o "testt.elf" @"objects.list"   -mcpu=cortex-m4 -T"F:\UTE\DATN\Code\testt\STM32F407VETX_FLASH.ld" --specs=nosys.specs -Wl,-Map="testt.map" -Wl,--gc-sections -static --specs=nano.specs -mfpu=fpv4-sp-d16 -mfloat-abi=hard -mthumb -u _printf_float -u _scanf_float -Wl,--start-group -lc -lm -Wl,--end-group
Finished building target: testt.elf
 
arm-none-eabi-size  testt.elf 
arm-none-eabi-objdump -h -S testt.elf  > "testt.list"
arm-none-eabi-objcopy  -O ihex testt.elf  "testt.hex"
   text	   data	    bss	    dec	    hex	filename
  41656	    472	   2616	  44744	   aec8	testt.elf
Finished building: default.size.stdout
 
Finished building: testt.hex
 
Finished building: testt.list
 
17:07:21 **** Incremental Build of configuration Debug for project test_peripheral ****
make -j12 all 
arm-none-eabi-size  test_peripheral.elf 
   text	   data	    bss	    dec	    hex	filename
  50664	    524	   4068	  55256	   d7d8	test_peripheral.elf
Finished building: default.size.stdout
 
17:07:21 **** Incremental Build of configuration Debug for project testt ****
make -j12 all 
arm-none-eabi-gcc "../Core/Src/main.c" -mcpu=cortex-m4 -std=gnu11 -g3 -DDEBUG -DUSE_HAL_DRIVER -DSTM32F407xx -c -I../Core/Inc -I../Drivers/STM32F4xx_HAL_Driver/Inc -I../Drivers/STM32F4xx_HAL_Driver/Inc/Legacy -I../Drivers/CMSIS/Device/ST/STM32F4xx/Include -I../Drivers/CMSIS/Include -O0 -ffunction-sections -fdata-sections -Wall -fstack-usage -fcyclomatic-complexity -MMD -MP -MF"Core/Src/main.d" -MT"Core/Src/main.o" --specs=nano.specs -mfpu=fpv4-sp-d16 -mfloat-abi=hard -mthumb -o "Core/Src/main.o"
../Core/Src/main.c: In function 'main':
../Core/Src/main.c:223:21: warning: variable 'Control_IC_test' set but not used [-Wunused-but-set-variable]
  223 |   Control_IC_Test_t Control_IC_test;
      |                     ^~~~~~~~~~~~~~~
../Core/Src/main.c:170:11: warning: unused variable 'IC_test_data' [-Wunused-variable]
  170 |   uint8_t IC_test_data[20] =   {2,2,2,2,2,2,2,2,2,1,0,2,2,2,2,2,2,2,2,2};
      |           ^~~~~~~~~~~~
../Core/Src/main.c:169:11: warning: unused variable 'IC_test_data_2' [-Wunused-variable]
  169 |   uint8_t IC_test_data_2[20] = {0,0,2,0,0,0,0,0,2,1,0,2,0,0,0,0,0,0,0,1};  // 0
      |           ^~~~~~~~~~~~~~
../Core/Src/main.c:168:11: warning: unused variable 'IC_test_data_1' [-Wunused-variable]
  168 |   uint8_t IC_test_data_1[20] = {0,0,2,0,0,0,0,0,2,1,0,2,0,0,0,0,1,0,0,1};  // 0
      |           ^~~~~~~~~~~~~~
arm-none-eabi-gcc -o "testt.elf" @"objects.list"   -mcpu=cortex-m4 -T"F:\UTE\DATN\Code\testt\STM32F407VETX_FLASH.ld" --specs=nosys.specs -Wl,-Map="testt.map" -Wl,--gc-sections -static --specs=nano.specs -mfpu=fpv4-sp-d16 -mfloat-abi=hard -mthumb -u _printf_float -u _scanf_float -Wl,--start-group -lc -lm -Wl,--end-group
Finished building target: testt.elf
 
arm-none-eabi-size  testt.elf 
arm-none-eabi-objdump -h -S testt.elf  > "testt.list"
arm-none-eabi-objcopy  -O ihex testt.elf  "testt.hex"
   text	   data	    bss	    dec	    hex	filename
  41656	    472	   2616	  44744	   aec8	testt.elf
Finished building: default.size.stdout
 
Finished building: testt.hex
 
Finished building: testt.list
 
17:09:51 **** Incremental Build of configuration Debug for project testt ****
make -j12 all 
arm-none-eabi-gcc "../Core/Src/main.c" -mcpu=cortex-m4 -std=gnu11 -g3 -DDEBUG -DUSE_HAL_DRIVER -DSTM32F407xx -c -I../Core/Inc -I../Drivers/STM32F4xx_HAL_Driver/Inc -I../Drivers/STM32F4xx_HAL_Driver/Inc/Legacy -I../Drivers/CMSIS/Device/ST/STM32F4xx/Include -I../Drivers/CMSIS/Include -O0 -ffunction-sections -fdata-sections -Wall -fstack-usage -fcyclomatic-complexity -MMD -MP -MF"Core/Src/main.d" -MT"Core/Src/main.o" --specs=nano.specs -mfpu=fpv4-sp-d16 -mfloat-abi=hard -mthumb -o "Core/Src/main.o"
../Core/Src/main.c: In function 'main':
../Core/Src/main.c:223:21: warning: variable 'Control_IC_test' set but not used [-Wunused-but-set-variable]
  223 |   Control_IC_Test_t Control_IC_test;
      |                     ^~~~~~~~~~~~~~~
../Core/Src/main.c:169:11: warning: unused variable 'IC_test_data_2' [-Wunused-variable]
  169 |   uint8_t IC_test_data_2[20] = {0,0,2,0,0,0,0,0,2,1,0,2,0,0,0,0,0,0,0,1};  // 0
      |           ^~~~~~~~~~~~~~
../Core/Src/main.c:168:11: warning: unused variable 'IC_test_data_1' [-Wunused-variable]
  168 |   uint8_t IC_test_data_1[20] = {0,0,2,0,0,0,0,0,2,1,0,2,0,0,0,0,1,0,0,1};  // 0
      |           ^~~~~~~~~~~~~~
arm-none-eabi-gcc -o "testt.elf" @"objects.list"   -mcpu=cortex-m4 -T"F:\UTE\DATN\Code\testt\STM32F407VETX_FLASH.ld" --specs=nosys.specs -Wl,-Map="testt.map" -Wl,--gc-sections -static --specs=nano.specs -mfpu=fpv4-sp-d16 -mfloat-abi=hard -mthumb -u _printf_float -u _scanf_float -Wl,--start-group -lc -lm -Wl,--end-group
Finished building target: testt.elf
 
arm-none-eabi-size  testt.elf 
arm-none-eabi-objdump -h -S testt.elf  > "testt.list"
arm-none-eabi-objcopy  -O ihex testt.elf  "testt.hex"
   text	   data	    bss	    dec	    hex	filename
  42416	    696	   2696	  45808	   b2f0	testt.elf
Finished building: default.size.stdout
 
Finished building: testt.hex
 
Finished building: testt.list
 
