14:24:20 **** Incremental Build of configuration Debug for project test_peripheral ****
make -j12 all 
arm-none-eabi-gcc "../lib/DWIN_HMI.c" -mcpu=cortex-m3 -std=gnu11 -g3 -DDEBUG -DUSE_HAL_DRIVER -DSTM32F103xB -c -I../Core/Inc -I../Drivers/STM32F1xx_HAL_Driver/Inc/Legacy -I../Drivers/STM32F1xx_HAL_Driver/Inc -I../Drivers/CMSIS/Device/ST/STM32F1xx/Include -I../Drivers/CMSIS/Include -O0 -ffunction-sections -fdata-sections -Wall -fstack-usage -fcyclomatic-complexity -MMD -MP -MF"lib/DWIN_HMI.d" -MT"lib/DWIN_HMI.o" --specs=nano.specs -mfloat-abi=soft -mthumb -o "lib/DWIN_HMI.o"
arm-none-eabi-gcc "../app/Screen.c" -mcpu=cortex-m3 -std=gnu11 -g3 -DDEBUG -DUSE_HAL_DRIVER -DSTM32F103xB -c -I../Core/Inc -I../Drivers/STM32F1xx_HAL_Driver/Inc/Legacy -I../Drivers/STM32F1xx_HAL_Driver/Inc -I../Drivers/CMSIS/Device/ST/STM32F1xx/Include -I../Drivers/CMSIS/Include -O0 -ffunction-sections -fdata-sections -Wall -fstack-usage -fcyclomatic-complexity -MMD -MP -MF"app/Screen.d" -MT"app/Screen.o" --specs=nano.specs -mfloat-abi=soft -mthumb -o "app/Screen.o"
arm-none-eabi-gcc "../Drivers/STM32F1xx_HAL_Driver/Src/stm32f1xx_hal.c" -mcpu=cortex-m3 -std=gnu11 -g3 -DDEBUG -DUSE_HAL_DRIVER -DSTM32F103xB -c -I../Core/Inc -I../Drivers/STM32F1xx_HAL_Driver/Inc/Legacy -I../Drivers/STM32F1xx_HAL_Driver/Inc -I../Drivers/CMSIS/Device/ST/STM32F1xx/Include -I../Drivers/CMSIS/Include -O0 -ffunction-sections -fdata-sections -Wall -fstack-usage -fcyclomatic-complexity -MMD -MP -MF"Drivers/STM32F1xx_HAL_Driver/Src/stm32f1xx_hal.d" -MT"Drivers/STM32F1xx_HAL_Driver/Src/stm32f1xx_hal.o" --specs=nano.specs -mfloat-abi=soft -mthumb -o "Drivers/STM32F1xx_HAL_Driver/Src/stm32f1xx_hal.o"
arm-none-eabi-gcc "../Drivers/STM32F1xx_HAL_Driver/Src/stm32f1xx_hal_cortex.c" -mcpu=cortex-m3 -std=gnu11 -g3 -DDEBUG -DUSE_HAL_DRIVER -DSTM32F103xB -c -I../Core/Inc -I../Drivers/STM32F1xx_HAL_Driver/Inc/Legacy -I../Drivers/STM32F1xx_HAL_Driver/Inc -I../Drivers/CMSIS/Device/ST/STM32F1xx/Include -I../Drivers/CMSIS/Include -O0 -ffunction-sections -fdata-sections -Wall -fstack-usage -fcyclomatic-complexity -MMD -MP -MF"Drivers/STM32F1xx_HAL_Driver/Src/stm32f1xx_hal_cortex.d" -MT"Drivers/STM32F1xx_HAL_Driver/Src/stm32f1xx_hal_cortex.o" --specs=nano.specs -mfloat-abi=soft -mthumb -o "Drivers/STM32F1xx_HAL_Driver/Src/stm32f1xx_hal_cortex.o"
arm-none-eabi-gcc "../Drivers/STM32F1xx_HAL_Driver/Src/stm32f1xx_hal_dma.c" -mcpu=cortex-m3 -std=gnu11 -g3 -DDEBUG -DUSE_HAL_DRIVER -DSTM32F103xB -c -I../Core/Inc -I../Drivers/STM32F1xx_HAL_Driver/Inc/Legacy -I../Drivers/STM32F1xx_HAL_Driver/Inc -I../Drivers/CMSIS/Device/ST/STM32F1xx/Include -I../Drivers/CMSIS/Include -O0 -ffunction-sections -fdata-sections -Wall -fstack-usage -fcyclomatic-complexity -MMD -MP -MF"Drivers/STM32F1xx_HAL_Driver/Src/stm32f1xx_hal_dma.d" -MT"Drivers/STM32F1xx_HAL_Driver/Src/stm32f1xx_hal_dma.o" --specs=nano.specs -mfloat-abi=soft -mthumb -o "Drivers/STM32F1xx_HAL_Driver/Src/stm32f1xx_hal_dma.o"
arm-none-eabi-gcc "../Drivers/STM32F1xx_HAL_Driver/Src/stm32f1xx_hal_exti.c" -mcpu=cortex-m3 -std=gnu11 -g3 -DDEBUG -DUSE_HAL_DRIVER -DSTM32F103xB -c -I../Core/Inc -I../Drivers/STM32F1xx_HAL_Driver/Inc/Legacy -I../Drivers/STM32F1xx_HAL_Driver/Inc -I../Drivers/CMSIS/Device/ST/STM32F1xx/Include -I../Drivers/CMSIS/Include -O0 -ffunction-sections -fdata-sections -Wall -fstack-usage -fcyclomatic-complexity -MMD -MP -MF"Drivers/STM32F1xx_HAL_Driver/Src/stm32f1xx_hal_exti.d" -MT"Drivers/STM32F1xx_HAL_Driver/Src/stm32f1xx_hal_exti.o" --specs=nano.specs -mfloat-abi=soft -mthumb -o "Drivers/STM32F1xx_HAL_Driver/Src/stm32f1xx_hal_exti.o"
arm-none-eabi-gcc "../Drivers/STM32F1xx_HAL_Driver/Src/stm32f1xx_hal_flash.c" -mcpu=cortex-m3 -std=gnu11 -g3 -DDEBUG -DUSE_HAL_DRIVER -DSTM32F103xB -c -I../Core/Inc -I../Drivers/STM32F1xx_HAL_Driver/Inc/Legacy -I../Drivers/STM32F1xx_HAL_Driver/Inc -I../Drivers/CMSIS/Device/ST/STM32F1xx/Include -I../Drivers/CMSIS/Include -O0 -ffunction-sections -fdata-sections -Wall -fstack-usage -fcyclomatic-complexity -MMD -MP -MF"Drivers/STM32F1xx_HAL_Driver/Src/stm32f1xx_hal_flash.d" -MT"Drivers/STM32F1xx_HAL_Driver/Src/stm32f1xx_hal_flash.o" --specs=nano.specs -mfloat-abi=soft -mthumb -o "Drivers/STM32F1xx_HAL_Driver/Src/stm32f1xx_hal_flash.o"
arm-none-eabi-gcc "../Drivers/STM32F1xx_HAL_Driver/Src/stm32f1xx_hal_flash_ex.c" -mcpu=cortex-m3 -std=gnu11 -g3 -DDEBUG -DUSE_HAL_DRIVER -DSTM32F103xB -c -I../Core/Inc -I../Drivers/STM32F1xx_HAL_Driver/Inc/Legacy -I../Drivers/STM32F1xx_HAL_Driver/Inc -I../Drivers/CMSIS/Device/ST/STM32F1xx/Include -I../Drivers/CMSIS/Include -O0 -ffunction-sections -fdata-sections -Wall -fstack-usage -fcyclomatic-complexity -MMD -MP -MF"Drivers/STM32F1xx_HAL_Driver/Src/stm32f1xx_hal_flash_ex.d" -MT"Drivers/STM32F1xx_HAL_Driver/Src/stm32f1xx_hal_flash_ex.o" --specs=nano.specs -mfloat-abi=soft -mthumb -o "Drivers/STM32F1xx_HAL_Driver/Src/stm32f1xx_hal_flash_ex.o"
arm-none-eabi-gcc "../Drivers/STM32F1xx_HAL_Driver/Src/stm32f1xx_hal_gpio.c" -mcpu=cortex-m3 -std=gnu11 -g3 -DDEBUG -DUSE_HAL_DRIVER -DSTM32F103xB -c -I../Core/Inc -I../Drivers/STM32F1xx_HAL_Driver/Inc/Legacy -I../Drivers/STM32F1xx_HAL_Driver/Inc -I../Drivers/CMSIS/Device/ST/STM32F1xx/Include -I../Drivers/CMSIS/Include -O0 -ffunction-sections -fdata-sections -Wall -fstack-usage -fcyclomatic-complexity -MMD -MP -MF"Drivers/STM32F1xx_HAL_Driver/Src/stm32f1xx_hal_gpio.d" -MT"Drivers/STM32F1xx_HAL_Driver/Src/stm32f1xx_hal_gpio.o" --specs=nano.specs -mfloat-abi=soft -mthumb -o "Drivers/STM32F1xx_HAL_Driver/Src/stm32f1xx_hal_gpio.o"
arm-none-eabi-gcc "../Drivers/STM32F1xx_HAL_Driver/Src/stm32f1xx_hal_gpio_ex.c" -mcpu=cortex-m3 -std=gnu11 -g3 -DDEBUG -DUSE_HAL_DRIVER -DSTM32F103xB -c -I../Core/Inc -I../Drivers/STM32F1xx_HAL_Driver/Inc/Legacy -I../Drivers/STM32F1xx_HAL_Driver/Inc -I../Drivers/CMSIS/Device/ST/STM32F1xx/Include -I../Drivers/CMSIS/Include -O0 -ffunction-sections -fdata-sections -Wall -fstack-usage -fcyclomatic-complexity -MMD -MP -MF"Drivers/STM32F1xx_HAL_Driver/Src/stm32f1xx_hal_gpio_ex.d" -MT"Drivers/STM32F1xx_HAL_Driver/Src/stm32f1xx_hal_gpio_ex.o" --specs=nano.specs -mfloat-abi=soft -mthumb -o "Drivers/STM32F1xx_HAL_Driver/Src/stm32f1xx_hal_gpio_ex.o"
arm-none-eabi-gcc "../Drivers/STM32F1xx_HAL_Driver/Src/stm32f1xx_hal_pwr.c" -mcpu=cortex-m3 -std=gnu11 -g3 -DDEBUG -DUSE_HAL_DRIVER -DSTM32F103xB -c -I../Core/Inc -I../Drivers/STM32F1xx_HAL_Driver/Inc/Legacy -I../Drivers/STM32F1xx_HAL_Driver/Inc -I../Drivers/CMSIS/Device/ST/STM32F1xx/Include -I../Drivers/CMSIS/Include -O0 -ffunction-sections -fdata-sections -Wall -fstack-usage -fcyclomatic-complexity -MMD -MP -MF"Drivers/STM32F1xx_HAL_Driver/Src/stm32f1xx_hal_pwr.d" -MT"Drivers/STM32F1xx_HAL_Driver/Src/stm32f1xx_hal_pwr.o" --specs=nano.specs -mfloat-abi=soft -mthumb -o "Drivers/STM32F1xx_HAL_Driver/Src/stm32f1xx_hal_pwr.o"
arm-none-eabi-gcc "../Drivers/STM32F1xx_HAL_Driver/Src/stm32f1xx_hal_rcc.c" -mcpu=cortex-m3 -std=gnu11 -g3 -DDEBUG -DUSE_HAL_DRIVER -DSTM32F103xB -c -I../Core/Inc -I../Drivers/STM32F1xx_HAL_Driver/Inc/Legacy -I../Drivers/STM32F1xx_HAL_Driver/Inc -I../Drivers/CMSIS/Device/ST/STM32F1xx/Include -I../Drivers/CMSIS/Include -O0 -ffunction-sections -fdata-sections -Wall -fstack-usage -fcyclomatic-complexity -MMD -MP -MF"Drivers/STM32F1xx_HAL_Driver/Src/stm32f1xx_hal_rcc.d" -MT"Drivers/STM32F1xx_HAL_Driver/Src/stm32f1xx_hal_rcc.o" --specs=nano.specs -mfloat-abi=soft -mthumb -o "Drivers/STM32F1xx_HAL_Driver/Src/stm32f1xx_hal_rcc.o"
arm-none-eabi-gcc "../Drivers/STM32F1xx_HAL_Driver/Src/stm32f1xx_hal_rcc_ex.c" -mcpu=cortex-m3 -std=gnu11 -g3 -DDEBUG -DUSE_HAL_DRIVER -DSTM32F103xB -c -I../Core/Inc -I../Drivers/STM32F1xx_HAL_Driver/Inc/Legacy -I../Drivers/STM32F1xx_HAL_Driver/Inc -I../Drivers/CMSIS/Device/ST/STM32F1xx/Include -I../Drivers/CMSIS/Include -O0 -ffunction-sections -fdata-sections -Wall -fstack-usage -fcyclomatic-complexity -MMD -MP -MF"Drivers/STM32F1xx_HAL_Driver/Src/stm32f1xx_hal_rcc_ex.d" -MT"Drivers/STM32F1xx_HAL_Driver/Src/stm32f1xx_hal_rcc_ex.o" --specs=nano.specs -mfloat-abi=soft -mthumb -o "Drivers/STM32F1xx_HAL_Driver/Src/stm32f1xx_hal_rcc_ex.o"
arm-none-eabi-gcc "../Drivers/STM32F1xx_HAL_Driver/Src/stm32f1xx_hal_uart.c" -mcpu=cortex-m3 -std=gnu11 -g3 -DDEBUG -DUSE_HAL_DRIVER -DSTM32F103xB -c -I../Core/Inc -I../Drivers/STM32F1xx_HAL_Driver/Inc/Legacy -I../Drivers/STM32F1xx_HAL_Driver/Inc -I../Drivers/CMSIS/Device/ST/STM32F1xx/Include -I../Drivers/CMSIS/Include -O0 -ffunction-sections -fdata-sections -Wall -fstack-usage -fcyclomatic-complexity -MMD -MP -MF"Drivers/STM32F1xx_HAL_Driver/Src/stm32f1xx_hal_uart.d" -MT"Drivers/STM32F1xx_HAL_Driver/Src/stm32f1xx_hal_uart.o" --specs=nano.specs -mfloat-abi=soft -mthumb -o "Drivers/STM32F1xx_HAL_Driver/Src/stm32f1xx_hal_uart.o"
arm-none-eabi-gcc "../Core/Src/main.c" -mcpu=cortex-m3 -std=gnu11 -g3 -DDEBUG -DUSE_HAL_DRIVER -DSTM32F103xB -c -I../Core/Inc -I../Drivers/STM32F1xx_HAL_Driver/Inc/Legacy -I../Drivers/STM32F1xx_HAL_Driver/Inc -I../Drivers/CMSIS/Device/ST/STM32F1xx/Include -I../Drivers/CMSIS/Include -O0 -ffunction-sections -fdata-sections -Wall -fstack-usage -fcyclomatic-complexity -MMD -MP -MF"Core/Src/main.d" -MT"Core/Src/main.o" --specs=nano.specs -mfloat-abi=soft -mthumb -o "Core/Src/main.o"
arm-none-eabi-gcc "../Core/Src/stm32f1xx_hal_msp.c" -mcpu=cortex-m3 -std=gnu11 -g3 -DDEBUG -DUSE_HAL_DRIVER -DSTM32F103xB -c -I../Core/Inc -I../Drivers/STM32F1xx_HAL_Driver/Inc/Legacy -I../Drivers/STM32F1xx_HAL_Driver/Inc -I../Drivers/CMSIS/Device/ST/STM32F1xx/Include -I../Drivers/CMSIS/Include -O0 -ffunction-sections -fdata-sections -Wall -fstack-usage -fcyclomatic-complexity -MMD -MP -MF"Core/Src/stm32f1xx_hal_msp.d" -MT"Core/Src/stm32f1xx_hal_msp.o" --specs=nano.specs -mfloat-abi=soft -mthumb -o "Core/Src/stm32f1xx_hal_msp.o"
arm-none-eabi-gcc "../Core/Src/stm32f1xx_it.c" -mcpu=cortex-m3 -std=gnu11 -g3 -DDEBUG -DUSE_HAL_DRIVER -DSTM32F103xB -c -I../Core/Inc -I../Drivers/STM32F1xx_HAL_Driver/Inc/Legacy -I../Drivers/STM32F1xx_HAL_Driver/Inc -I../Drivers/CMSIS/Device/ST/STM32F1xx/Include -I../Drivers/CMSIS/Include -O0 -ffunction-sections -fdata-sections -Wall -fstack-usage -fcyclomatic-complexity -MMD -MP -MF"Core/Src/stm32f1xx_it.d" -MT"Core/Src/stm32f1xx_it.o" --specs=nano.specs -mfloat-abi=soft -mthumb -o "Core/Src/stm32f1xx_it.o"
arm-none-eabi-gcc "../Core/Src/system_stm32f1xx.c" -mcpu=cortex-m3 -std=gnu11 -g3 -DDEBUG -DUSE_HAL_DRIVER -DSTM32F103xB -c -I../Core/Inc -I../Drivers/STM32F1xx_HAL_Driver/Inc/Legacy -I../Drivers/STM32F1xx_HAL_Driver/Inc -I../Drivers/CMSIS/Device/ST/STM32F1xx/Include -I../Drivers/CMSIS/Include -O0 -ffunction-sections -fdata-sections -Wall -fstack-usage -fcyclomatic-complexity -MMD -MP -MF"Core/Src/system_stm32f1xx.d" -MT"Core/Src/system_stm32f1xx.o" --specs=nano.specs -mfloat-abi=soft -mthumb -o "Core/Src/system_stm32f1xx.o"
../Core/Src/main.c:47:1: error: unknown type name 'CAN_TxHeaderTypeDef'
   47 | CAN_TxHeaderTypeDef   TxHeader;
      | ^~~~~~~~~~~~~~~~~~~
../Core/Src/main.c:48:1: error: unknown type name 'CAN_RxHeaderTypeDef'
   48 | CAN_RxHeaderTypeDef   RxHeader;
      | ^~~~~~~~~~~~~~~~~~~
../Core/Src/main.c: In function 'main':
../Core/Src/main.c:113:3: warning: implicit declaration of function 'HAL_CAN_Start'; did you mean 'HAL_DMA_Start'? [-Wimplicit-function-declaration]
  113 |   HAL_CAN_Start(&hcan);
      |   ^~~~~~~~~~~~~
      |   HAL_DMA_Start
../Core/Src/main.c:113:18: error: 'hcan' undeclared (first use in this function)
  113 |   HAL_CAN_Start(&hcan);
      |                  ^~~~
../Core/Src/main.c:113:18: note: each undeclared identifier is reported only once for each function it appears in
../Core/Src/main.c:115:3: warning: implicit declaration of function 'HAL_CAN_ActivateNotification' [-Wimplicit-function-declaration]
  115 |   HAL_CAN_ActivateNotification(&hcan, CAN_IT_RX_FIFO0_MSG_PENDING);
      |   ^~~~~~~~~~~~~~~~~~~~~~~~~~~~
../Core/Src/main.c:115:39: error: 'CAN_IT_RX_FIFO0_MSG_PENDING' undeclared (first use in this function)
  115 |   HAL_CAN_ActivateNotification(&hcan, CAN_IT_RX_FIFO0_MSG_PENDING);
      |                                       ^~~~~~~~~~~~~~~~~~~~~~~~~~~
../Core/Src/main.c:117:11: error: request for member 'DLC' in something not a structure or union
  117 |   TxHeader.DLC = 2; // data length
      |           ^
../Core/Src/main.c:118:11: error: request for member 'IDE' in something not a structure or union
  118 |   TxHeader.IDE = CAN_ID_STD;
      |           ^
../Core/Src/main.c:118:18: error: 'CAN_ID_STD' undeclared (first use in this function); did you mean 'CAN_TI0R_STID'?
  118 |   TxHeader.IDE = CAN_ID_STD;
      |                  ^~~~~~~~~~
      |                  CAN_TI0R_STID
../Core/Src/main.c:119:11: error: request for member 'RTR' in something not a structure or union
  119 |   TxHeader.RTR = CAN_RTR_DATA;
      |           ^
../Core/Src/main.c:119:18: error: 'CAN_RTR_DATA' undeclared (first use in this function); did you mean 'CAN_RDH0R_DATA6'?
  119 |   TxHeader.RTR = CAN_RTR_DATA;
      |                  ^~~~~~~~~~~~
      |                  CAN_RDH0R_DATA6
../Core/Src/main.c:120:11: error: request for member 'StdId' in something not a structure or union
  120 |   TxHeader.StdId = 0x407;
      |           ^
../Core/Src/main.c:126:9: warning: implicit declaration of function 'HAL_CAN_AddTxMessage' [-Wimplicit-function-declaration]
  126 |         HAL_CAN_AddTxMessage(&hcan, &TxHeader, TxData, &TxMailbox);
      |         ^~~~~~~~~~~~~~~~~~~~
../Core/Src/main.c: At top level:
../Core/Src/main.c:259:40: error: unknown type name 'CAN_HandleTypeDef'; did you mean 'UART_HandleTypeDef'?
  259 | void HAL_CAN_RxFifo0MsgPendingCallback(CAN_HandleTypeDef *hcan) {
      |                                        ^~~~~~~~~~~~~~~~~
      |                                        UART_HandleTypeDef
make: *** [Core/Src/subdir.mk:34: Core/Src/main.o] Error 1
make: *** Waiting for unfinished jobs....
"make -j12 all" terminated with exit code 2. Build might be incomplete.
14:28:43 **** Incremental Build of configuration Debug for project test_peripheral ****
make -j12 all 
arm-none-eabi-gcc "../lib/Common.c" -mcpu=cortex-m3 -std=gnu11 -g3 -DDEBUG -DUSE_HAL_DRIVER -DSTM32F103xB -c -I../Core/Inc -I../Drivers/STM32F1xx_HAL_Driver/Inc/Legacy -I../Drivers/STM32F1xx_HAL_Driver/Inc -I../Drivers/CMSIS/Device/ST/STM32F1xx/Include -I../Drivers/CMSIS/Include -O0 -ffunction-sections -fdata-sections -Wall -fstack-usage -fcyclomatic-complexity -MMD -MP -MF"lib/Common.d" -MT"lib/Common.o" --specs=nano.specs -mfloat-abi=soft -mthumb -o "lib/Common.o"
arm-none-eabi-gcc "../lib/DWIN_HMI.c" -mcpu=cortex-m3 -std=gnu11 -g3 -DDEBUG -DUSE_HAL_DRIVER -DSTM32F103xB -c -I../Core/Inc -I../Drivers/STM32F1xx_HAL_Driver/Inc/Legacy -I../Drivers/STM32F1xx_HAL_Driver/Inc -I../Drivers/CMSIS/Device/ST/STM32F1xx/Include -I../Drivers/CMSIS/Include -O0 -ffunction-sections -fdata-sections -Wall -fstack-usage -fcyclomatic-complexity -MMD -MP -MF"lib/DWIN_HMI.d" -MT"lib/DWIN_HMI.o" --specs=nano.specs -mfloat-abi=soft -mthumb -o "lib/DWIN_HMI.o"
arm-none-eabi-gcc "../app/Screen.c" -mcpu=cortex-m3 -std=gnu11 -g3 -DDEBUG -DUSE_HAL_DRIVER -DSTM32F103xB -c -I../Core/Inc -I../Drivers/STM32F1xx_HAL_Driver/Inc/Legacy -I../Drivers/STM32F1xx_HAL_Driver/Inc -I../Drivers/CMSIS/Device/ST/STM32F1xx/Include -I../Drivers/CMSIS/Include -O0 -ffunction-sections -fdata-sections -Wall -fstack-usage -fcyclomatic-complexity -MMD -MP -MF"app/Screen.d" -MT"app/Screen.o" --specs=nano.specs -mfloat-abi=soft -mthumb -o "app/Screen.o"
arm-none-eabi-gcc "../Core/Src/main.c" -mcpu=cortex-m3 -std=gnu11 -g3 -DDEBUG -DUSE_HAL_DRIVER -DSTM32F103xB -c -I../Core/Inc -I../Drivers/STM32F1xx_HAL_Driver/Inc/Legacy -I../Drivers/STM32F1xx_HAL_Driver/Inc -I../Drivers/CMSIS/Device/ST/STM32F1xx/Include -I../Drivers/CMSIS/Include -O0 -ffunction-sections -fdata-sections -Wall -fstack-usage -fcyclomatic-complexity -MMD -MP -MF"Core/Src/main.d" -MT"Core/Src/main.o" --specs=nano.specs -mfloat-abi=soft -mthumb -o "Core/Src/main.o"
../lib/Common.c: In function 'String2Float':
../lib/Common.c:5:1: warning: control reaches end of non-void function [-Wreturn-type]
    5 | }
      | ^
../lib/DWIN_HMI.c: In function 'DWIN_Listen':
../lib/DWIN_HMI.c:139:65: warning: passing argument 3 of 'pDwin->p_ListenDWIN_Callback' makes pointer from integer without a cast [-Wint-conversion]
  139 |                 pDwin->p_ListenDWIN_Callback(VPaddress,lastByte,message_ASCII);
      |                                                                 ^~~~~~~~~~~~~
      |                                                                 |
      |                                                                 uint8_t {aka unsigned char}
../lib/DWIN_HMI.c:139:65: note: expected 'uint8_t *' {aka 'unsigned char *'} but argument is of type 'uint8_t' {aka 'unsigned char'}
arm-none-eabi-gcc -o "test_peripheral.elf" @"objects.list"   -mcpu=cortex-m3 -T"F:\UTE\DATN\Code\test_peripheral\STM32F103C8TX_FLASH.ld" --specs=nosys.specs -Wl,-Map="test_peripheral.map" -Wl,--gc-sections -static --specs=nano.specs -mfloat-abi=soft -mthumb -Wl,--start-group -lc -lm -Wl,--end-group
Finished building target: test_peripheral.elf
 
arm-none-eabi-size  test_peripheral.elf 
arm-none-eabi-objdump -h -S test_peripheral.elf  > "test_peripheral.list"
   text	   data	    bss	    dec	    hex	filename
  27208	    500	   2332	  30040	   7558	test_peripheral.elf
Finished building: default.size.stdout
 
Finished building: test_peripheral.list
 
14:28:45 **** Incremental Build of configuration Debug for project testt ****
make -j12 all 
arm-none-eabi-size  testt.elf 
   text	   data	    bss	    dec	    hex	filename
  42904	    616	   2592	  46112	   b420	testt.elf
Finished building: default.size.stdout
 
14:29:33 **** Incremental Build of configuration Debug for project test_peripheral ****
make -j12 all 
arm-none-eabi-gcc "../Core/Src/main.c" -mcpu=cortex-m3 -std=gnu11 -g3 -DDEBUG -DUSE_HAL_DRIVER -DSTM32F103xB -c -I../Core/Inc -I../Drivers/STM32F1xx_HAL_Driver/Inc/Legacy -I../Drivers/STM32F1xx_HAL_Driver/Inc -I../Drivers/CMSIS/Device/ST/STM32F1xx/Include -I../Drivers/CMSIS/Include -O0 -ffunction-sections -fdata-sections -Wall -fstack-usage -fcyclomatic-complexity -MMD -MP -MF"Core/Src/main.d" -MT"Core/Src/main.o" --specs=nano.specs -mfloat-abi=soft -mthumb -o "Core/Src/main.o"
arm-none-eabi-gcc -o "test_peripheral.elf" @"objects.list"   -mcpu=cortex-m3 -T"F:\UTE\DATN\Code\test_peripheral\STM32F103C8TX_FLASH.ld" --specs=nosys.specs -Wl,-Map="test_peripheral.map" -Wl,--gc-sections -static --specs=nano.specs -mfloat-abi=soft -mthumb -Wl,--start-group -lc -lm -Wl,--end-group
Finished building target: test_peripheral.elf
 
arm-none-eabi-size  test_peripheral.elf 
arm-none-eabi-objdump -h -S test_peripheral.elf  > "test_peripheral.list"
   text	   data	    bss	    dec	    hex	filename
  27208	    500	   2332	  30040	   7558	test_peripheral.elf
Finished building: default.size.stdout
 
Finished building: test_peripheral.list
 
14:29:34 **** Incremental Build of configuration Debug for project testt ****
make -j12 all 
arm-none-eabi-size  testt.elf 
   text	   data	    bss	    dec	    hex	filename
  42904	    616	   2592	  46112	   b420	testt.elf
Finished building: default.size.stdout
 
14:29:59 **** Incremental Build of configuration Debug for project test_peripheral ****
make -j12 all 
arm-none-eabi-size  test_peripheral.elf 
   text	   data	    bss	    dec	    hex	filename
  27208	    500	   2332	  30040	   7558	test_peripheral.elf
Finished building: default.size.stdout
 
14:30:36 **** Incremental Build of configuration Debug for project test_peripheral ****
make -j12 all 
arm-none-eabi-gcc -o "test_peripheral.elf" @"objects.list"   -mcpu=cortex-m3 -T"F:\UTE\DATN\Code\test_peripheral\STM32F103C8TX_FLASH.ld" --specs=nosys.specs -Wl,-Map="test_peripheral.map" -Wl,--gc-sections -static --specs=nano.specs -mfloat-abi=soft -mthumb -u _printf_float -u _scanf_float -Wl,--start-group -lc -lm -Wl,--end-group
Finished building target: test_peripheral.elf
 
arm-none-eabi-size  test_peripheral.elf 
arm-none-eabi-objdump -h -S test_peripheral.elf  > "test_peripheral.list"
   text	   data	    bss	    dec	    hex	filename
  33544	    500	   2332	  36376	   8e18	test_peripheral.elf
Finished building: default.size.stdout
 
Finished building: test_peripheral.list
 
14:35:24 **** Incremental Build of configuration Debug for project test_peripheral ****
make -j12 all 
arm-none-eabi-gcc "../app/Screen.c" -mcpu=cortex-m3 -std=gnu11 -g3 -DDEBUG -DUSE_HAL_DRIVER -DSTM32F103xB -c -I../Core/Inc -I../Drivers/STM32F1xx_HAL_Driver/Inc/Legacy -I../Drivers/STM32F1xx_HAL_Driver/Inc -I../Drivers/CMSIS/Device/ST/STM32F1xx/Include -I../Drivers/CMSIS/Include -O0 -ffunction-sections -fdata-sections -Wall -fstack-usage -fcyclomatic-complexity -MMD -MP -MF"app/Screen.d" -MT"app/Screen.o" --specs=nano.specs -mfloat-abi=soft -mthumb -o "app/Screen.o"
arm-none-eabi-gcc -o "test_peripheral.elf" @"objects.list"   -mcpu=cortex-m3 -T"F:\UTE\DATN\Code\test_peripheral\STM32F103C8TX_FLASH.ld" --specs=nosys.specs -Wl,-Map="test_peripheral.map" -Wl,--gc-sections -static --specs=nano.specs -mfloat-abi=soft -mthumb -u _printf_float -u _scanf_float -Wl,--start-group -lc -lm -Wl,--end-group
Finished building target: test_peripheral.elf
 
arm-none-eabi-size  test_peripheral.elf 
arm-none-eabi-objdump -h -S test_peripheral.elf  > "test_peripheral.list"
   text	   data	    bss	    dec	    hex	filename
  33544	    500	   2332	  36376	   8e18	test_peripheral.elf
Finished building: default.size.stdout
 
Finished building: test_peripheral.list
 
16:38:21 **** Incremental Build of configuration Debug for project test_peripheral ****
make -j12 all 
arm-none-eabi-gcc "../app/Screen.c" -mcpu=cortex-m3 -std=gnu11 -g3 -DDEBUG -DUSE_HAL_DRIVER -DSTM32F103xB -c -I../Core/Inc -I../Drivers/STM32F1xx_HAL_Driver/Inc/Legacy -I../Drivers/STM32F1xx_HAL_Driver/Inc -I../Drivers/CMSIS/Device/ST/STM32F1xx/Include -I../Drivers/CMSIS/Include -O0 -ffunction-sections -fdata-sections -Wall -fstack-usage -fcyclomatic-complexity -MMD -MP -MF"app/Screen.d" -MT"app/Screen.o" --specs=nano.specs -mfloat-abi=soft -mthumb -o "app/Screen.o"
arm-none-eabi-gcc "../Core/Src/main.c" -mcpu=cortex-m3 -std=gnu11 -g3 -DDEBUG -DUSE_HAL_DRIVER -DSTM32F103xB -c -I../Core/Inc -I../Drivers/STM32F1xx_HAL_Driver/Inc/Legacy -I../Drivers/STM32F1xx_HAL_Driver/Inc -I../Drivers/CMSIS/Device/ST/STM32F1xx/Include -I../Drivers/CMSIS/Include -O0 -ffunction-sections -fdata-sections -Wall -fstack-usage -fcyclomatic-complexity -MMD -MP -MF"Core/Src/main.d" -MT"Core/Src/main.o" --specs=nano.specs -mfloat-abi=soft -mthumb -o "Core/Src/main.o"
arm-none-eabi-gcc -o "test_peripheral.elf" @"objects.list"   -mcpu=cortex-m3 -T"F:\UTE\DATN\Code\test_peripheral\STM32F103C8TX_FLASH.ld" --specs=nosys.specs -Wl,-Map="test_peripheral.map" -Wl,--gc-sections -static --specs=nano.specs -mfloat-abi=soft -mthumb -u _printf_float -u _scanf_float -Wl,--start-group -lc -lm -Wl,--end-group
Finished building target: test_peripheral.elf
 
arm-none-eabi-size  test_peripheral.elf 
arm-none-eabi-objdump -h -S test_peripheral.elf  > "test_peripheral.list"
   text	   data	    bss	    dec	    hex	filename
  33560	    500	   2332	  36392	   8e28	test_peripheral.elf
Finished building: default.size.stdout
 
Finished building: test_peripheral.list
 
16:54:00 **** Incremental Build of configuration Debug for project test_peripheral ****
make -j12 all 
arm-none-eabi-gcc "../lib/DWIN_HMI.c" -mcpu=cortex-m3 -std=gnu11 -g3 -DDEBUG -DUSE_HAL_DRIVER -DSTM32F103xB -c -I../Core/Inc -I../Drivers/STM32F1xx_HAL_Driver/Inc/Legacy -I../Drivers/STM32F1xx_HAL_Driver/Inc -I../Drivers/CMSIS/Device/ST/STM32F1xx/Include -I../Drivers/CMSIS/Include -O0 -ffunction-sections -fdata-sections -Wall -fstack-usage -fcyclomatic-complexity -MMD -MP -MF"lib/DWIN_HMI.d" -MT"lib/DWIN_HMI.o" --specs=nano.specs -mfloat-abi=soft -mthumb -o "lib/DWIN_HMI.o"
arm-none-eabi-gcc "../app/Screen.c" -mcpu=cortex-m3 -std=gnu11 -g3 -DDEBUG -DUSE_HAL_DRIVER -DSTM32F103xB -c -I../Core/Inc -I../Drivers/STM32F1xx_HAL_Driver/Inc/Legacy -I../Drivers/STM32F1xx_HAL_Driver/Inc -I../Drivers/CMSIS/Device/ST/STM32F1xx/Include -I../Drivers/CMSIS/Include -O0 -ffunction-sections -fdata-sections -Wall -fstack-usage -fcyclomatic-complexity -MMD -MP -MF"app/Screen.d" -MT"app/Screen.o" --specs=nano.specs -mfloat-abi=soft -mthumb -o "app/Screen.o"
arm-none-eabi-gcc "../Core/Src/main.c" -mcpu=cortex-m3 -std=gnu11 -g3 -DDEBUG -DUSE_HAL_DRIVER -DSTM32F103xB -c -I../Core/Inc -I../Drivers/STM32F1xx_HAL_Driver/Inc/Legacy -I../Drivers/STM32F1xx_HAL_Driver/Inc -I../Drivers/CMSIS/Device/ST/STM32F1xx/Include -I../Drivers/CMSIS/Include -O0 -ffunction-sections -fdata-sections -Wall -fstack-usage -fcyclomatic-complexity -MMD -MP -MF"Core/Src/main.d" -MT"Core/Src/main.o" --specs=nano.specs -mfloat-abi=soft -mthumb -o "Core/Src/main.o"
../lib/DWIN_HMI.c: In function 'DWIN_Listen':
../lib/DWIN_HMI.c:155:65: warning: passing argument 3 of 'pDwin->p_ListenDWIN_Callback' makes pointer from integer without a cast [-Wint-conversion]
  155 |                 pDwin->p_ListenDWIN_Callback(VPaddress,lastByte,message_ASCII);
      |                                                                 ^~~~~~~~~~~~~
      |                                                                 |
      |                                                                 uint8_t {aka unsigned char}
../lib/DWIN_HMI.c:155:65: note: expected 'uint8_t *' {aka 'unsigned char *'} but argument is of type 'uint8_t' {aka 'unsigned char'}
arm-none-eabi-gcc -o "test_peripheral.elf" @"objects.list"   -mcpu=cortex-m3 -T"F:\UTE\DATN\Code\test_peripheral\STM32F103C8TX_FLASH.ld" --specs=nosys.specs -Wl,-Map="test_peripheral.map" -Wl,--gc-sections -static --specs=nano.specs -mfloat-abi=soft -mthumb -u _printf_float -u _scanf_float -Wl,--start-group -lc -lm -Wl,--end-group
Finished building target: test_peripheral.elf
 
arm-none-eabi-size  test_peripheral.elf 
arm-none-eabi-objdump -h -S test_peripheral.elf  > "test_peripheral.list"
   text	   data	    bss	    dec	    hex	filename
  33808	    500	   2332	  36640	   8f20	test_peripheral.elf
Finished building: default.size.stdout
 
Finished building: test_peripheral.list
 
16:55:12 **** Incremental Build of configuration Debug for project test_peripheral ****
make -j12 all 
arm-none-eabi-size  test_peripheral.elf 
   text	   data	    bss	    dec	    hex	filename
  33808	    500	   2332	  36640	   8f20	test_peripheral.elf
Finished building: default.size.stdout
 
16:55:36 **** Incremental Build of configuration Debug for project test_peripheral ****
make -j12 all 
arm-none-eabi-gcc "../app/Screen.c" -mcpu=cortex-m3 -std=gnu11 -g3 -DDEBUG -DUSE_HAL_DRIVER -DSTM32F103xB -c -I../Core/Inc -I../Drivers/STM32F1xx_HAL_Driver/Inc/Legacy -I../Drivers/STM32F1xx_HAL_Driver/Inc -I../Drivers/CMSIS/Device/ST/STM32F1xx/Include -I../Drivers/CMSIS/Include -O0 -ffunction-sections -fdata-sections -Wall -fstack-usage -fcyclomatic-complexity -MMD -MP -MF"app/Screen.d" -MT"app/Screen.o" --specs=nano.specs -mfloat-abi=soft -mthumb -o "app/Screen.o"
arm-none-eabi-gcc -o "test_peripheral.elf" @"objects.list"   -mcpu=cortex-m3 -T"F:\UTE\DATN\Code\test_peripheral\STM32F103C8TX_FLASH.ld" --specs=nosys.specs -Wl,-Map="test_peripheral.map" -Wl,--gc-sections -static --specs=nano.specs -mfloat-abi=soft -mthumb -u _printf_float -u _scanf_float -Wl,--start-group -lc -lm -Wl,--end-group
Finished building target: test_peripheral.elf
 
arm-none-eabi-size  test_peripheral.elf 
arm-none-eabi-objdump -h -S test_peripheral.elf  > "test_peripheral.list"
   text	   data	    bss	    dec	    hex	filename
  33808	    500	   2332	  36640	   8f20	test_peripheral.elf
Finished building: default.size.stdout
 
Finished building: test_peripheral.list
 
17:33:15 **** Incremental Build of configuration Debug for project test_peripheral ****
make -j12 all 
arm-none-eabi-gcc "../lib/DWIN_HMI.c" -mcpu=cortex-m3 -std=gnu11 -g3 -DDEBUG -DUSE_HAL_DRIVER -DSTM32F103xB -c -I../Core/Inc -I../Drivers/STM32F1xx_HAL_Driver/Inc/Legacy -I../Drivers/STM32F1xx_HAL_Driver/Inc -I../Drivers/CMSIS/Device/ST/STM32F1xx/Include -I../Drivers/CMSIS/Include -O0 -ffunction-sections -fdata-sections -Wall -fstack-usage -fcyclomatic-complexity -MMD -MP -MF"lib/DWIN_HMI.d" -MT"lib/DWIN_HMI.o" --specs=nano.specs -mfloat-abi=soft -mthumb -o "lib/DWIN_HMI.o"
arm-none-eabi-gcc "../app/Screen.c" -mcpu=cortex-m3 -std=gnu11 -g3 -DDEBUG -DUSE_HAL_DRIVER -DSTM32F103xB -c -I../Core/Inc -I../Drivers/STM32F1xx_HAL_Driver/Inc/Legacy -I../Drivers/STM32F1xx_HAL_Driver/Inc -I../Drivers/CMSIS/Device/ST/STM32F1xx/Include -I../Drivers/CMSIS/Include -O0 -ffunction-sections -fdata-sections -Wall -fstack-usage -fcyclomatic-complexity -MMD -MP -MF"app/Screen.d" -MT"app/Screen.o" --specs=nano.specs -mfloat-abi=soft -mthumb -o "app/Screen.o"
arm-none-eabi-gcc "../Core/Src/main.c" -mcpu=cortex-m3 -std=gnu11 -g3 -DDEBUG -DUSE_HAL_DRIVER -DSTM32F103xB -c -I../Core/Inc -I../Drivers/STM32F1xx_HAL_Driver/Inc/Legacy -I../Drivers/STM32F1xx_HAL_Driver/Inc -I../Drivers/CMSIS/Device/ST/STM32F1xx/Include -I../Drivers/CMSIS/Include -O0 -ffunction-sections -fdata-sections -Wall -fstack-usage -fcyclomatic-complexity -MMD -MP -MF"Core/Src/main.d" -MT"Core/Src/main.o" --specs=nano.specs -mfloat-abi=soft -mthumb -o "Core/Src/main.o"
In file included from ../Core/Src/main.c:25:
../Core/Src/../../app/Screen.h:71:5: error: expected ',' or '}' before 'MAX_VALUE_SIG_ON_OFF'
   71 |     MAX_VALUE_SIG_ON_OFF
      |     ^~~~~~~~~~~~~~~~~~~~
In file included from ../app/Screen.c:1:
../app/Screen.h:71:5: error: expected ',' or '}' before 'MAX_VALUE_SIG_ON_OFF'
   71 |     MAX_VALUE_SIG_ON_OFF
      |     ^~~~~~~~~~~~~~~~~~~~
../app/Screen.c:85:6: error: conflicting types for 'Screen_RX_Callback'; have 'void(uint16_t,  uint8_t,  uint8_t)' {aka 'void(short unsigned int,  unsigned char,  unsigned char)'}
   85 | void Screen_RX_Callback(uint16_t Vpaddress, uint8_t lowByte, uint8_t highByte) {
      |      ^~~~~~~~~~~~~~~~~~
../app/Screen.h:208:6: note: previous declaration of 'Screen_RX_Callback' with type 'void(uint16_t,  uint16_t,  uint8_t)' {aka 'void(short unsigned int,  short unsigned int,  unsigned char)'}
  208 | void Screen_RX_Callback(uint16_t Vpaddress, uint16_t lastByte, uint8_t ASCII_Code);
      |      ^~~~~~~~~~~~~~~~~~
make: *** [Core/Src/subdir.mk:34: Core/Src/main.o] Error 1
make: *** Waiting for unfinished jobs....
../app/Screen.c: In function 'Screen_init_handler_table':
../app/Screen.c:216:46: error: 'MAX_VALUE_SIG_ON_OFF' undeclared (first use in this function); did you mean 'MAX_VALUE_SIG_NAVIGATE'?
  216 |     static handler_func a_handler_on_off_sig[MAX_VALUE_SIG_ON_OFF] = {NULL};
      |                                              ^~~~~~~~~~~~~~~~~~~~
      |                                              MAX_VALUE_SIG_NAVIGATE
../app/Screen.c:216:46: note: each undeclared identifier is reported only once for each function it appears in
../app/Screen.c:216:25: warning: unused variable 'a_handler_on_off_sig' [-Wunused-variable]
  216 |     static handler_func a_handler_on_off_sig[MAX_VALUE_SIG_ON_OFF] = {NULL};
      |                         ^~~~~~~~~~~~~~~~~~~~
make: *** [app/subdir.mk:19: app/Screen.o] Error 1
"make -j12 all" terminated with exit code 2. Build might be incomplete.
17:33:26 **** Incremental Build of configuration Debug for project test_peripheral ****
make -j12 all 
arm-none-eabi-gcc "../app/Screen.c" -mcpu=cortex-m3 -std=gnu11 -g3 -DDEBUG -DUSE_HAL_DRIVER -DSTM32F103xB -c -I../Core/Inc -I../Drivers/STM32F1xx_HAL_Driver/Inc/Legacy -I../Drivers/STM32F1xx_HAL_Driver/Inc -I../Drivers/CMSIS/Device/ST/STM32F1xx/Include -I../Drivers/CMSIS/Include -O0 -ffunction-sections -fdata-sections -Wall -fstack-usage -fcyclomatic-complexity -MMD -MP -MF"app/Screen.d" -MT"app/Screen.o" --specs=nano.specs -mfloat-abi=soft -mthumb -o "app/Screen.o"
arm-none-eabi-gcc "../Core/Src/main.c" -mcpu=cortex-m3 -std=gnu11 -g3 -DDEBUG -DUSE_HAL_DRIVER -DSTM32F103xB -c -I../Core/Inc -I../Drivers/STM32F1xx_HAL_Driver/Inc/Legacy -I../Drivers/STM32F1xx_HAL_Driver/Inc -I../Drivers/CMSIS/Device/ST/STM32F1xx/Include -I../Drivers/CMSIS/Include -O0 -ffunction-sections -fdata-sections -Wall -fstack-usage -fcyclomatic-complexity -MMD -MP -MF"Core/Src/main.d" -MT"Core/Src/main.o" --specs=nano.specs -mfloat-abi=soft -mthumb -o "Core/Src/main.o"
../app/Screen.c:85:6: error: conflicting types for 'Screen_RX_Callback'; have 'void(uint16_t,  uint8_t,  uint8_t)' {aka 'void(short unsigned int,  unsigned char,  unsigned char)'}
   85 | void Screen_RX_Callback(uint16_t Vpaddress, uint8_t lowByte, uint8_t highByte) {
      |      ^~~~~~~~~~~~~~~~~~
In file included from ../app/Screen.c:1:
../app/Screen.h:207:6: note: previous declaration of 'Screen_RX_Callback' with type 'void(uint16_t,  uint16_t,  uint8_t)' {aka 'void(short unsigned int,  short unsigned int,  unsigned char)'}
  207 | void Screen_RX_Callback(uint16_t Vpaddress, uint16_t lastByte, uint8_t ASCII_Code);
      |      ^~~~~~~~~~~~~~~~~~
make: *** [app/subdir.mk:19: app/Screen.o] Error 1
make: *** Waiting for unfinished jobs....
"make -j12 all" terminated with exit code 2. Build might be incomplete.
17:33:53 **** Incremental Build of configuration Debug for project test_peripheral ****
make -j12 all 
arm-none-eabi-gcc "../app/Screen.c" -mcpu=cortex-m3 -std=gnu11 -g3 -DDEBUG -DUSE_HAL_DRIVER -DSTM32F103xB -c -I../Core/Inc -I../Drivers/STM32F1xx_HAL_Driver/Inc/Legacy -I../Drivers/STM32F1xx_HAL_Driver/Inc -I../Drivers/CMSIS/Device/ST/STM32F1xx/Include -I../Drivers/CMSIS/Include -O0 -ffunction-sections -fdata-sections -Wall -fstack-usage -fcyclomatic-complexity -MMD -MP -MF"app/Screen.d" -MT"app/Screen.o" --specs=nano.specs -mfloat-abi=soft -mthumb -o "app/Screen.o"
arm-none-eabi-gcc "../Core/Src/main.c" -mcpu=cortex-m3 -std=gnu11 -g3 -DDEBUG -DUSE_HAL_DRIVER -DSTM32F103xB -c -I../Core/Inc -I../Drivers/STM32F1xx_HAL_Driver/Inc/Legacy -I../Drivers/STM32F1xx_HAL_Driver/Inc -I../Drivers/CMSIS/Device/ST/STM32F1xx/Include -I../Drivers/CMSIS/Include -O0 -ffunction-sections -fdata-sections -Wall -fstack-usage -fcyclomatic-complexity -MMD -MP -MF"Core/Src/main.d" -MT"Core/Src/main.o" --specs=nano.specs -mfloat-abi=soft -mthumb -o "Core/Src/main.o"
arm-none-eabi-gcc -o "test_peripheral.elf" @"objects.list"   -mcpu=cortex-m3 -T"F:\UTE\DATN\Code\test_peripheral\STM32F103C8TX_FLASH.ld" --specs=nosys.specs -Wl,-Map="test_peripheral.map" -Wl,--gc-sections -static --specs=nano.specs -mfloat-abi=soft -mthumb -u _printf_float -u _scanf_float -Wl,--start-group -lc -lm -Wl,--end-group
Finished building target: test_peripheral.elf
 
arm-none-eabi-size  test_peripheral.elf 
arm-none-eabi-objdump -h -S test_peripheral.elf  > "test_peripheral.list"
   text	   data	    bss	    dec	    hex	filename
  33512	    500	   2340	  36352	   8e00	test_peripheral.elf
Finished building: default.size.stdout
 
Finished building: test_peripheral.list
 
17:33:57 **** Incremental Build of configuration Debug for project test_peripheral ****
make -j12 all 
arm-none-eabi-size  test_peripheral.elf 
   text	   data	    bss	    dec	    hex	filename
  33512	    500	   2340	  36352	   8e00	test_peripheral.elf
Finished building: default.size.stdout
 
17:35:49 **** Incremental Build of configuration Debug for project test_peripheral ****
make -j12 all 
arm-none-eabi-size  test_peripheral.elf 
   text	   data	    bss	    dec	    hex	filename
  33512	    500	   2340	  36352	   8e00	test_peripheral.elf
Finished building: default.size.stdout
 
10:33:57 **** Incremental Build of configuration Debug for project test_peripheral ****
make -j12 all 
arm-none-eabi-gcc "../app/Screen.c" -mcpu=cortex-m3 -std=gnu11 -g3 -DDEBUG -DUSE_HAL_DRIVER -DSTM32F103xB -c -I../Core/Inc -I../Drivers/STM32F1xx_HAL_Driver/Inc/Legacy -I../Drivers/STM32F1xx_HAL_Driver/Inc -I../Drivers/CMSIS/Device/ST/STM32F1xx/Include -I../Drivers/CMSIS/Include -O0 -ffunction-sections -fdata-sections -Wall -fstack-usage -fcyclomatic-complexity -MMD -MP -MF"app/Screen.d" -MT"app/Screen.o" --specs=nano.specs -mfloat-abi=soft -mthumb -o "app/Screen.o"
arm-none-eabi-gcc "../Core/Src/main.c" -mcpu=cortex-m3 -std=gnu11 -g3 -DDEBUG -DUSE_HAL_DRIVER -DSTM32F103xB -c -I../Core/Inc -I../Drivers/STM32F1xx_HAL_Driver/Inc/Legacy -I../Drivers/STM32F1xx_HAL_Driver/Inc -I../Drivers/CMSIS/Device/ST/STM32F1xx/Include -I../Drivers/CMSIS/Include -O0 -ffunction-sections -fdata-sections -Wall -fstack-usage -fcyclomatic-complexity -MMD -MP -MF"Core/Src/main.d" -MT"Core/Src/main.o" --specs=nano.specs -mfloat-abi=soft -mthumb -o "Core/Src/main.o"
../app/Screen.c: In function 'Select_program_button':
../app/Screen.c:157:86: warning: pointer targets in passing argument 3 of 'DWIN_SetText' differ in signedness [-Wpointer-sign]
  157 |     DWIN_SetText((Dwin_t *)screen_obj,VP_Name_IC,screen_obj->Program_Testx[programID].Name_IC,strlen((char *)screen_obj->Program_Testx[programID].Name_IC));
      |                                                  ~~~~~~~~~~~~~~~~~~~~~~~~~~~~~~~~~~~~^~~~~~~~
      |                                                                                      |
      |                                                                                      char *
In file included from ../app/Screen.h:7,
                 from ../app/Screen.c:1:
../app/../lib/DWIN_HMI.h:28:64: note: expected 'uint8_t *' {aka 'unsigned char *'} but argument is of type 'char *'
   28 | void DWIN_SetText(Dwin_t *pDwin, uint16_t VP_address, uint8_t *textData, uint16_t datalen);
      |                                                       ~~~~~~~~~^~~~~~~~
../app/Screen.c:158:93: warning: pointer targets in passing argument 3 of 'DWIN_SetText' differ in signedness [-Wpointer-sign]
  158 |     DWIN_SetText((Dwin_t *)screen_obj,VP_Description_IC,screen_obj->Program_Testx[programID].Description_IC,strlen((char *)screen_obj->Program_Testx[programID].Description_IC));
      |                                                         ~~~~~~~~~~~~~~~~~~~~~~~~~~~~~~~~~~~~^~~~~~~~~~~~~~~
      |                                                                                             |
      |                                                                                             char *
../app/../lib/DWIN_HMI.h:28:64: note: expected 'uint8_t *' {aka 'unsigned char *'} but argument is of type 'char *'
   28 | void DWIN_SetText(Dwin_t *pDwin, uint16_t VP_address, uint8_t *textData, uint16_t datalen);
      |                                                       ~~~~~~~~~^~~~~~~~
../app/Screen.c:159:105: warning: cast to pointer from integer of different size [-Wint-to-pointer-cast]
  159 |     DWIN_SetText((Dwin_t *)screen_obj,VP_Num_IC_Test,screen_obj->Program_Testx[programID].num_IC,strlen((char *)screen_obj->Program_Testx[programID].num_IC));
      |                                                                                                         ^
../app/Screen.c:159:90: warning: passing argument 3 of 'DWIN_SetText' makes pointer from integer without a cast [-Wint-conversion]
  159 |     DWIN_SetText((Dwin_t *)screen_obj,VP_Num_IC_Test,screen_obj->Program_Testx[programID].num_IC,strlen((char *)screen_obj->Program_Testx[programID].num_IC));
      |                                                      ~~~~~~~~~~~~~~~~~~~~~~~~~~~~~~~~~~~~^~~~~~~
      |                                                                                          |
      |                                                                                          uint8_t {aka unsigned char}
../app/../lib/DWIN_HMI.h:28:64: note: expected 'uint8_t *' {aka 'unsigned char *'} but argument is of type 'uint8_t' {aka 'unsigned char'}
   28 | void DWIN_SetText(Dwin_t *pDwin, uint16_t VP_address, uint8_t *textData, uint16_t datalen);
      |                                                       ~~~~~~~~~^~~~~~~~
../app/Screen.c: In function 'Screen_Init_Variable':
../app/Screen.c:342:53: warning: assignment to 'uint8_t' {aka 'unsigned char'} from 'char *' makes integer from pointer without a cast [-Wint-conversion]
  342 |     obj_screen->Program_Testx[PROGRAM_TEST1].num_IC = "5";
      |                                                     ^
../app/Screen.c:346:53: warning: assignment to 'uint8_t' {aka 'unsigned char'} from 'char *' makes integer from pointer without a cast [-Wint-conversion]
  346 |     obj_screen->Program_Testx[PROGRAM_TEST2].num_IC = "10";
      |                                                     ^
../app/Screen.c:350:53: warning: assignment to 'uint8_t' {aka 'unsigned char'} from 'char *' makes integer from pointer without a cast [-Wint-conversion]
  350 |     obj_screen->Program_Testx[PROGRAM_TEST3].num_IC = "15";
      |                                                     ^
../app/Screen.c:354:53: warning: assignment to 'uint8_t' {aka 'unsigned char'} from 'char *' makes integer from pointer without a cast [-Wint-conversion]
  354 |     obj_screen->Program_Testx[PROGRAM_TEST4].num_IC = "20";
      |                                                     ^
arm-none-eabi-gcc -o "test_peripheral.elf" @"objects.list"   -mcpu=cortex-m3 -T"F:\UTE\DATN\Code\test_peripheral\STM32F103C8TX_FLASH.ld" --specs=nosys.specs -Wl,-Map="test_peripheral.map" -Wl,--gc-sections -static --specs=nano.specs -mfloat-abi=soft -mthumb -u _printf_float -u _scanf_float -Wl,--start-group -lc -lm -Wl,--end-group
Finished building target: test_peripheral.elf
 
arm-none-eabi-size  test_peripheral.elf 
arm-none-eabi-objdump -h -S test_peripheral.elf  > "test_peripheral.list"
   text	   data	    bss	    dec	    hex	filename
  34288	    500	   2340	  37128	   9108	test_peripheral.elf
Finished building: default.size.stdout
 
Finished building: test_peripheral.list
 
10:40:52 **** Incremental Build of configuration Debug for project test_peripheral ****
make -j12 all 
arm-none-eabi-size  test_peripheral.elf 
   text	   data	    bss	    dec	    hex	filename
  34288	    500	   2340	  37128	   9108	test_peripheral.elf
Finished building: default.size.stdout
 
10:46:35 **** Incremental Build of configuration Debug for project test_peripheral ****
make -j12 all 
arm-none-eabi-size  test_peripheral.elf 
   text	   data	    bss	    dec	    hex	filename
  34288	    500	   2340	  37128	   9108	test_peripheral.elf
Finished building: default.size.stdout
 
10:47:56 **** Incremental Build of configuration Debug for project test_peripheral ****
make -j12 all 
arm-none-eabi-size  test_peripheral.elf 
   text	   data	    bss	    dec	    hex	filename
  34288	    500	   2340	  37128	   9108	test_peripheral.elf
Finished building: default.size.stdout
 
10:49:11 **** Incremental Build of configuration Debug for project test_peripheral ****
make -j12 all 
arm-none-eabi-size  test_peripheral.elf 
   text	   data	    bss	    dec	    hex	filename
  34288	    500	   2340	  37128	   9108	test_peripheral.elf
Finished building: default.size.stdout
 
10:52:28 **** Incremental Build of configuration Debug for project test_peripheral ****
make -j12 all 
arm-none-eabi-size  test_peripheral.elf 
   text	   data	    bss	    dec	    hex	filename
  34288	    500	   2340	  37128	   9108	test_peripheral.elf
Finished building: default.size.stdout
 
11:00:10 **** Incremental Build of configuration Debug for project test_peripheral ****
make -j12 all 
arm-none-eabi-gcc "../app/Screen.c" -mcpu=cortex-m3 -std=gnu11 -g3 -DDEBUG -DUSE_HAL_DRIVER -DSTM32F103xB -c -I../Core/Inc -I../Drivers/STM32F1xx_HAL_Driver/Inc/Legacy -I../Drivers/STM32F1xx_HAL_Driver/Inc -I../Drivers/CMSIS/Device/ST/STM32F1xx/Include -I../Drivers/CMSIS/Include -O0 -ffunction-sections -fdata-sections -Wall -fstack-usage -fcyclomatic-complexity -MMD -MP -MF"app/Screen.d" -MT"app/Screen.o" --specs=nano.specs -mfloat-abi=soft -mthumb -o "app/Screen.o"
arm-none-eabi-gcc "../Core/Src/main.c" -mcpu=cortex-m3 -std=gnu11 -g3 -DDEBUG -DUSE_HAL_DRIVER -DSTM32F103xB -c -I../Core/Inc -I../Drivers/STM32F1xx_HAL_Driver/Inc/Legacy -I../Drivers/STM32F1xx_HAL_Driver/Inc -I../Drivers/CMSIS/Device/ST/STM32F1xx/Include -I../Drivers/CMSIS/Include -O0 -ffunction-sections -fdata-sections -Wall -fstack-usage -fcyclomatic-complexity -MMD -MP -MF"Core/Src/main.d" -MT"Core/Src/main.o" --specs=nano.specs -mfloat-abi=soft -mthumb -o "Core/Src/main.o"
../app/Screen.c: In function 'Select_program_button':
../app/Screen.c:157:86: warning: pointer targets in passing argument 3 of 'DWIN_SetText' differ in signedness [-Wpointer-sign]
  157 |     DWIN_SetText((Dwin_t *)screen_obj,VP_Name_IC,screen_obj->Program_Testx[programID].Name_IC,strlen((char *)screen_obj->Program_Testx[programID].Name_IC));
      |                                                  ~~~~~~~~~~~~~~~~~~~~~~~~~~~~~~~~~~~~^~~~~~~~
      |                                                                                      |
      |                                                                                      char *
In file included from ../app/Screen.h:7,
                 from ../app/Screen.c:1:
../app/../lib/DWIN_HMI.h:28:64: note: expected 'uint8_t *' {aka 'unsigned char *'} but argument is of type 'char *'
   28 | void DWIN_SetText(Dwin_t *pDwin, uint16_t VP_address, uint8_t *textData, uint16_t datalen);
      |                                                       ~~~~~~~~~^~~~~~~~
../app/Screen.c:158:93: warning: pointer targets in passing argument 3 of 'DWIN_SetText' differ in signedness [-Wpointer-sign]
  158 |     DWIN_SetText((Dwin_t *)screen_obj,VP_Description_IC,screen_obj->Program_Testx[programID].Description_IC,strlen((char *)screen_obj->Program_Testx[programID].Description_IC));
      |                                                         ~~~~~~~~~~~~~~~~~~~~~~~~~~~~~~~~~~~~^~~~~~~~~~~~~~~
      |                                                                                             |
      |                                                                                             char *
../app/../lib/DWIN_HMI.h:28:64: note: expected 'uint8_t *' {aka 'unsigned char *'} but argument is of type 'char *'
   28 | void DWIN_SetText(Dwin_t *pDwin, uint16_t VP_address, uint8_t *textData, uint16_t datalen);
      |                                                       ~~~~~~~~~^~~~~~~~
../app/Screen.c:159:105: warning: cast to pointer from integer of different size [-Wint-to-pointer-cast]
  159 |     DWIN_SetText((Dwin_t *)screen_obj,VP_Num_IC_Test,screen_obj->Program_Testx[programID].num_IC,strlen((char *)screen_obj->Program_Testx[programID].num_IC));
      |                                                                                                         ^
../app/Screen.c:159:90: warning: passing argument 3 of 'DWIN_SetText' makes pointer from integer without a cast [-Wint-conversion]
  159 |     DWIN_SetText((Dwin_t *)screen_obj,VP_Num_IC_Test,screen_obj->Program_Testx[programID].num_IC,strlen((char *)screen_obj->Program_Testx[programID].num_IC));
      |                                                      ~~~~~~~~~~~~~~~~~~~~~~~~~~~~~~~~~~~~^~~~~~~
      |                                                                                          |
      |                                                                                          uint8_t {aka unsigned char}
../app/../lib/DWIN_HMI.h:28:64: note: expected 'uint8_t *' {aka 'unsigned char *'} but argument is of type 'uint8_t' {aka 'unsigned char'}
   28 | void DWIN_SetText(Dwin_t *pDwin, uint16_t VP_address, uint8_t *textData, uint16_t datalen);
      |                                                       ~~~~~~~~~^~~~~~~~
../app/Screen.c: In function 'Screen_Init_Variable':
../app/Screen.c:342:53: warning: assignment to 'uint8_t' {aka 'unsigned char'} from 'char *' makes integer from pointer without a cast [-Wint-conversion]
  342 |     obj_screen->Program_Testx[PROGRAM_TEST1].num_IC = "5";
      |                                                     ^
../app/Screen.c:346:53: warning: assignment to 'uint8_t' {aka 'unsigned char'} from 'char *' makes integer from pointer without a cast [-Wint-conversion]
  346 |     obj_screen->Program_Testx[PROGRAM_TEST2].num_IC = "10";
      |                                                     ^
../app/Screen.c:350:53: warning: assignment to 'uint8_t' {aka 'unsigned char'} from 'char *' makes integer from pointer without a cast [-Wint-conversion]
  350 |     obj_screen->Program_Testx[PROGRAM_TEST3].num_IC = "15";
      |                                                     ^
../app/Screen.c:354:53: warning: assignment to 'uint8_t' {aka 'unsigned char'} from 'char *' makes integer from pointer without a cast [-Wint-conversion]
  354 |     obj_screen->Program_Testx[PROGRAM_TEST4].num_IC = "20";
      |                                                     ^
arm-none-eabi-gcc -o "test_peripheral.elf" @"objects.list"   -mcpu=cortex-m3 -T"F:\UTE\DATN\Code\test_peripheral\STM32F103C8TX_FLASH.ld" --specs=nosys.specs -Wl,-Map="test_peripheral.map" -Wl,--gc-sections -static --specs=nano.specs -mfloat-abi=soft -mthumb -u _printf_float -u _scanf_float -Wl,--start-group -lc -lm -Wl,--end-group
Finished building target: test_peripheral.elf
 
arm-none-eabi-size  test_peripheral.elf 
arm-none-eabi-objdump -h -S test_peripheral.elf  > "test_peripheral.list"
   text	   data	    bss	    dec	    hex	filename
  34288	    500	   2340	  37128	   9108	test_peripheral.elf
Finished building: default.size.stdout
 
Finished building: test_peripheral.list
 
11:05:22 **** Incremental Build of configuration Debug for project test_peripheral ****
make -j12 all 
arm-none-eabi-gcc "../app/Screen.c" -mcpu=cortex-m3 -std=gnu11 -g3 -DDEBUG -DUSE_HAL_DRIVER -DSTM32F103xB -c -I../Core/Inc -I../Drivers/STM32F1xx_HAL_Driver/Inc/Legacy -I../Drivers/STM32F1xx_HAL_Driver/Inc -I../Drivers/CMSIS/Device/ST/STM32F1xx/Include -I../Drivers/CMSIS/Include -O0 -ffunction-sections -fdata-sections -Wall -fstack-usage -fcyclomatic-complexity -MMD -MP -MF"app/Screen.d" -MT"app/Screen.o" --specs=nano.specs -mfloat-abi=soft -mthumb -o "app/Screen.o"
../app/Screen.c: In function 'Select_program_button':
../app/Screen.c:158:86: warning: pointer targets in passing argument 3 of 'DWIN_SetText' differ in signedness [-Wpointer-sign]
  158 |     DWIN_SetText((Dwin_t *)screen_obj,VP_Name_IC,screen_obj->Program_Testx[programID].Name_IC,strlen((char *)screen_obj->Program_Testx[programID].Name_IC));
      |                                                  ~~~~~~~~~~~~~~~~~~~~~~~~~~~~~~~~~~~~^~~~~~~~
      |                                                                                      |
      |                                                                                      char *
In file included from ../app/Screen.h:7,
                 from ../app/Screen.c:1:
../app/../lib/DWIN_HMI.h:28:64: note: expected 'uint8_t *' {aka 'unsigned char *'} but argument is of type 'char *'
   28 | void DWIN_SetText(Dwin_t *pDwin, uint16_t VP_address, uint8_t *textData, uint16_t datalen);
      |                                                       ~~~~~~~~~^~~~~~~~
../app/Screen.c:159:93: warning: pointer targets in passing argument 3 of 'DWIN_SetText' differ in signedness [-Wpointer-sign]
  159 |     DWIN_SetText((Dwin_t *)screen_obj,VP_Description_IC,screen_obj->Program_Testx[programID].Description_IC,strlen((char *)screen_obj->Program_Testx[programID].Description_IC));
      |                                                         ~~~~~~~~~~~~~~~~~~~~~~~~~~~~~~~~~~~~^~~~~~~~~~~~~~~
      |                                                                                             |
      |                                                                                             char *
../app/../lib/DWIN_HMI.h:28:64: note: expected 'uint8_t *' {aka 'unsigned char *'} but argument is of type 'char *'
   28 | void DWIN_SetText(Dwin_t *pDwin, uint16_t VP_address, uint8_t *textData, uint16_t datalen);
      |                                                       ~~~~~~~~~^~~~~~~~
../app/Screen.c:160:105: warning: cast to pointer from integer of different size [-Wint-to-pointer-cast]
  160 |     DWIN_SetText((Dwin_t *)screen_obj,VP_Num_IC_Test,screen_obj->Program_Testx[programID].num_IC,strlen((char *)screen_obj->Program_Testx[programID].num_IC));
      |                                                                                                         ^
../app/Screen.c:160:90: warning: passing argument 3 of 'DWIN_SetText' makes pointer from integer without a cast [-Wint-conversion]
  160 |     DWIN_SetText((Dwin_t *)screen_obj,VP_Num_IC_Test,screen_obj->Program_Testx[programID].num_IC,strlen((char *)screen_obj->Program_Testx[programID].num_IC));
      |                                                      ~~~~~~~~~~~~~~~~~~~~~~~~~~~~~~~~~~~~^~~~~~~
      |                                                                                          |
      |                                                                                          uint8_t {aka unsigned char}
../app/../lib/DWIN_HMI.h:28:64: note: expected 'uint8_t *' {aka 'unsigned char *'} but argument is of type 'uint8_t' {aka 'unsigned char'}
   28 | void DWIN_SetText(Dwin_t *pDwin, uint16_t VP_address, uint8_t *textData, uint16_t datalen);
      |                                                       ~~~~~~~~~^~~~~~~~
../app/Screen.c: In function 'Screen_Init_Variable':
../app/Screen.c:343:53: warning: assignment to 'uint8_t' {aka 'unsigned char'} from 'char *' makes integer from pointer without a cast [-Wint-conversion]
  343 |     obj_screen->Program_Testx[PROGRAM_TEST1].num_IC = "5";
      |                                                     ^
../app/Screen.c:347:53: warning: assignment to 'uint8_t' {aka 'unsigned char'} from 'char *' makes integer from pointer without a cast [-Wint-conversion]
  347 |     obj_screen->Program_Testx[PROGRAM_TEST2].num_IC = "10";
      |                                                     ^
../app/Screen.c:351:53: warning: assignment to 'uint8_t' {aka 'unsigned char'} from 'char *' makes integer from pointer without a cast [-Wint-conversion]
  351 |     obj_screen->Program_Testx[PROGRAM_TEST3].num_IC = "15";
      |                                                     ^
../app/Screen.c:355:53: warning: assignment to 'uint8_t' {aka 'unsigned char'} from 'char *' makes integer from pointer without a cast [-Wint-conversion]
  355 |     obj_screen->Program_Testx[PROGRAM_TEST4].num_IC = "20";
      |                                                     ^
arm-none-eabi-gcc -o "test_peripheral.elf" @"objects.list"   -mcpu=cortex-m3 -T"F:\UTE\DATN\Code\test_peripheral\STM32F103C8TX_FLASH.ld" --specs=nosys.specs -Wl,-Map="test_peripheral.map" -Wl,--gc-sections -static --specs=nano.specs -mfloat-abi=soft -mthumb -u _printf_float -u _scanf_float -Wl,--start-group -lc -lm -Wl,--end-group
Finished building target: test_peripheral.elf
 
arm-none-eabi-size  test_peripheral.elf 
arm-none-eabi-objdump -h -S test_peripheral.elf  > "test_peripheral.list"
   text	   data	    bss	    dec	    hex	filename
  34296	    500	   2340	  37136	   9110	test_peripheral.elf
Finished building: default.size.stdout
 
Finished building: test_peripheral.list
 
11:05:29 **** Incremental Build of configuration Debug for project test_peripheral ****
make -j12 all 
arm-none-eabi-size  test_peripheral.elf 
   text	   data	    bss	    dec	    hex	filename
  34296	    500	   2340	  37136	   9110	test_peripheral.elf
Finished building: default.size.stdout
 
11:06:42 **** Incremental Build of configuration Debug for project test_peripheral ****
make -j12 all 
arm-none-eabi-gcc "../app/Screen.c" -mcpu=cortex-m3 -std=gnu11 -g3 -DDEBUG -DUSE_HAL_DRIVER -DSTM32F103xB -c -I../Core/Inc -I../Drivers/STM32F1xx_HAL_Driver/Inc/Legacy -I../Drivers/STM32F1xx_HAL_Driver/Inc -I../Drivers/CMSIS/Device/ST/STM32F1xx/Include -I../Drivers/CMSIS/Include -O0 -ffunction-sections -fdata-sections -Wall -fstack-usage -fcyclomatic-complexity -MMD -MP -MF"app/Screen.d" -MT"app/Screen.o" --specs=nano.specs -mfloat-abi=soft -mthumb -o "app/Screen.o"
../app/Screen.c: In function 'Select_program_button':
../app/Screen.c:158:86: warning: pointer targets in passing argument 3 of 'DWIN_SetText' differ in signedness [-Wpointer-sign]
  158 |     DWIN_SetText((Dwin_t *)screen_obj,VP_Name_IC,screen_obj->Program_Testx[programID].Name_IC,strlen((char *)screen_obj->Program_Testx[programID].Name_IC));
      |                                                  ~~~~~~~~~~~~~~~~~~~~~~~~~~~~~~~~~~~~^~~~~~~~
      |                                                                                      |
      |                                                                                      char *
In file included from ../app/Screen.h:7,
                 from ../app/Screen.c:1:
../app/../lib/DWIN_HMI.h:28:64: note: expected 'uint8_t *' {aka 'unsigned char *'} but argument is of type 'char *'
   28 | void DWIN_SetText(Dwin_t *pDwin, uint16_t VP_address, uint8_t *textData, uint16_t datalen);
      |                                                       ~~~~~~~~~^~~~~~~~
../app/Screen.c:159:93: warning: pointer targets in passing argument 3 of 'DWIN_SetText' differ in signedness [-Wpointer-sign]
  159 |     DWIN_SetText((Dwin_t *)screen_obj,VP_Description_IC,screen_obj->Program_Testx[programID].Description_IC,strlen((char *)screen_obj->Program_Testx[programID].Description_IC));
      |                                                         ~~~~~~~~~~~~~~~~~~~~~~~~~~~~~~~~~~~~^~~~~~~~~~~~~~~
      |                                                                                             |
      |                                                                                             char *
../app/../lib/DWIN_HMI.h:28:64: note: expected 'uint8_t *' {aka 'unsigned char *'} but argument is of type 'char *'
   28 | void DWIN_SetText(Dwin_t *pDwin, uint16_t VP_address, uint8_t *textData, uint16_t datalen);
      |                                                       ~~~~~~~~~^~~~~~~~
../app/Screen.c:160:105: warning: cast to pointer from integer of different size [-Wint-to-pointer-cast]
  160 |     DWIN_SetText((Dwin_t *)screen_obj,VP_Num_IC_Test,screen_obj->Program_Testx[programID].num_IC,strlen((char *)screen_obj->Program_Testx[programID].num_IC));
      |                                                                                                         ^
../app/Screen.c:160:90: warning: passing argument 3 of 'DWIN_SetText' makes pointer from integer without a cast [-Wint-conversion]
  160 |     DWIN_SetText((Dwin_t *)screen_obj,VP_Num_IC_Test,screen_obj->Program_Testx[programID].num_IC,strlen((char *)screen_obj->Program_Testx[programID].num_IC));
      |                                                      ~~~~~~~~~~~~~~~~~~~~~~~~~~~~~~~~~~~~^~~~~~~
      |                                                                                          |
      |                                                                                          uint8_t {aka unsigned char}
../app/../lib/DWIN_HMI.h:28:64: note: expected 'uint8_t *' {aka 'unsigned char *'} but argument is of type 'uint8_t' {aka 'unsigned char'}
   28 | void DWIN_SetText(Dwin_t *pDwin, uint16_t VP_address, uint8_t *textData, uint16_t datalen);
      |                                                       ~~~~~~~~~^~~~~~~~
../app/Screen.c: In function 'Screen_Init_Variable':
../app/Screen.c:343:53: warning: assignment to 'uint8_t' {aka 'unsigned char'} from 'char *' makes integer from pointer without a cast [-Wint-conversion]
  343 |     obj_screen->Program_Testx[PROGRAM_TEST1].num_IC = "5";
      |                                                     ^
../app/Screen.c:347:53: warning: assignment to 'uint8_t' {aka 'unsigned char'} from 'char *' makes integer from pointer without a cast [-Wint-conversion]
  347 |     obj_screen->Program_Testx[PROGRAM_TEST2].num_IC = "10";
      |                                                     ^
../app/Screen.c:351:53: warning: assignment to 'uint8_t' {aka 'unsigned char'} from 'char *' makes integer from pointer without a cast [-Wint-conversion]
  351 |     obj_screen->Program_Testx[PROGRAM_TEST3].num_IC = "15";
      |                                                     ^
../app/Screen.c:355:53: warning: assignment to 'uint8_t' {aka 'unsigned char'} from 'char *' makes integer from pointer without a cast [-Wint-conversion]
  355 |     obj_screen->Program_Testx[PROGRAM_TEST4].num_IC = "20";
      |                                                     ^
arm-none-eabi-gcc -o "test_peripheral.elf" @"objects.list"   -mcpu=cortex-m3 -T"F:\UTE\DATN\Code\test_peripheral\STM32F103C8TX_FLASH.ld" --specs=nosys.specs -Wl,-Map="test_peripheral.map" -Wl,--gc-sections -static --specs=nano.specs -mfloat-abi=soft -mthumb -u _printf_float -u _scanf_float -Wl,--start-group -lc -lm -Wl,--end-group
Finished building target: test_peripheral.elf
 
arm-none-eabi-size  test_peripheral.elf 
arm-none-eabi-objdump -h -S test_peripheral.elf  > "test_peripheral.list"
   text	   data	    bss	    dec	    hex	filename
  34296	    500	   2340	  37136	   9110	test_peripheral.elf
Finished building: default.size.stdout
 
Finished building: test_peripheral.list
 
11:09:27 **** Incremental Build of configuration Debug for project test_peripheral ****
make -j12 all 
arm-none-eabi-gcc "../app/Screen.c" -mcpu=cortex-m3 -std=gnu11 -g3 -DDEBUG -DUSE_HAL_DRIVER -DSTM32F103xB -c -I../Core/Inc -I../Drivers/STM32F1xx_HAL_Driver/Inc/Legacy -I../Drivers/STM32F1xx_HAL_Driver/Inc -I../Drivers/CMSIS/Device/ST/STM32F1xx/Include -I../Drivers/CMSIS/Include -O0 -ffunction-sections -fdata-sections -Wall -fstack-usage -fcyclomatic-complexity -MMD -MP -MF"app/Screen.d" -MT"app/Screen.o" --specs=nano.specs -mfloat-abi=soft -mthumb -o "app/Screen.o"
../app/Screen.c: In function 'Select_program_button':
../app/Screen.c:158:86: warning: pointer targets in passing argument 3 of 'DWIN_SetText' differ in signedness [-Wpointer-sign]
  158 |     DWIN_SetText((Dwin_t *)screen_obj,VP_Name_IC,screen_obj->Program_Testx[programID].Name_IC,strlen((char *)screen_obj->Program_Testx[programID].Name_IC));
      |                                                  ~~~~~~~~~~~~~~~~~~~~~~~~~~~~~~~~~~~~^~~~~~~~
      |                                                                                      |
      |                                                                                      char *
In file included from ../app/Screen.h:7,
                 from ../app/Screen.c:1:
../app/../lib/DWIN_HMI.h:28:64: note: expected 'uint8_t *' {aka 'unsigned char *'} but argument is of type 'char *'
   28 | void DWIN_SetText(Dwin_t *pDwin, uint16_t VP_address, uint8_t *textData, uint16_t datalen);
      |                                                       ~~~~~~~~~^~~~~~~~
../app/Screen.c:159:93: warning: pointer targets in passing argument 3 of 'DWIN_SetText' differ in signedness [-Wpointer-sign]
  159 |     DWIN_SetText((Dwin_t *)screen_obj,VP_Description_IC,screen_obj->Program_Testx[programID].Description_IC,strlen((char *)screen_obj->Program_Testx[programID].Description_IC));
      |                                                         ~~~~~~~~~~~~~~~~~~~~~~~~~~~~~~~~~~~~^~~~~~~~~~~~~~~
      |                                                                                             |
      |                                                                                             char *
../app/../lib/DWIN_HMI.h:28:64: note: expected 'uint8_t *' {aka 'unsigned char *'} but argument is of type 'char *'
   28 | void DWIN_SetText(Dwin_t *pDwin, uint16_t VP_address, uint8_t *textData, uint16_t datalen);
      |                                                       ~~~~~~~~~^~~~~~~~
../app/Screen.c:160:105: warning: cast to pointer from integer of different size [-Wint-to-pointer-cast]
  160 |     DWIN_SetText((Dwin_t *)screen_obj,VP_Num_IC_Test,screen_obj->Program_Testx[programID].num_IC,strlen((char *)screen_obj->Program_Testx[programID].num_IC));
      |                                                                                                         ^
../app/Screen.c:160:90: warning: passing argument 3 of 'DWIN_SetText' makes pointer from integer without a cast [-Wint-conversion]
  160 |     DWIN_SetText((Dwin_t *)screen_obj,VP_Num_IC_Test,screen_obj->Program_Testx[programID].num_IC,strlen((char *)screen_obj->Program_Testx[programID].num_IC));
      |                                                      ~~~~~~~~~~~~~~~~~~~~~~~~~~~~~~~~~~~~^~~~~~~
      |                                                                                          |
      |                                                                                          uint8_t {aka unsigned char}
../app/../lib/DWIN_HMI.h:28:64: note: expected 'uint8_t *' {aka 'unsigned char *'} but argument is of type 'uint8_t' {aka 'unsigned char'}
   28 | void DWIN_SetText(Dwin_t *pDwin, uint16_t VP_address, uint8_t *textData, uint16_t datalen);
      |                                                       ~~~~~~~~~^~~~~~~~
../app/Screen.c: In function 'Screen_Init_Variable':
../app/Screen.c:343:53: warning: assignment to 'uint8_t' {aka 'unsigned char'} from 'char *' makes integer from pointer without a cast [-Wint-conversion]
  343 |     obj_screen->Program_Testx[PROGRAM_TEST1].num_IC = "74HC4051";
      |                                                     ^
../app/Screen.c:347:53: warning: assignment to 'uint8_t' {aka 'unsigned char'} from 'char *' makes integer from pointer without a cast [-Wint-conversion]
  347 |     obj_screen->Program_Testx[PROGRAM_TEST2].num_IC = "10";
      |                                                     ^
../app/Screen.c:351:53: warning: assignment to 'uint8_t' {aka 'unsigned char'} from 'char *' makes integer from pointer without a cast [-Wint-conversion]
  351 |     obj_screen->Program_Testx[PROGRAM_TEST3].num_IC = "15";
      |                                                     ^
../app/Screen.c:355:53: warning: assignment to 'uint8_t' {aka 'unsigned char'} from 'char *' makes integer from pointer without a cast [-Wint-conversion]
  355 |     obj_screen->Program_Testx[PROGRAM_TEST4].num_IC = "20";
      |                                                     ^
arm-none-eabi-gcc -o "test_peripheral.elf" @"objects.list"   -mcpu=cortex-m3 -T"F:\UTE\DATN\Code\test_peripheral\STM32F103C8TX_FLASH.ld" --specs=nosys.specs -Wl,-Map="test_peripheral.map" -Wl,--gc-sections -static --specs=nano.specs -mfloat-abi=soft -mthumb -u _printf_float -u _scanf_float -Wl,--start-group -lc -lm -Wl,--end-group
Finished building target: test_peripheral.elf
 
arm-none-eabi-size  test_peripheral.elf 
arm-none-eabi-objdump -h -S test_peripheral.elf  > "test_peripheral.list"
   text	   data	    bss	    dec	    hex	filename
  34296	    500	   2340	  37136	   9110	test_peripheral.elf
Finished building: default.size.stdout
 
Finished building: test_peripheral.list
 
11:10:32 **** Incremental Build of configuration Debug for project test_peripheral ****
make -j12 all 
arm-none-eabi-gcc "../app/Screen.c" -mcpu=cortex-m3 -std=gnu11 -g3 -DDEBUG -DUSE_HAL_DRIVER -DSTM32F103xB -c -I../Core/Inc -I../Drivers/STM32F1xx_HAL_Driver/Inc/Legacy -I../Drivers/STM32F1xx_HAL_Driver/Inc -I../Drivers/CMSIS/Device/ST/STM32F1xx/Include -I../Drivers/CMSIS/Include -O0 -ffunction-sections -fdata-sections -Wall -fstack-usage -fcyclomatic-complexity -MMD -MP -MF"app/Screen.d" -MT"app/Screen.o" --specs=nano.specs -mfloat-abi=soft -mthumb -o "app/Screen.o"
arm-none-eabi-gcc "../Core/Src/main.c" -mcpu=cortex-m3 -std=gnu11 -g3 -DDEBUG -DUSE_HAL_DRIVER -DSTM32F103xB -c -I../Core/Inc -I../Drivers/STM32F1xx_HAL_Driver/Inc/Legacy -I../Drivers/STM32F1xx_HAL_Driver/Inc -I../Drivers/CMSIS/Device/ST/STM32F1xx/Include -I../Drivers/CMSIS/Include -O0 -ffunction-sections -fdata-sections -Wall -fstack-usage -fcyclomatic-complexity -MMD -MP -MF"Core/Src/main.d" -MT"Core/Src/main.o" --specs=nano.specs -mfloat-abi=soft -mthumb -o "Core/Src/main.o"
../app/Screen.c: In function 'Select_program_button':
../app/Screen.c:158:86: warning: pointer targets in passing argument 3 of 'DWIN_SetText' differ in signedness [-Wpointer-sign]
  158 |     DWIN_SetText((Dwin_t *)screen_obj,VP_Name_IC,screen_obj->Program_Testx[programID].Name_IC,strlen((char *)screen_obj->Program_Testx[programID].Name_IC));
      |                                                  ~~~~~~~~~~~~~~~~~~~~~~~~~~~~~~~~~~~~^~~~~~~~
      |                                                                                      |
      |                                                                                      char *
In file included from ../app/Screen.h:7,
                 from ../app/Screen.c:1:
../app/../lib/DWIN_HMI.h:28:64: note: expected 'uint8_t *' {aka 'unsigned char *'} but argument is of type 'char *'
   28 | void DWIN_SetText(Dwin_t *pDwin, uint16_t VP_address, uint8_t *textData, uint16_t datalen);
      |                                                       ~~~~~~~~~^~~~~~~~
../app/Screen.c:159:93: warning: pointer targets in passing argument 3 of 'DWIN_SetText' differ in signedness [-Wpointer-sign]
  159 |     DWIN_SetText((Dwin_t *)screen_obj,VP_Description_IC,screen_obj->Program_Testx[programID].Description_IC,strlen((char *)screen_obj->Program_Testx[programID].Description_IC));
      |                                                         ~~~~~~~~~~~~~~~~~~~~~~~~~~~~~~~~~~~~^~~~~~~~~~~~~~~
      |                                                                                             |
      |                                                                                             char *
../app/../lib/DWIN_HMI.h:28:64: note: expected 'uint8_t *' {aka 'unsigned char *'} but argument is of type 'char *'
   28 | void DWIN_SetText(Dwin_t *pDwin, uint16_t VP_address, uint8_t *textData, uint16_t datalen);
      |                                                       ~~~~~~~~~^~~~~~~~
../app/Screen.c:160:90: warning: pointer targets in passing argument 3 of 'DWIN_SetText' differ in signedness [-Wpointer-sign]
  160 |     DWIN_SetText((Dwin_t *)screen_obj,VP_Num_IC_Test,screen_obj->Program_Testx[programID].num_IC,strlen((char *)screen_obj->Program_Testx[programID].num_IC));
      |                                                      ~~~~~~~~~~~~~~~~~~~~~~~~~~~~~~~~~~~~^~~~~~~
      |                                                                                          |
      |                                                                                          char *
../app/../lib/DWIN_HMI.h:28:64: note: expected 'uint8_t *' {aka 'unsigned char *'} but argument is of type 'char *'
   28 | void DWIN_SetText(Dwin_t *pDwin, uint16_t VP_address, uint8_t *textData, uint16_t datalen);
      |                                                       ~~~~~~~~~^~~~~~~~
arm-none-eabi-gcc -o "test_peripheral.elf" @"objects.list"   -mcpu=cortex-m3 -T"F:\UTE\DATN\Code\test_peripheral\STM32F103C8TX_FLASH.ld" --specs=nosys.specs -Wl,-Map="test_peripheral.map" -Wl,--gc-sections -static --specs=nano.specs -mfloat-abi=soft -mthumb -u _printf_float -u _scanf_float -Wl,--start-group -lc -lm -Wl,--end-group
Finished building target: test_peripheral.elf
 
arm-none-eabi-size  test_peripheral.elf 
arm-none-eabi-objdump -h -S test_peripheral.elf  > "test_peripheral.list"
   text	   data	    bss	    dec	    hex	filename
  34288	    500	   2356	  37144	   9118	test_peripheral.elf
Finished building: default.size.stdout
 
Finished building: test_peripheral.list
 
11:37:09 **** Incremental Build of configuration Debug for project test_peripheral ****
make -j12 all 
arm-none-eabi-gcc "../app/Screen.c" -mcpu=cortex-m3 -std=gnu11 -g3 -DDEBUG -DUSE_HAL_DRIVER -DSTM32F103xB -c -I../Core/Inc -I../Drivers/STM32F1xx_HAL_Driver/Inc/Legacy -I../Drivers/STM32F1xx_HAL_Driver/Inc -I../Drivers/CMSIS/Device/ST/STM32F1xx/Include -I../Drivers/CMSIS/Include -O0 -ffunction-sections -fdata-sections -Wall -fstack-usage -fcyclomatic-complexity -MMD -MP -MF"app/Screen.d" -MT"app/Screen.o" --specs=nano.specs -mfloat-abi=soft -mthumb -o "app/Screen.o"
../app/Screen.c: In function 'Select_program_button':
../app/Screen.c:155:39: error: variable-sized object may not be initialized except with an empty initializer
  155 |     char Text_Name_IC[size_Name_IC] = "IC Name: ";
      |                                       ^~~~~~~~~~~
../app/Screen.c:156:53: error: variable-sized object may not be initialized except with an empty initializer
  156 |     char Text_Description_IC[size_Description_IC] = "IC Description: ";
      |                                                     ^~~~~~~~~~~~~~~~~~
../app/Screen.c:157:37: error: variable-sized object may not be initialized except with an empty initializer
  157 |     char Text_Num_IC[size_Num_IC] = "Number of ICs: ";
      |                                     ^~~~~~~~~~~~~~~~~
../app/Screen.c:170:50: warning: pointer targets in passing argument 3 of 'DWIN_SetText' differ in signedness [-Wpointer-sign]
  170 |     DWIN_SetText((Dwin_t *)screen_obj,VP_Name_IC,Text_Name_IC,size_Name_IC);
      |                                                  ^~~~~~~~~~~~
      |                                                  |
      |                                                  char *
In file included from ../app/Screen.h:7,
                 from ../app/Screen.c:1:
../app/../lib/DWIN_HMI.h:28:64: note: expected 'uint8_t *' {aka 'unsigned char *'} but argument is of type 'char *'
   28 | void DWIN_SetText(Dwin_t *pDwin, uint16_t VP_address, uint8_t *textData, uint16_t datalen);
      |                                                       ~~~~~~~~~^~~~~~~~
../app/Screen.c:171:57: warning: pointer targets in passing argument 3 of 'DWIN_SetText' differ in signedness [-Wpointer-sign]
  171 |     DWIN_SetText((Dwin_t *)screen_obj,VP_Description_IC,Text_Description_IC,size_Description_IC);
      |                                                         ^~~~~~~~~~~~~~~~~~~
      |                                                         |
      |                                                         char *
../app/../lib/DWIN_HMI.h:28:64: note: expected 'uint8_t *' {aka 'unsigned char *'} but argument is of type 'char *'
   28 | void DWIN_SetText(Dwin_t *pDwin, uint16_t VP_address, uint8_t *textData, uint16_t datalen);
      |                                                       ~~~~~~~~~^~~~~~~~
../app/Screen.c:172:54: warning: pointer targets in passing argument 3 of 'DWIN_SetText' differ in signedness [-Wpointer-sign]
  172 |     DWIN_SetText((Dwin_t *)screen_obj,VP_Num_IC_Test,Text_Num_IC,size_Num_IC);
      |                                                      ^~~~~~~~~~~
      |                                                      |
      |                                                      char *
../app/../lib/DWIN_HMI.h:28:64: note: expected 'uint8_t *' {aka 'unsigned char *'} but argument is of type 'char *'
   28 | void DWIN_SetText(Dwin_t *pDwin, uint16_t VP_address, uint8_t *textData, uint16_t datalen);
      |                                                       ~~~~~~~~~^~~~~~~~
make: *** [app/subdir.mk:19: app/Screen.o] Error 1
"make -j12 all" terminated with exit code 2. Build might be incomplete.
11:37:41 **** Incremental Build of configuration Debug for project test_peripheral ****
make -j12 all 
arm-none-eabi-gcc "../app/Screen.c" -mcpu=cortex-m3 -std=gnu11 -g3 -DDEBUG -DUSE_HAL_DRIVER -DSTM32F103xB -c -I../Core/Inc -I../Drivers/STM32F1xx_HAL_Driver/Inc/Legacy -I../Drivers/STM32F1xx_HAL_Driver/Inc -I../Drivers/CMSIS/Device/ST/STM32F1xx/Include -I../Drivers/CMSIS/Include -O0 -ffunction-sections -fdata-sections -Wall -fstack-usage -fcyclomatic-complexity -MMD -MP -MF"app/Screen.d" -MT"app/Screen.o" --specs=nano.specs -mfloat-abi=soft -mthumb -o "app/Screen.o"
../app/Screen.c: In function 'Select_program_button':
../app/Screen.c:155:38: error: variable-sized object may not be initialized except with an empty initializer
  155 |     char Text_Name_IC[size_Name_IC] ="IC Name: ";
      |                                      ^~~~~~~~~~~
../app/Screen.c:156:52: error: variable-sized object may not be initialized except with an empty initializer
  156 |     char Text_Description_IC[size_Description_IC] ="IC Description: ";
      |                                                    ^~~~~~~~~~~~~~~~~~
../app/Screen.c:157:36: error: variable-sized object may not be initialized except with an empty initializer
  157 |     char Text_Num_IC[size_Num_IC] ="Number of ICs: ";
      |                                    ^~~~~~~~~~~~~~~~~
../app/Screen.c:170:50: warning: pointer targets in passing argument 3 of 'DWIN_SetText' differ in signedness [-Wpointer-sign]
  170 |     DWIN_SetText((Dwin_t *)screen_obj,VP_Name_IC,Text_Name_IC,size_Name_IC);
      |                                                  ^~~~~~~~~~~~
      |                                                  |
      |                                                  char *
In file included from ../app/Screen.h:7,
                 from ../app/Screen.c:1:
../app/../lib/DWIN_HMI.h:28:64: note: expected 'uint8_t *' {aka 'unsigned char *'} but argument is of type 'char *'
   28 | void DWIN_SetText(Dwin_t *pDwin, uint16_t VP_address, uint8_t *textData, uint16_t datalen);
      |                                                       ~~~~~~~~~^~~~~~~~
../app/Screen.c:171:57: warning: pointer targets in passing argument 3 of 'DWIN_SetText' differ in signedness [-Wpointer-sign]
  171 |     DWIN_SetText((Dwin_t *)screen_obj,VP_Description_IC,Text_Description_IC,size_Description_IC);
      |                                                         ^~~~~~~~~~~~~~~~~~~
      |                                                         |
      |                                                         char *
../app/../lib/DWIN_HMI.h:28:64: note: expected 'uint8_t *' {aka 'unsigned char *'} but argument is of type 'char *'
   28 | void DWIN_SetText(Dwin_t *pDwin, uint16_t VP_address, uint8_t *textData, uint16_t datalen);
      |                                                       ~~~~~~~~~^~~~~~~~
../app/Screen.c:172:54: warning: pointer targets in passing argument 3 of 'DWIN_SetText' differ in signedness [-Wpointer-sign]
  172 |     DWIN_SetText((Dwin_t *)screen_obj,VP_Num_IC_Test,Text_Num_IC,size_Num_IC);
      |                                                      ^~~~~~~~~~~
      |                                                      |
      |                                                      char *
../app/../lib/DWIN_HMI.h:28:64: note: expected 'uint8_t *' {aka 'unsigned char *'} but argument is of type 'char *'
   28 | void DWIN_SetText(Dwin_t *pDwin, uint16_t VP_address, uint8_t *textData, uint16_t datalen);
      |                                                       ~~~~~~~~~^~~~~~~~
make: *** [app/subdir.mk:19: app/Screen.o] Error 1
"make -j12 all" terminated with exit code 2. Build might be incomplete.
11:56:41 **** Incremental Build of configuration Debug for project test_peripheral ****
make -j12 all 
arm-none-eabi-gcc "../app/Screen.c" -mcpu=cortex-m3 -std=gnu11 -g3 -DDEBUG -DUSE_HAL_DRIVER -DSTM32F103xB -c -I../Core/Inc -I../Drivers/STM32F1xx_HAL_Driver/Inc/Legacy -I../Drivers/STM32F1xx_HAL_Driver/Inc -I../Drivers/CMSIS/Device/ST/STM32F1xx/Include -I../Drivers/CMSIS/Include -O0 -ffunction-sections -fdata-sections -Wall -fstack-usage -fcyclomatic-complexity -MMD -MP -MF"app/Screen.d" -MT"app/Screen.o" --specs=nano.specs -mfloat-abi=soft -mthumb -o "app/Screen.o"
../app/Screen.c: In function 'Select_program_button':
../app/Screen.c:173:50: warning: pointer targets in passing argument 3 of 'DWIN_SetText' differ in signedness [-Wpointer-sign]
  173 |     DWIN_SetText((Dwin_t *)screen_obj,VP_Name_IC,Text_Name_IC,size_Name_IC);
      |                                                  ^~~~~~~~~~~~
      |                                                  |
      |                                                  char *
[...]
      |                                                                                                       char *
../app/../lib/DWIN_HMI.h:28:64: note: expected 'uint8_t *' {aka 'unsigned char *'} but argument is of type 'char *'
   28 | void DWIN_SetText(Dwin_t *pDwin, uint16_t VP_address, uint8_t *textData, uint16_t datalen);
      |                                                       ~~~~~~~~~^~~~~~~~
arm-none-eabi-gcc -o "test_peripheral.elf" @"objects.list"   -mcpu=cortex-m3 -T"F:\UTE\DATN\Code\test_peripheral\STM32F103C8TX_FLASH.ld" --specs=nosys.specs -Wl,-Map="test_peripheral.map" -Wl,--gc-sections -static --specs=nano.specs -mfloat-abi=soft -mthumb -u _printf_float -u _scanf_float -Wl,--start-group -lc -lm -Wl,--end-group
Finished building target: test_peripheral.elf
 
arm-none-eabi-size  test_peripheral.elf 
arm-none-eabi-objdump -h -S test_peripheral.elf  > "test_peripheral.list"
   text	   data	    bss	    dec	    hex	filename
  37324	    516	   2404	  40244	   9d34	test_peripheral.elf
Finished building: default.size.stdout
 
Finished building: test_peripheral.list
 
21:22:33 **** Incremental Build of configuration Debug for project test_peripheral ****
make -j12 all 
arm-none-eabi-gcc "../app/Screen.c" -mcpu=cortex-m3 -std=gnu11 -g3 -DDEBUG -DUSE_HAL_DRIVER -DSTM32F103xB -c -I../Core/Inc -I../Drivers/STM32F1xx_HAL_Driver/Inc/Legacy -I../Drivers/STM32F1xx_HAL_Driver/Inc -I../Drivers/CMSIS/Device/ST/STM32F1xx/Include -I../Drivers/CMSIS/Include -O0 -ffunction-sections -fdata-sections -Wall -fstack-usage -fcyclomatic-complexity -MMD -MP -MF"app/Screen.d" -MT"app/Screen.o" --specs=nano.specs -mfloat-abi=soft -mthumb -o "app/Screen.o"
arm-none-eabi-gcc "../Core/Src/main.c" -mcpu=cortex-m3 -std=gnu11 -g3 -DDEBUG -DUSE_HAL_DRIVER -DSTM32F103xB -c -I../Core/Inc -I../Drivers/STM32F1xx_HAL_Driver/Inc/Legacy -I../Drivers/STM32F1xx_HAL_Driver/Inc -I../Drivers/CMSIS/Device/ST/STM32F1xx/Include -I../Drivers/CMSIS/Include -O0 -ffunction-sections -fdata-sections -Wall -fstack-usage -fcyclomatic-complexity -MMD -MP -MF"Core/Src/main.d" -MT"Core/Src/main.o" --specs=nano.specs -mfloat-abi=soft -mthumb -o "Core/Src/main.o"
../app/Screen.c: In function 'Screen_begin':
../app/Screen.c:94:24: warning: passing argument 1 of 'DWIN_SetArray_Icon' from incompatible pointer type [-Wincompatible-pointer-types]
   94 |     DWIN_SetArray_Icon(&_Screen,VP_ICON_DIRECTION_PIN,_Screen.IC_Testerx[PROGRAM_TEST1].config_pin,16);
      |                        ^~~~~~~~
      |                        |
      |                        Screen_t *
In file included from ../app/Screen.h:7,
                 from ../app/Screen.c:1:
../app/../lib/DWIN_HMI.h:31:33: note: expected 'Dwin_t *' but argument is of type 'Screen_t *'
   31 | void DWIN_SetArray_Icon(Dwin_t *pDwin, uint16_t VP_address_begin, uint8_t *data_array, uint8_t data_length );
      |                         ~~~~~~~~^~~~~
../app/Screen.c:94:88: warning: pointer targets in passing argument 3 of 'DWIN_SetArray_Icon' differ in signedness [-Wpointer-sign]
   94 |     DWIN_SetArray_Icon(&_Screen,VP_ICON_DIRECTION_PIN,_Screen.IC_Testerx[PROGRAM_TEST1].config_pin,16);
      |                                                       ~~~~~~~~~~~~~~~~~~~~~~~~~~~~~~~~~^~~~~~~~~~~
      |                                                                                        |
      |                                                                                        char *
../app/../lib/DWIN_HMI.h:31:76: note: expected 'uint8_t *' {aka 'unsigned char *'} but argument is of type 'char *'
   31 | void DWIN_SetArray_Icon(Dwin_t *pDwin, uint16_t VP_address_begin, uint8_t *data_array, uint8_t data_length );
      |                                                                   ~~~~~~~~~^~~~~~~~~~
../app/Screen.c:96:24: warning: passing argument 1 of 'DWIN_SetArray_Icon' from incompatible pointer type [-Wincompatible-pointer-types]
   96 |     DWIN_SetArray_Icon(&_Screen,VP_ICON_RESULT,_Screen.IC_Testerx[PROGRAM_TEST1].data_result[0],16);
      |                        ^~~~~~~~
      |                        |
      |                        Screen_t *
../app/../lib/DWIN_HMI.h:31:33: note: expected 'Dwin_t *' but argument is of type 'Screen_t *'
   31 | void DWIN_SetArray_Icon(Dwin_t *pDwin, uint16_t VP_address_begin, uint8_t *data_array, uint8_t data_length );
      |                         ~~~~~~~~^~~~~
../app/Screen.c:96:93: warning: pointer targets in passing argument 3 of 'DWIN_SetArray_Icon' differ in signedness [-Wpointer-sign]
   96 |     DWIN_SetArray_Icon(&_Screen,VP_ICON_RESULT,_Screen.IC_Testerx[PROGRAM_TEST1].data_result[0],16);
      |                                                ~~~~~~~~~~~~~~~~~~~~~~~~~~~~~~~~~~~~~~~~~~~~~^~~
      |                                                                                             |
      |                                                                                             char *
../app/../lib/DWIN_HMI.h:31:76: note: expected 'uint8_t *' {aka 'unsigned char *'} but argument is of type 'char *'
   31 | void DWIN_SetArray_Icon(Dwin_t *pDwin, uint16_t VP_address_begin, uint8_t *data_array, uint8_t data_length );
      |                                                                   ~~~~~~~~~^~~~~~~~~~
../app/Screen.c:110:13: warning: unused variable 'data' [-Wunused-variable]
  110 |     uint8_t data[15] = {1,1,0,0,1,0,0,1,1,0,0,0,1,1,0};
      |             ^~~~
../app/Screen.c: In function 'Screen_RX_Callback':
../app/Screen.c:155:57: warning: suggest parentheses around arithmetic in operand of '|' [-Wparentheses]
  155 |         screen_event.keyvalue = (uint16_t)((highByte<<8)&0xFF | lowByte&0xFF);
      |                                            ~~~~~~~~~~~~~^~~~~
../app/Screen.c: In function 'Navigation_Change_MainPage':
../app/Screen.c:214:109: warning: pointer targets in passing argument 3 of 'DWIN_SetText' differ in signedness [-Wpointer-sign]
  214 |             DWIN_SetText((Dwin_t *)screen_obj,VP_Name_Tester,screen_obj->IC_Testerx[screen_obj->curr_device].NameIC_Tester,strlen(screen_obj->IC_Testerx[screen_obj->curr_device].NameIC_Tester));
      |                                                              ~~~~~~~~~~~~~~~~~~~~~~~~~~~~~~~~~~~~~~~~~~~~~~~^~~~~~~~~~~~~~
      |                                                                                                             |
      |                                                                                                             char *
../app/../lib/DWIN_HMI.h:28:64: note: expected 'uint8_t *' {aka 'unsigned char *'} but argument is of type 'char *'
   28 | void DWIN_SetText(Dwin_t *pDwin, uint16_t VP_address, uint8_t *textData, uint16_t datalen);
      |                                                       ~~~~~~~~~^~~~~~~~
../app/Screen.c: In function 'Navigation_Change_CaseTest':
../app/Screen.c:247:59: warning: pointer targets in passing argument 3 of 'DWIN_SetText' differ in signedness [-Wpointer-sign]
  247 |     DWIN_SetText((Dwin_t *)screen_obj,VP_Show_CurrentCase,ShowCase_String,strlen(ShowCase_String));
      |                                                           ^~~~~~~~~~~~~~~
      |                                                           |
      |                                                           char *
../app/../lib/DWIN_HMI.h:28:64: note: expected 'uint8_t *' {aka 'unsigned char *'} but argument is of type 'char *'
   28 | void DWIN_SetText(Dwin_t *pDwin, uint16_t VP_address, uint8_t *textData, uint16_t datalen);
      |                                                       ~~~~~~~~~^~~~~~~~
../app/Screen.c:248:107: warning: pointer targets in passing argument 3 of 'DWIN_SetArray_Icon' differ in signedness [-Wpointer-sign]
  248 |     DWIN_SetArray_Icon((Dwin_t *)screen_obj,VP_ICON_RESULT,_Screen.IC_Testerx[selectedProgram].data_result[screen_obj->IC_Testerx[screen_obj->curr_device].curr_case],num_pin);
      |                                                            ~~~~~~~~~~~~~~~~~~~~~~~~~~~~~~~~~~~~~~~~~~~~~~~^~~~~~~~~~~~~~~~~~~~~~~~~~~~~~~~~~~~~~~~~~~~~~~~~~~~~~~~~~~
      |                                                                                                           |
      |                                                                                                           char *
../app/../lib/DWIN_HMI.h:31:76: note: expected 'uint8_t *' {aka 'unsigned char *'} but argument is of type 'char *'
   31 | void DWIN_SetArray_Icon(Dwin_t *pDwin, uint16_t VP_address_begin, uint8_t *data_array, uint8_t data_length );
      |                                                                   ~~~~~~~~~^~~~~~~~~~
../app/Screen.c: In function 'Navigation_num_keyboard':
../app/Screen.c:274:10: warning: unused variable 'UnitData_String' [-Wunused-variable]
  274 |     char UnitData_String[20] = {0};
      |          ^~~~~~~~~~~~~~~
../app/Screen.c:273:10: warning: unused variable 'TypeData_String' [-Wunused-variable]
  273 |     char TypeData_String[20] = {0};
      |          ^~~~~~~~~~~~~~~
../app/Screen.c: In function 'Screen_SetInfo_Pin':
../app/Screen.c:599:103: warning: pointer targets in passing argument 3 of 'DWIN_SetText' differ in signedness [-Wpointer-sign]
  599 |         DWIN_SetText((Dwin_t *)screen_obj,Address_VP,screen_obj->Program_Testx[PROGRAM_TEST1].data_pin[pin_x],strlen(screen_obj->Program_Testx[PROGRAM_TEST1].data_pin[pin_x]));
      |                                                      ~~~~~~~~~~~~~~~~~~~~~~~~~~~~~~~~~~~~~~~~~~~~~~~~~^~~~~~~
      |                                                                                                       |
      |                                                                                                       char *
../app/../lib/DWIN_HMI.h:28:64: note: expected 'uint8_t *' {aka 'unsigned char *'} but argument is of type 'char *'
   28 | void DWIN_SetText(Dwin_t *pDwin, uint16_t VP_address, uint8_t *textData, uint16_t datalen);
      |                                                       ~~~~~~~~~^~~~~~~~
arm-none-eabi-gcc -o "test_peripheral.elf" @"objects.list"   -mcpu=cortex-m3 -T"F:\UTE\DATN\Code\test_peripheral\STM32F103C8TX_FLASH.ld" --specs=nosys.specs -Wl,-Map="test_peripheral.map" -Wl,--gc-sections -static --specs=nano.specs -mfloat-abi=soft -mthumb -u _printf_float -u _scanf_float -Wl,--start-group -lc -lm -Wl,--end-group
Finished building target: test_peripheral.elf
 
arm-none-eabi-size  test_peripheral.elf 
arm-none-eabi-objdump -h -S test_peripheral.elf  > "test_peripheral.list"
   text	   data	    bss	    dec	    hex	filename
  37340	    516	   2404	  40260	   9d44	test_peripheral.elf
Finished building: default.size.stdout
 
Finished building: test_peripheral.list
 
21:24:33 **** Incremental Build of configuration Debug for project test_peripheral ****
make -j12 all 
arm-none-eabi-gcc "../app/Screen.c" -mcpu=cortex-m3 -std=gnu11 -g3 -DDEBUG -DUSE_HAL_DRIVER -DSTM32F103xB -c -I../Core/Inc -I../Drivers/STM32F1xx_HAL_Driver/Inc/Legacy -I../Drivers/STM32F1xx_HAL_Driver/Inc -I../Drivers/CMSIS/Device/ST/STM32F1xx/Include -I../Drivers/CMSIS/Include -O0 -ffunction-sections -fdata-sections -Wall -fstack-usage -fcyclomatic-complexity -MMD -MP -MF"app/Screen.d" -MT"app/Screen.o" --specs=nano.specs -mfloat-abi=soft -mthumb -o "app/Screen.o"
../app/Screen.c: In function 'Screen_begin':
../app/Screen.c:94:24: warning: passing argument 1 of 'DWIN_SetArray_Icon' from incompatible pointer type [-Wincompatible-pointer-types]
   94 |     DWIN_SetArray_Icon(&_Screen,VP_ICON_DIRECTION_PIN,_Screen.IC_Testerx[PROGRAM_TEST1].config_pin,16);
      |                        ^~~~~~~~
      |                        |
      |                        Screen_t *
In file included from ../app/Screen.h:7,
                 from ../app/Screen.c:1:
../app/../lib/DWIN_HMI.h:31:33: note: expected 'Dwin_t *' but argument is of type 'Screen_t *'
   31 | void DWIN_SetArray_Icon(Dwin_t *pDwin, uint16_t VP_address_begin, uint8_t *data_array, uint8_t data_length );
      |                         ~~~~~~~~^~~~~
../app/Screen.c:94:88: warning: pointer targets in passing argument 3 of 'DWIN_SetArray_Icon' differ in signedness [-Wpointer-sign]
   94 |     DWIN_SetArray_Icon(&_Screen,VP_ICON_DIRECTION_PIN,_Screen.IC_Testerx[PROGRAM_TEST1].config_pin,16);
      |                                                       ~~~~~~~~~~~~~~~~~~~~~~~~~~~~~~~~~^~~~~~~~~~~
      |                                                                                        |
      |                                                                                        char *
../app/../lib/DWIN_HMI.h:31:76: note: expected 'uint8_t *' {aka 'unsigned char *'} but argument is of type 'char *'
   31 | void DWIN_SetArray_Icon(Dwin_t *pDwin, uint16_t VP_address_begin, uint8_t *data_array, uint8_t data_length );
      |                                                                   ~~~~~~~~~^~~~~~~~~~
../app/Screen.c:96:24: warning: passing argument 1 of 'DWIN_SetArray_Icon' from incompatible pointer type [-Wincompatible-pointer-types]
   96 |     DWIN_SetArray_Icon(&_Screen,VP_ICON_RESULT,_Screen.IC_Testerx[PROGRAM_TEST1].data_result[0],16);
      |                        ^~~~~~~~
      |                        |
      |                        Screen_t *
../app/../lib/DWIN_HMI.h:31:33: note: expected 'Dwin_t *' but argument is of type 'Screen_t *'
   31 | void DWIN_SetArray_Icon(Dwin_t *pDwin, uint16_t VP_address_begin, uint8_t *data_array, uint8_t data_length );
      |                         ~~~~~~~~^~~~~
../app/Screen.c:96:93: warning: pointer targets in passing argument 3 of 'DWIN_SetArray_Icon' differ in signedness [-Wpointer-sign]
   96 |     DWIN_SetArray_Icon(&_Screen,VP_ICON_RESULT,_Screen.IC_Testerx[PROGRAM_TEST1].data_result[0],16);
      |                                                ~~~~~~~~~~~~~~~~~~~~~~~~~~~~~~~~~~~~~~~~~~~~~^~~
      |                                                                                             |
      |                                                                                             char *
../app/../lib/DWIN_HMI.h:31:76: note: expected 'uint8_t *' {aka 'unsigned char *'} but argument is of type 'char *'
   31 | void DWIN_SetArray_Icon(Dwin_t *pDwin, uint16_t VP_address_begin, uint8_t *data_array, uint8_t data_length );
      |                                                                   ~~~~~~~~~^~~~~~~~~~
../app/Screen.c:110:13: warning: unused variable 'data' [-Wunused-variable]
  110 |     uint8_t data[15] = {1,1,0,0,1,0,0,1,1,0,0,0,1,1,0};
      |             ^~~~
../app/Screen.c: In function 'Screen_RX_Callback':
../app/Screen.c:155:57: warning: suggest parentheses around arithmetic in operand of '|' [-Wparentheses]
  155 |         screen_event.keyvalue = (uint16_t)((highByte<<8)&0xFF | lowByte&0xFF);
      |                                            ~~~~~~~~~~~~~^~~~~
../app/Screen.c: In function 'Navigation_Change_MainPage':
../app/Screen.c:214:109: warning: pointer targets in passing argument 3 of 'DWIN_SetText' differ in signedness [-Wpointer-sign]
  214 |             DWIN_SetText((Dwin_t *)screen_obj,VP_Name_Tester,screen_obj->IC_Testerx[screen_obj->curr_device].NameIC_Tester,strlen(screen_obj->IC_Testerx[screen_obj->curr_device].NameIC_Tester));
      |                                                              ~~~~~~~~~~~~~~~~~~~~~~~~~~~~~~~~~~~~~~~~~~~~~~~^~~~~~~~~~~~~~
      |                                                                                                             |
      |                                                                                                             char *
../app/../lib/DWIN_HMI.h:28:64: note: expected 'uint8_t *' {aka 'unsigned char *'} but argument is of type 'char *'
   28 | void DWIN_SetText(Dwin_t *pDwin, uint16_t VP_address, uint8_t *textData, uint16_t datalen);
      |                                                       ~~~~~~~~~^~~~~~~~
../app/Screen.c: In function 'Navigation_Change_CaseTest':
../app/Screen.c:247:59: warning: pointer targets in passing argument 3 of 'DWIN_SetText' differ in signedness [-Wpointer-sign]
  247 |     DWIN_SetText((Dwin_t *)screen_obj,VP_Show_CurrentCase,ShowCase_String,strlen(ShowCase_String));
      |                                                           ^~~~~~~~~~~~~~~
      |                                                           |
      |                                                           char *
../app/../lib/DWIN_HMI.h:28:64: note: expected 'uint8_t *' {aka 'unsigned char *'} but argument is of type 'char *'
   28 | void DWIN_SetText(Dwin_t *pDwin, uint16_t VP_address, uint8_t *textData, uint16_t datalen);
      |                                                       ~~~~~~~~~^~~~~~~~
../app/Screen.c:248:107: warning: pointer targets in passing argument 3 of 'DWIN_SetArray_Icon' differ in signedness [-Wpointer-sign]
  248 |     DWIN_SetArray_Icon((Dwin_t *)screen_obj,VP_ICON_RESULT,_Screen.IC_Testerx[selectedProgram].data_result[screen_obj->IC_Testerx[screen_obj->curr_device].curr_case],num_pin);
      |                                                            ~~~~~~~~~~~~~~~~~~~~~~~~~~~~~~~~~~~~~~~~~~~~~~~^~~~~~~~~~~~~~~~~~~~~~~~~~~~~~~~~~~~~~~~~~~~~~~~~~~~~~~~~~~
      |                                                                                                           |
      |                                                                                                           char *
../app/../lib/DWIN_HMI.h:31:76: note: expected 'uint8_t *' {aka 'unsigned char *'} but argument is of type 'char *'
   31 | void DWIN_SetArray_Icon(Dwin_t *pDwin, uint16_t VP_address_begin, uint8_t *data_array, uint8_t data_length );
      |                                                                   ~~~~~~~~~^~~~~~~~~~
../app/Screen.c: In function 'Navigation_num_keyboard':
../app/Screen.c:274:10: warning: unused variable 'UnitData_String' [-Wunused-variable]
  274 |     char UnitData_String[20] = {0};
      |          ^~~~~~~~~~~~~~~
../app/Screen.c:273:10: warning: unused variable 'TypeData_String' [-Wunused-variable]
  273 |     char TypeData_String[20] = {0};
      |          ^~~~~~~~~~~~~~~
../app/Screen.c: In function 'Screen_SetInfo_Pin':
../app/Screen.c:601:103: warning: pointer targets in passing argument 3 of 'DWIN_SetText' differ in signedness [-Wpointer-sign]
  601 |         DWIN_SetText((Dwin_t *)screen_obj,Address_VP,screen_obj->Program_Testx[PROGRAM_TEST1].data_pin[pin_x],strlen(screen_obj->Program_Testx[PROGRAM_TEST1].data_pin[pin_x]));
      |                                                      ~~~~~~~~~~~~~~~~~~~~~~~~~~~~~~~~~~~~~~~~~~~~~~~~~^~~~~~~
      |                                                                                                       |
      |                                                                                                       char *
../app/../lib/DWIN_HMI.h:28:64: note: expected 'uint8_t *' {aka 'unsigned char *'} but argument is of type 'char *'
   28 | void DWIN_SetText(Dwin_t *pDwin, uint16_t VP_address, uint8_t *textData, uint16_t datalen);
      |                                                       ~~~~~~~~~^~~~~~~~
arm-none-eabi-gcc -o "test_peripheral.elf" @"objects.list"   -mcpu=cortex-m3 -T"F:\UTE\DATN\Code\test_peripheral\STM32F103C8TX_FLASH.ld" --specs=nosys.specs -Wl,-Map="test_peripheral.map" -Wl,--gc-sections -static --specs=nano.specs -mfloat-abi=soft -mthumb -u _printf_float -u _scanf_float -Wl,--start-group -lc -lm -Wl,--end-group
Finished building target: test_peripheral.elf
 
arm-none-eabi-size  test_peripheral.elf 
arm-none-eabi-objdump -h -S test_peripheral.elf  > "test_peripheral.list"
   text	   data	    bss	    dec	    hex	filename
  37356	    516	   2404	  40276	   9d54	test_peripheral.elf
Finished building: default.size.stdout
 
Finished building: test_peripheral.list
 
