13:44:07 **** Incremental Build of configuration Debug for project master ****
make -j12 all 
arm-none-eabi-gcc "../app/Screen.c" -mcpu=cortex-m3 -std=gnu11 -g3 -DDEBUG -DUSE_HAL_DRIVER -DSTM32F103xB -c -I../Core/Inc -I../Drivers/STM32F1xx_HAL_Driver/Inc/Legacy -I../Drivers/STM32F1xx_HAL_Driver/Inc -I../Drivers/CMSIS/Device/ST/STM32F1xx/Include -I../Drivers/CMSIS/Include -I../FATFS/Target -I../FATFS/App -I../Middlewares/Third_Party/FatFs/src -O0 -ffunction-sections -fdata-sections -Wall -fstack-usage -fcyclomatic-complexity -MMD -MP -MF"app/Screen.d" -MT"app/Screen.o" --specs=nano.specs -mfloat-abi=soft -mthumb -o "app/Screen.o"
../app/Screen.c: In function 'Navigation_Change_CaseTest':
../app/Screen.c:271:24: warning: passing argument 1 of 'DWIN_SetArray_Icon' from incompatible pointer type [-Wincompatible-pointer-types]
  271 |     DWIN_SetArray_Icon(screen_obj,VP_ICON_RESULT,&(screen_obj->IC_Testerx[screen_obj->curr_device].icon_result[screen_obj->IC_Testerx[screen_obj->curr_device].curr_case * num_pin]),num_pin);
      |                        ^~~~~~~~~~
      |                        |
      |                        Screen_t *
In file included from ../app/Screen.h:8,
                 from ../app/Screen.c:1:
../app/../lib/DWIN_HMI.h:32:33: note: expected 'Dwin_t *' but argument is of type 'Screen_t *'
   32 | void DWIN_SetArray_Icon(Dwin_t *pDwin, uint16_t VP_address_begin, uint8_t *data_array, uint8_t data_length );
      |                         ~~~~~~~~^~~~~
../app/Screen.c:271:50: warning: pointer targets in passing argument 3 of 'DWIN_SetArray_Icon' differ in signedness [-Wpointer-sign]
  271 |     DWIN_SetArray_Icon(screen_obj,VP_ICON_RESULT,&(screen_obj->IC_Testerx[screen_obj->curr_device].icon_result[screen_obj->IC_Testerx[screen_obj->curr_device].curr_case * num_pin]),num_pin);
      |                                                  ^~~~~~~~~~~~~~~~~~~~~~~~~~~~~~~~~~~~~~~~~~~~~~~~~~~~~~~~~~~~~~~~~~~~~~~~~~~~~~~~~~~~~~~~~~~~~~~~~~~~~~~~~~~~~~~~~~~~~~~~~~~~~~~~~~~
      |                                                  |
      |                                                  char *
../app/../lib/DWIN_HMI.h:32:76: note: expected 'uint8_t *' {aka 'unsigned char *'} but argument is of type 'char *'
   32 | void DWIN_SetArray_Icon(Dwin_t *pDwin, uint16_t VP_address_begin, uint8_t *data_array, uint8_t data_length );
      |                                                                   ~~~~~~~~~^~~~~~~~~~
../app/Screen.c: In function 'Enter_num_keyboard':
../app/Screen.c:672:36: warning: passing argument 1 of 'get_input_keyboard' from incompatible pointer type [-Wincompatible-pointer-types]
  672 |                 get_input_keyboard((Dwin_t *)screen_obj,screen_obj->Screen_keyboard.VP_Text);
      |                                    ^~~~~~~~~~~~~~~~~~~~
      |                                    |
      |                                    Dwin_t *
../app/Screen.c:33:41: note: expected 'Screen_t * const' but argument is of type 'Dwin_t *'
   33 | void get_input_keyboard(Screen_t *const screen_obj,uint16_t VP_input);
      |                         ~~~~~~~~~~~~~~~~^~~~~~~~~~
../app/Screen.c: In function 'Keyboard':
../app/Screen.c:722:32: warning: passing argument 1 of 'get_input_keyboard' from incompatible pointer type [-Wincompatible-pointer-types]
  722 |             get_input_keyboard((Dwin_t *)screen_obj,screen_obj->Screen_keyboard.VP_Text);
      |                                ^~~~~~~~~~~~~~~~~~~~
      |                                |
      |                                Dwin_t *
../app/Screen.c:33:41: note: expected 'Screen_t * const' but argument is of type 'Dwin_t *'
   33 | void get_input_keyboard(Screen_t *const screen_obj,uint16_t VP_input);
      |                         ~~~~~~~~~~~~~~~~^~~~~~~~~~
../app/Screen.c: In function 'Screen_Init_Variable':
../app/Screen.c:974:57: warning: pointer targets in passing argument 3 of 'AT24Cxx_read_buffer' differ in signedness [-Wpointer-sign]
  974 |     AT24Cxx_read_buffer(&eeprom_ob,START_ADDR_WIFI_INFO,&wifi_info[0],DATA_LEN_WIFI_INFO);
      |                                                         ^~~~~~~~~~~~~
      |                                                         |
      |                                                         char *
In file included from ../app/app_eeprom.h:10,
                 from ../app/app_main.h:16,
                 from ../app/Screen.h:10:
../app/../lib/AT24Cxx.h:36:81: note: expected 'uint8_t *' {aka 'unsigned char *'} but argument is of type 'char *'
   36 | AT24Cxx_Status AT24Cxx_read_buffer(AT24Cxx_t *pDev, uint16_t mem_addr, uint8_t *data_ret, uint16_t buf_length);
      |                                                                        ~~~~~~~~~^~~~~~~~
../app/Screen.c: In function 'get_data_testing_ic':
../app/Screen.c:1117:28: warning: pointer targets in passing argument 2 of 'strncpy' differ in signedness [-Wpointer-sign]
 1117 |     strncpy(pin_count_str, temp_buf, pin_count_len);
      |                            ^~~~~~~~
      |                            |
      |                            uint8_t * {aka unsigned char *}
In file included from ../app/../Core/Inc/../../lib/ISO_TP/isotp.h:5,
                 from ../app/../Core/Inc/main.h:34,
                 from ../app/Screen.h:7:
C:\ST\STM32CubeIDE_1.16.0\STM32CubeIDE\plugins\com.st.stm32cube.ide.mcu.externaltools.gnu-tools-for-stm32.13.3.rel1.win32_1.0.0.202411081344\tools\bin/../lib/gcc/arm-none-eabi/13.3.1/../../../../arm-none-eabi/include/string.h:44:37: note: expected 'const char * restrict' but argument is of type 'uint8_t *' {aka 'unsigned char *'}
   44 | char    *strncpy (char *__restrict, const char *__restrict, size_t);
      |                                     ^
../app/Screen.c:1130:40: warning: pointer targets in passing argument 2 of 'strncpy' differ in signedness [-Wpointer-sign]
 1130 |     strncpy(test_count_str, first_pipe + 1, test_count_len);
      |                             ~~~~~~~~~~~^~~
      |                                        |
      |                                        uint8_t * {aka unsigned char *}
C:\ST\STM32CubeIDE_1.16.0\STM32CubeIDE\plugins\com.st.stm32cube.ide.mcu.externaltools.gnu-tools-for-stm32.13.3.rel1.win32_1.0.0.202411081344\tools\bin/../lib/gcc/arm-none-eabi/13.3.1/../../../../arm-none-eabi/include/string.h:44:37: note: expected 'const char * restrict' but argument is of type 'uint8_t *' {aka 'unsigned char *'}
   44 | char    *strncpy (char *__restrict, const char *__restrict, size_t);
      |                                     ^
../app/Screen.c: In function 'show_text_function_test':
../app/Screen.c:1196:13: warning: unused variable 'num_pin' [-Wunused-variable]
 1196 |     uint8_t num_pin = screen_obj->Program_Testx[index_program].num_pin;
      |             ^~~~~~~
../app/Screen.c: In function 'show_pulse':
../app/Screen.c:1421:33: warning: pointer targets in passing argument 5 of 'DWIN_Create_Basic_line' differ in signedness [-Wpointer-sign]
 1421 |                                 &(screen_obj->IC_Testerx[screen_obj->curr_device].data_clock[index_data]),
      |                                 ^~~~~~~~~~~~~~~~~~~~~~~~~~~~~~~~~~~~~~~~~~~~~~~~~~~~~~~~~~~~~~~~~~~~~~~~~
      |                                 |
      |                                 char *
../app/../lib/DWIN_HMI.h:35:108: note: expected 'uint8_t *' {aka 'unsigned char *'} but argument is of type 'char *'
   35 | void DWIN_Create_Basic_line(Dwin_t *pDwin, uint16_t VP_address, uint16_t x_base, uint16_t y_base, uint8_t *array_data, uint8_t size);
      |                                                                                                   ~~~~~~~~~^~~~~~~~~~
../app/Screen.c:1428:33: warning: pointer targets in passing argument 5 of 'DWIN_Create_Basic_line' differ in signedness [-Wpointer-sign]
 1428 |                                 &(screen_obj->IC_Testerx[screen_obj->curr_device].data_clock[index_data]),
      |                                 ^~~~~~~~~~~~~~~~~~~~~~~~~~~~~~~~~~~~~~~~~~~~~~~~~~~~~~~~~~~~~~~~~~~~~~~~~
      |                                 |
      |                                 char *
../app/../lib/DWIN_HMI.h:35:108: note: expected 'uint8_t *' {aka 'unsigned char *'} but argument is of type 'char *'
   35 | void DWIN_Create_Basic_line(Dwin_t *pDwin, uint16_t VP_address, uint16_t x_base, uint16_t y_base, uint8_t *array_data, uint8_t size);
      |                                                                                                   ~~~~~~~~~^~~~~~~~~~
../app/Screen.c:1433:33: warning: pointer targets in passing argument 5 of 'DWIN_Create_Basic_line' differ in signedness [-Wpointer-sign]
 1433 |                                 &(screen_obj->IC_Testerx[screen_obj->curr_device].data_clock[index_data]),
      |                                 ^~~~~~~~~~~~~~~~~~~~~~~~~~~~~~~~~~~~~~~~~~~~~~~~~~~~~~~~~~~~~~~~~~~~~~~~~
      |                                 |
      |                                 char *
../app/../lib/DWIN_HMI.h:35:108: note: expected 'uint8_t *' {aka 'unsigned char *'} but argument is of type 'char *'
   35 | void DWIN_Create_Basic_line(Dwin_t *pDwin, uint16_t VP_address, uint16_t x_base, uint16_t y_base, uint8_t *array_data, uint8_t size);
      |                                                                                                   ~~~~~~~~~^~~~~~~~~~
../app/Screen.c: In function 'show_main_page':
../app/Screen.c:1503:32: warning: passing argument 1 of 'DWIN_SetArray_Icon' from incompatible pointer type [-Wincompatible-pointer-types]
 1503 |             DWIN_SetArray_Icon(screen_obj,VP_ICON_DIRECTION_PIN,(uint8_t *)(_Screen.IC_Testerx[screen_obj->curr_device].config_pin),num_pin);
      |                                ^~~~~~~~~~
      |                                |
      |                                Screen_t *
../app/../lib/DWIN_HMI.h:32:33: note: expected 'Dwin_t *' but argument is of type 'Screen_t *'
   32 | void DWIN_SetArray_Icon(Dwin_t *pDwin, uint16_t VP_address_begin, uint8_t *data_array, uint8_t data_length );
      |                         ~~~~~~~~^~~~~
../app/Screen.c:1507:32: warning: passing argument 1 of 'DWIN_SetArray_Icon' from incompatible pointer type [-Wincompatible-pointer-types]
 1507 |             DWIN_SetArray_Icon(screen_obj,VP_ICON_RESULT,&(screen_obj->IC_Testerx[screen_obj->curr_device].icon_result[case_show * num_pin]),num_pin);
      |                                ^~~~~~~~~~
      |                                |
      |                                Screen_t *
../app/../lib/DWIN_HMI.h:32:33: note: expected 'Dwin_t *' but argument is of type 'Screen_t *'
   32 | void DWIN_SetArray_Icon(Dwin_t *pDwin, uint16_t VP_address_begin, uint8_t *data_array, uint8_t data_length );
      |                         ~~~~~~~~^~~~~
../app/Screen.c:1507:58: warning: pointer targets in passing argument 3 of 'DWIN_SetArray_Icon' differ in signedness [-Wpointer-sign]
 1507 |             DWIN_SetArray_Icon(screen_obj,VP_ICON_RESULT,&(screen_obj->IC_Testerx[screen_obj->curr_device].icon_result[case_show * num_pin]),num_pin);
      |                                                          ^~~~~~~~~~~~~~~~~~~~~~~~~~~~~~~~~~~~~~~~~~~~~~~~~~~~~~~~~~~~~~~~~~~~~~~~~~~~~~~~~~~
      |                                                          |
      |                                                          char *
../app/../lib/DWIN_HMI.h:32:76: note: expected 'uint8_t *' {aka 'unsigned char *'} but argument is of type 'char *'
   32 | void DWIN_SetArray_Icon(Dwin_t *pDwin, uint16_t VP_address_begin, uint8_t *data_array, uint8_t data_length );
      |                                                                   ~~~~~~~~~^~~~~~~~~~
../app/Screen.c: In function 'get_data_testing_finish':
../app/Screen.c:1582:32: warning: pointer targets in passing argument 2 of 'get_text_result' differ in signedness [-Wpointer-sign]
 1582 |     get_text_result(screen_obj,result_buffer,screen_obj->IC_Testerx[screen_obj->curr_device].curr_num_ic);
      |                                ^~~~~~~~~~~~~
      |                                |
      |                                uint8_t * {aka unsigned char *}
../app/Screen.c:1243:63: note: expected 'char *' but argument is of type 'uint8_t *' {aka 'unsigned char *'}
 1243 | static void get_text_result(Screen_t *const screen_obj, char *result_line, uint8_t cur_num_ic) {
      |                                                         ~~~~~~^~~~~~~~~~~
../app/Screen.c:1586:94: warning: pointer targets in passing argument 1 of 'strlen' differ in signedness [-Wpointer-sign]
 1586 |     strncat(screen_obj->IC_Testerx[screen_obj->curr_device].result_text,result_buffer,strlen(result_buffer));
      |                                                                                              ^~~~~~~~~~~~~
      |                                                                                              |
      |                                                                                              uint8_t * {aka unsigned char *}
C:\ST\STM32CubeIDE_1.16.0\STM32CubeIDE\plugins\com.st.stm32cube.ide.mcu.externaltools.gnu-tools-for-stm32.13.3.rel1.win32_1.0.0.202411081344\tools\bin/../lib/gcc/arm-none-eabi/13.3.1/../../../../arm-none-eabi/include/string.h:41:18: note: expected 'const char *' but argument is of type 'uint8_t *' {aka 'unsigned char *'}
   41 | size_t   strlen (const char *);
      |                  ^~~~~~~~~~~~
../app/Screen.c:1586:73: warning: pointer targets in passing argument 2 of 'strncat' differ in signedness [-Wpointer-sign]
 1586 |     strncat(screen_obj->IC_Testerx[screen_obj->curr_device].result_text,result_buffer,strlen(result_buffer));
      |                                                                         ^~~~~~~~~~~~~
      |                                                                         |
      |                                                                         uint8_t * {aka unsigned char *}
C:\ST\STM32CubeIDE_1.16.0\STM32CubeIDE\plugins\com.st.stm32cube.ide.mcu.externaltools.gnu-tools-for-stm32.13.3.rel1.win32_1.0.0.202411081344\tools\bin/../lib/gcc/arm-none-eabi/13.3.1/../../../../arm-none-eabi/include/string.h:42:37: note: expected 'const char * restrict' but argument is of type 'uint8_t *' {aka 'unsigned char *'}
   42 | char    *strncat (char *__restrict, const char *__restrict, size_t);
      |                                     ^
../app/Screen.c:1563:13: warning: unused variable 'buffer' [-Wunused-variable]
 1563 |     uint8_t buffer[200];
      |             ^~~~~~
../app/Screen.c: In function 'warning_page':
../app/Screen.c:1593:48: warning: format '%d' expects argument of type 'int', but argument 4 has type 'long unsigned int' [-Wformat=]
 1593 |     snprintf(buffer,sizeof(buffer),"IC Tester %d is not connected to the system. Please check the connection",(id_slave - 0x470));
      |                                               ~^                                                              ~~~~~~~~~~~~~~~~~~
      |                                                |                                                                        |
      |                                                int                                                                      long unsigned int
      |                                               %ld
arm-none-eabi-gcc -o "master.elf" @"objects.list"   -mcpu=cortex-m3 -T"F:\UTE\DATN\Code\master\STM32F103CBTX_FLASH.ld" --specs=nosys.specs -Wl,-Map="master.map" -Wl,--gc-sections -static --specs=nano.specs -mfloat-abi=soft -mthumb -u _printf_float -u _scanf_float -Wl,--start-group -lc -lm -Wl,--end-group
Finished building target: master.elf
 
arm-none-eabi-size  master.elf 
arm-none-eabi-objdump -h -S master.elf  > "master.list"
   text	   data	    bss	    dec	    hex	filename
 111024	    760	  16480	 128264	  1f508	master.elf
Finished building: default.size.stdout
 
Finished building: master.list
 

13:44:09 Build Finished. 0 errors, 19 warnings. (took 1s.490ms)

