19:54:07 **** Incremental Build of configuration Debug for project master_new ****
make -j12 all 
arm-none-eabi-gcc "../Core/Src/main.c" -mcpu=cortex-m4 -std=gnu11 -g3 -DDEBUG -DUSE_HAL_DRIVER -DSTM32F302xC -c -I../Core/Inc -I../Drivers/STM32F3xx_HAL_Driver/Inc/Legacy -I../Drivers/STM32F3xx_HAL_Driver/Inc -I../Drivers/CMSIS/Device/ST/STM32F3xx/Include -I../Drivers/CMSIS/Include -I../FATFS/Target -I../FATFS/App -I../Middlewares/Third_Party/FatFs/src -O0 -ffunction-sections -fdata-sections -Wall -fstack-usage -fcyclomatic-complexity -MMD -MP -MF"Core/Src/main.d" -MT"Core/Src/main.o" --specs=nano.specs -mfpu=fpv4-sp-d16 -mfloat-abi=hard -mthumb -o "Core/Src/main.o"
../Core/Src/main.c: In function 'HAL_UARTEx_RxEventCallback':
../Core/Src/main.c:656:36: warning: pointer targets in passing argument 1 of 'strlen' differ in signedness [-Wpointer-sign]
  656 |     RX_ESP32->data = malloc(strlen(dataRX_ESP32));
      |                                    ^~~~~~~~~~~~
      |                                    |
      |                                    uint8_t * {aka unsigned char *}
In file included from ../Core/Inc/../../lib/ISO_TP/isotp.h:5,
                 from ../Core/Inc/main.h:34,
                 from ../Core/Src/main.c:20:
C:\ST\STM32CubeIDE_1.16.0\STM32CubeIDE\plugins\com.st.stm32cube.ide.mcu.externaltools.gnu-tools-for-stm32.13.3.rel1.win32_1.0.0.202411081344\tools\bin/../lib/gcc/arm-none-eabi/13.3.1/../../../../arm-none-eabi/include/string.h:41:18: note: expected 'const char *' but argument is of type 'uint8_t *' {aka 'unsigned char *'}
   41 | size_t   strlen (const char *);
      |                  ^~~~~~~~~~~~
../Core/Src/main.c:657:47: warning: pointer targets in passing argument 1 of 'strlen' differ in signedness [-Wpointer-sign]
  657 |     memcpy(RX_ESP32->data,dataRX_ESP32,strlen(dataRX_ESP32));
      |                                               ^~~~~~~~~~~~
      |                                               |
      |                                               uint8_t * {aka unsigned char *}
C:\ST\STM32CubeIDE_1.16.0\STM32CubeIDE\plugins\com.st.stm32cube.ide.mcu.externaltools.gnu-tools-for-stm32.13.3.rel1.win32_1.0.0.202411081344\tools\bin/../lib/gcc/arm-none-eabi/13.3.1/../../../../arm-none-eabi/include/string.h:41:18: note: expected 'const char *' but argument is of type 'uint8_t *' {aka 'unsigned char *'}
   41 | size_t   strlen (const char *);
      |                  ^~~~~~~~~~~~
../Core/Src/main.c:658:28: warning: pointer targets in passing argument 1 of 'strlen' differ in signedness [-Wpointer-sign]
  658 |     RX_ESP32->len = strlen(dataRX_ESP32);
      |                            ^~~~~~~~~~~~
      |                            |
      |                            uint8_t * {aka unsigned char *}
C:\ST\STM32CubeIDE_1.16.0\STM32CubeIDE\plugins\com.st.stm32cube.ide.mcu.externaltools.gnu-tools-for-stm32.13.3.rel1.win32_1.0.0.202411081344\tools\bin/../lib/gcc/arm-none-eabi/13.3.1/../../../../arm-none-eabi/include/string.h:41:18: note: expected 'const char *' but argument is of type 'uint8_t *' {aka 'unsigned char *'}
   41 | size_t   strlen (const char *);
      |                  ^~~~~~~~~~~~
../Core/Src/main.c: In function 'HAL_CAN_ErrorCallback':
../Core/Src/main.c:726:18: warning: unused variable 'lastError' [-Wunused-variable]
  726 |         uint32_t lastError = HAL_CAN_GetError(hcan);
      |                  ^~~~~~~~~
arm-none-eabi-gcc -o "master_new.elf" @"objects.list"   -mcpu=cortex-m4 -T"F:\UTE\DATN\Code\master_new\STM32F302CCTX_FLASH.ld" --specs=nosys.specs -Wl,-Map="master_new.map" -Wl,--gc-sections -static --specs=nano.specs -mfpu=fpv4-sp-d16 -mfloat-abi=hard -mthumb -u _printf_float -u _scanf_float -Wl,--start-group -lc -lm -Wl,--end-group
Finished building target: master_new.elf
 
arm-none-eabi-size  master_new.elf 
arm-none-eabi-objdump -h -S master_new.elf  > "master_new.list"
   text	   data	    bss	    dec	    hex	filename
  83392	    760	   7696	  91848	  166c8	master_new.elf
Finished building: default.size.stdout
 
Finished building: master_new.list
 

19:54:10 Build Finished. 0 errors, 4 warnings. (took 2s.834ms)

