17:09:51 **** Incremental Build of configuration Debug for project testt ****
make -j12 all 
arm-none-eabi-gcc "../Core/Src/main.c" -mcpu=cortex-m4 -std=gnu11 -g3 -DDEBUG -DUSE_HAL_DRIVER -DSTM32F407xx -c -I../Core/Inc -I../Drivers/STM32F4xx_HAL_Driver/Inc -I../Drivers/STM32F4xx_HAL_Driver/Inc/Legacy -I../Drivers/CMSIS/Device/ST/STM32F4xx/Include -I../Drivers/CMSIS/Include -O0 -ffunction-sections -fdata-sections -Wall -fstack-usage -fcyclomatic-complexity -MMD -MP -MF"Core/Src/main.d" -MT"Core/Src/main.o" --specs=nano.specs -mfpu=fpv4-sp-d16 -mfloat-abi=hard -mthumb -o "Core/Src/main.o"
../Core/Src/main.c: In function 'main':
../Core/Src/main.c:223:21: warning: variable 'Control_IC_test' set but not used [-Wunused-but-set-variable]
  223 |   Control_IC_Test_t Control_IC_test;
      |                     ^~~~~~~~~~~~~~~
../Core/Src/main.c:169:11: warning: unused variable 'IC_test_data_2' [-Wunused-variable]
  169 |   uint8_t IC_test_data_2[20] = {0,0,2,0,0,0,0,0,2,1,0,2,0,0,0,0,0,0,0,1};  // 0
      |           ^~~~~~~~~~~~~~
../Core/Src/main.c:168:11: warning: unused variable 'IC_test_data_1' [-Wunused-variable]
  168 |   uint8_t IC_test_data_1[20] = {0,0,2,0,0,0,0,0,2,1,0,2,0,0,0,0,1,0,0,1};  // 0
      |           ^~~~~~~~~~~~~~
arm-none-eabi-gcc -o "testt.elf" @"objects.list"   -mcpu=cortex-m4 -T"F:\UTE\DATN\Code\testt\STM32F407VETX_FLASH.ld" --specs=nosys.specs -Wl,-Map="testt.map" -Wl,--gc-sections -static --specs=nano.specs -mfpu=fpv4-sp-d16 -mfloat-abi=hard -mthumb -u _printf_float -u _scanf_float -Wl,--start-group -lc -lm -Wl,--end-group
Finished building target: testt.elf
 
arm-none-eabi-size  testt.elf 
arm-none-eabi-objdump -h -S testt.elf  > "testt.list"
arm-none-eabi-objcopy  -O ihex testt.elf  "testt.hex"
   text	   data	    bss	    dec	    hex	filename
  42416	    696	   2696	  45808	   b2f0	testt.elf
Finished building: default.size.stdout
 
Finished building: testt.hex
 
Finished building: testt.list
 

17:09:53 Build Finished. 0 errors, 3 warnings. (took 1s.702ms)

