19:01:49 **** Incremental Build of configuration Debug for project Test_peripheral_f4 ****
make -j12 all 
arm-none-eabi-gcc "../Core/Src/main.c" -mcpu=cortex-m4 -std=gnu11 -g3 -DDEBUG -DUSE_HAL_DRIVER -DSTM32F407xx -c -I../Core/Inc -I../Drivers/STM32F4xx_HAL_Driver/Inc -I../Drivers/STM32F4xx_HAL_Driver/Inc/Legacy -I../Drivers/CMSIS/Device/ST/STM32F4xx/Include -I../Drivers/CMSIS/Include -O0 -ffunction-sections -fdata-sections -Wall -fstack-usage -fcyclomatic-complexity -MMD -MP -MF"Core/Src/main.d" -MT"Core/Src/main.o" --specs=nano.specs -mfpu=fpv4-sp-d16 -mfloat-abi=hard -mthumb -o "Core/Src/main.o"
arm-none-eabi-gcc -o "Test_peripheral_f4.elf" @"objects.list"   -mcpu=cortex-m4 -T"F:\UTE\DATN\Code\Test_peripheral_f4\STM32F407VETX_FLASH.ld" --specs=nosys.specs -Wl,-Map="Test_peripheral_f4.map" -Wl,--gc-sections -static --specs=nano.specs -mfpu=fpv4-sp-d16 -mfloat-abi=hard -mthumb -Wl,--start-group -lc -lm -Wl,--end-group
Finished building target: Test_peripheral_f4.elf
 
arm-none-eabi-size  Test_peripheral_f4.elf 
arm-none-eabi-objdump -h -S Test_peripheral_f4.elf  > "Test_peripheral_f4.list"
   text	   data	    bss	    dec	    hex	filename
  10088	     12	   1684	  11784	   2e08	Test_peripheral_f4.elf
Finished building: default.size.stdout
 
Finished building: Test_peripheral_f4.list
 

19:01:51 Build Finished. 0 errors, 0 warnings. (took 1s.146ms)

