23:46:38 **** Incremental Build of configuration Debug for project testt ****
make -j12 all 
arm-none-eabi-gcc "../Core/Src/Control_IC.c" -mcpu=cortex-m4 -std=gnu11 -g3 -DDEBUG -DUSE_HAL_DRIVER -DSTM32F407xx -c -I../Core/Inc -I../Drivers/STM32F4xx_HAL_Driver/Inc -I../Drivers/STM32F4xx_HAL_Driver/Inc/Legacy -I../Drivers/CMSIS/Device/ST/STM32F4xx/Include -I../Drivers/CMSIS/Include -O0 -ffunction-sections -fdata-sections -Wall -fstack-usage -fcyclomatic-complexity -MMD -MP -MF"Core/Src/Control_IC.d" -MT"Core/Src/Control_IC.o" --specs=nano.specs -mfpu=fpv4-sp-d16 -mfloat-abi=hard -mthumb -o "Core/Src/Control_IC.o"
arm-none-eabi-gcc "../Core/Src/main.c" -mcpu=cortex-m4 -std=gnu11 -g3 -DDEBUG -DUSE_HAL_DRIVER -DSTM32F407xx -c -I../Core/Inc -I../Drivers/STM32F4xx_HAL_Driver/Inc -I../Drivers/STM32F4xx_HAL_Driver/Inc/Legacy -I../Drivers/CMSIS/Device/ST/STM32F4xx/Include -I../Drivers/CMSIS/Include -O0 -ffunction-sections -fdata-sections -Wall -fstack-usage -fcyclomatic-complexity -MMD -MP -MF"Core/Src/main.d" -MT"Core/Src/main.o" --specs=nano.specs -mfpu=fpv4-sp-d16 -mfloat-abi=hard -mthumb -o "Core/Src/main.o"
../Core/Src/Control_IC.c: In function 'convert_data_compare':
../Core/Src/Control_IC.c:392:1: warning: control reaches end of non-void function [-Wreturn-type]
  392 | }
      | ^
../Core/Src/Control_IC.c: In function 'convert_character_input':
../Core/Src/Control_IC.c:418:1: warning: control reaches end of non-void function [-Wreturn-type]
  418 | }
      | ^
../Core/Src/main.c: In function 'main':
../Core/Src/main.c:317:48: warning: assignment to 'uint8_t *' {aka 'unsigned char *'} from incompatible pointer type 'uint8_t (*)[20]' {aka 'unsigned char (*)[20]'} [-Wincompatible-pointer-types]
  317 |           Control_IC_test.data_control_testing = &Data_test_short_circuit;
      |                                                ^
../Core/Src/main.c:369:34: warning: pointer targets in passing argument 1 of 'strtok' differ in signedness [-Wpointer-sign]
  369 |           ptr_data_test = strtok(copy_buf,"\n");
      |                                  ^~~~~~~~
      |                                  |
      |                                  uint8_t * {aka unsigned char *}
In file included from ../Core/Inc/main.h:35,
                 from ../Core/Src/main.c:20:
C:\ST\STM32CubeIDE_1.16.0\STM32CubeIDE\plugins\com.st.stm32cube.ide.mcu.externaltools.gnu-tools-for-stm32.13.3.rel1.win32_1.0.0.202411081344\tools\bin/../lib/gcc/arm-none-eabi/13.3.1/../../../../arm-none-eabi/include/string.h:50:18: note: expected 'char * restrict' but argument is of type 'uint8_t *' {aka 'unsigned char *'}
   50 | char    *strtok (char *__restrict, const char *__restrict);
      |                  ^
../Core/Src/main.c:415:34: warning: pointer targets in passing argument 1 of 'strtok' differ in signedness [-Wpointer-sign]
  415 |           ptr_data_test = strtok(copy_buf,"\n");
      |                                  ^~~~~~~~
      |                                  |
      |                                  uint8_t * {aka unsigned char *}
C:\ST\STM32CubeIDE_1.16.0\STM32CubeIDE\plugins\com.st.stm32cube.ide.mcu.externaltools.gnu-tools-for-stm32.13.3.rel1.win32_1.0.0.202411081344\tools\bin/../lib/gcc/arm-none-eabi/13.3.1/../../../../arm-none-eabi/include/string.h:50:18: note: expected 'char * restrict' but argument is of type 'uint8_t *' {aka 'unsigned char *'}
   50 | char    *strtok (char *__restrict, const char *__restrict);
      |                  ^
../Core/Src/main.c:181:11: warning: unused variable 'IC_test_data_2' [-Wunused-variable]
  181 |   uint8_t IC_test_data_2[20] = {0,0,2,0,0,0,0,0,2,1,0,2,0,0,0,0,0,0,0,1};  // 0
      |           ^~~~~~~~~~~~~~
../Core/Src/main.c:180:11: warning: unused variable 'IC_test_data_1' [-Wunused-variable]
  180 |   uint8_t IC_test_data_1[20] = {0,0,2,0,0,0,0,0,2,1,0,2,0,0,0,0,1,0,0,1};  // 0
      |           ^~~~~~~~~~~~~~
arm-none-eabi-gcc -o "testt.elf" @"objects.list"   -mcpu=cortex-m4 -T"F:\UTE\DATN\Code\testt\STM32F407VETX_FLASH.ld" --specs=nosys.specs -Wl,-Map="testt.map" -Wl,--gc-sections -static --specs=nano.specs -mfpu=fpv4-sp-d16 -mfloat-abi=hard -mthumb -u _printf_float -u _scanf_float -Wl,--start-group -lc -lm -Wl,--end-group
Finished building target: testt.elf
 
arm-none-eabi-size  testt.elf 
arm-none-eabi-objdump -h -S testt.elf  > "testt.list"
arm-none-eabi-objcopy  -O ihex testt.elf  "testt.hex"
   text	   data	    bss	    dec	    hex	filename
  54600	    848	   4504	  59952	   ea30	testt.elf
Finished building: default.size.stdout
 
Finished building: testt.hex
 
Finished building: testt.list
 

23:46:40 Build Finished. 0 errors, 7 warnings. (took 2s.252ms)

