../app/Screen.c:55:6:Screen_begin	136	static
../app/Screen.c:145:6:Screen_RX_data	16	static
../app/Screen.c:149:6:Screen_RX_Callback	24	static
../app/Screen.c:166:6:Navigation_setting_page	16	static
../app/Screen.c:170:6:Navigation_home_page	24	static
../app/Screen.c:179:6:Navigation_setting_program	16	static
../app/Screen.c:190:6:Navigation_setting_time	16	static
../app/Screen.c:196:6:Navigation_modify_program	24	static
../app/Screen.c:205:6:Navigation_Change_MainPage	32	static
../app/Screen.c:238:6:Navigation_Change_CaseTest	64	static
../app/Screen.c:260:6:Navigation_Next_PrevPage	16	static
../app/Screen.c:264:6:ON_OFF_Button	16	static
../app/Screen.c:274:6:select_running_program	24	static
../app/Screen.c:281:6:select_modify_program	40	static
../app/Screen.c:302:6:Navigation_num_keyboard	56	static
../app/Screen.c:321:6:Navigation_full_keyboard	16	static
../app/Screen.c:335:6:Save_Information	16	static
../app/Screen.c:339:6:Enter_password	56	dynamic
../app/Screen.c:354:6:Enter_num_keyboard	24	static
../app/Screen.c:375:6:Keyboard	16	static
../app/Screen.c:416:9:Index_VP	32	static
../app/Screen.c:435:6:Screen_init_handler_table	16	static
../app/Screen.c:480:6:Screen_excute_RX_function	24	static
../app/Screen.c:501:15:Screen_CheckInput_Keyboard	80	dynamic
../app/Screen.c:531:6:Screen_GetIcon_Pin	160	static
../app/Screen.c:557:6:Screen_SetIcon_Pin	16	static
../app/Screen.c:561:6:Screen_GetIcon_Result	160	static
../app/Screen.c:585:6:Screen_Init_Variable	24	static
../app/Screen.c:634:6:Screen_ShowData_Mainpage	48	static
../app/Screen.c:663:6:Screen_SetInfo_Pin	32	static
